Archive member included to satisfy reference by file (symbol)

code/application/lib/lvgl/lib/liblvgl.a(lv_obj.c.obj)
                              CMakeFiles/application.dir/code/application/app/src/ui.c.obj (lv_obj_create)
code/application/lib/lvgl/lib/liblvgl.a(lv_obj_class.c.obj)
                              code/application/lib/lvgl/lib/liblvgl.a(lv_obj.c.obj) (lv_obj_class_create_obj)
code/application/lib/lvgl/lib/liblvgl.a(lv_obj_draw.c.obj)
                              code/application/lib/lvgl/lib/liblvgl.a(lv_obj.c.obj) (lv_obj_init_draw_rect_dsc)
code/application/lib/lvgl/lib/liblvgl.a(lv_obj_event.c.obj)
                              code/application/lib/lvgl/lib/liblvgl.a(lv_obj.c.obj) (lv_obj_send_event)
code/application/lib/lvgl/lib/liblvgl.a(lv_obj_pos.c.obj)
                              CMakeFiles/application.dir/code/application/app/src/ui.c.obj (lv_obj_set_size)
code/application/lib/lvgl/lib/liblvgl.a(lv_obj_scroll.c.obj)
                              CMakeFiles/application.dir/code/application/app/src/ui.c.obj (lv_obj_set_scroll_dir)
code/application/lib/lvgl/lib/liblvgl.a(lv_obj_style.c.obj)
                              code/application/lib/lvgl/lib/liblvgl.a(lv_obj.c.obj) (lv_obj_enable_style_refresh)
code/application/lib/lvgl/lib/liblvgl.a(lv_obj_style_gen.c.obj)
                              code/application/lib/lvgl/lib/liblvgl.a(lv_obj_pos.c.obj) (lv_obj_set_style_width)
code/application/lib/lvgl/lib/liblvgl.a(lv_obj_tree.c.obj)
                              code/application/lib/lvgl/lib/liblvgl.a(lv_obj.c.obj) (lv_obj_delete)
code/application/lib/lvgl/lib/liblvgl.a(lv_refr.c.obj)
                              code/application/lib/lvgl/lib/liblvgl.a(lv_obj_pos.c.obj) (lv_inv_area)
code/application/lib/lvgl/lib/liblvgl.a(lv_display.c.obj)
                              CMakeFiles/application.dir/code/application/app/src/ui.c.obj (lv_display_create)
code/application/lib/lvgl/lib/liblvgl.a(lv_draw.c.obj)
                              code/application/lib/lvgl/lib/liblvgl.a(lv_refr.c.obj) (lv_draw_dispatch)
code/application/lib/lvgl/lib/liblvgl.a(lv_draw_blur.c.obj)
                              code/application/lib/lvgl/lib/liblvgl.a(lv_obj.c.obj) (lv_draw_blur_dsc_init)
code/application/lib/lvgl/lib/liblvgl.a(lv_draw_buf.c.obj)
                              code/application/lib/lvgl/lib/liblvgl.a(lv_refr.c.obj) (lv_draw_buf_width_to_stride)
code/application/lib/lvgl/lib/liblvgl.a(lv_draw_image.c.obj)
                              code/application/lib/lvgl/lib/liblvgl.a(lv_refr.c.obj) (lv_draw_image_dsc_init)
code/application/lib/lvgl/lib/liblvgl.a(lv_draw_label.c.obj)
                              code/application/lib/lvgl/lib/liblvgl.a(lv_draw.c.obj) (lv_draw_task_get_label_dsc)
code/application/lib/lvgl/lib/liblvgl.a(lv_draw_mask.c.obj)
                              code/application/lib/lvgl/lib/liblvgl.a(lv_refr.c.obj) (lv_draw_mask_rect_dsc_init)
code/application/lib/lvgl/lib/liblvgl.a(lv_draw_rect.c.obj)
                              code/application/lib/lvgl/lib/liblvgl.a(lv_obj.c.obj) (lv_draw_rect_dsc_init)
code/application/lib/lvgl/lib/liblvgl.a(lv_image_decoder.c.obj)
                              code/application/lib/lvgl/lib/liblvgl.a(lv_draw_image.c.obj) (lv_image_decoder_get_info)
code/application/lib/lvgl/lib/liblvgl.a(lv_draw_sw_mask.c.obj)
                              code/application/lib/lvgl/lib/liblvgl.a(lv_refr.c.obj) (lv_draw_sw_mask_cleanup)
code/application/lib/lvgl/lib/liblvgl.a(lv_font.c.obj)
                              code/application/lib/lvgl/lib/liblvgl.a(lv_draw_label.c.obj) (lv_font_get_glyph_bitmap)
code/application/lib/lvgl/lib/liblvgl.a(lv_indev.c.obj)
                              CMakeFiles/application.dir/code/application/app/src/ui.c.obj (lv_indev_create)
code/application/lib/lvgl/lib/liblvgl.a(lv_indev_scroll.c.obj)
                              code/application/lib/lvgl/lib/liblvgl.a(lv_indev.c.obj) (lv_indev_scroll_throw_handler)
code/application/lib/lvgl/lib/liblvgl.a(lv_layout.c.obj)
                              code/application/lib/lvgl/lib/liblvgl.a(lv_obj_pos.c.obj) (lv_layout_apply)
code/application/lib/lvgl/lib/liblvgl.a(lv_freetype.c.obj)
                              CMakeFiles/application.dir/code/application/app/src/ui.c.obj (lv_freetype_font_create)
code/application/lib/lvgl/lib/liblvgl.a(lv_freetype_glyph.c.obj)
                              code/application/lib/lvgl/lib/liblvgl.a(lv_freetype.c.obj) (lv_freetype_create_glyph_cache)
code/application/lib/lvgl/lib/liblvgl.a(lv_freetype_image.c.obj)
                              code/application/lib/lvgl/lib/liblvgl.a(lv_freetype.c.obj) (lv_freetype_create_draw_data_image)
code/application/lib/lvgl/lib/liblvgl.a(lv_freetype_outline.c.obj)
                              code/application/lib/lvgl/lib/liblvgl.a(lv_freetype.c.obj) (lv_freetype_create_draw_data_outline)
code/application/lib/lvgl/lib/liblvgl.a(lv_init.c.obj)
[...]
Memory Configuration

Name             Origin             Length             Attributes
RAM              0x20000000         0x00020000         xrw
CCMRAM           0x10000000         0x00010000         xrw
FLASH            0x08010000         0x000f0000         xr
EXTSRAM_LVGL     0x60000000         0x00100000         xrw
*default*        0x00000000         0xffffffff

Linker script and memory map

LOAD F:/Compilation_toolchain/13.3 rel1/bin/../lib/gcc/arm-none-eabi/13.3.1/thumb/v7e-m+fp/hard/crti.o
LOAD F:/Compilation_toolchain/13.3 rel1/bin/../lib/gcc/arm-none-eabi/13.3.1/thumb/v7e-m+fp/hard/crtbegin.o
LOAD F:/Compilation_toolchain/13.3 rel1/bin/../lib/gcc/arm-none-eabi/13.3.1/thumb/v7e-m+fp/hard/crt0.o
START GROUP
END GROUP
START GROUP
LOAD F:/Compilation_toolchain/13.3 rel1/bin/../lib/gcc/arm-none-eabi/13.3.1/thumb/v7e-m+fp/hard\libstdc++_nano.a
LOAD F:/Compilation_toolchain/13.3 rel1/bin/../lib/gcc/arm-none-eabi/13.3.1/thumb/v7e-m+fp/hard\libsupc++_nano.a
END GROUP
LOAD CMakeFiles/application.dir/code/application/app/src/callback.c.obj
LOAD CMakeFiles/application.dir/code/application/app/src/fault_handler.c.obj
LOAD CMakeFiles/application.dir/code/application/app/src/fs.c.obj
LOAD CMakeFiles/application.dir/code/application/app/src/iap.c.obj
LOAD CMakeFiles/application.dir/code/application/app/src/mytask.c.obj
LOAD CMakeFiles/application.dir/code/application/app/src/ui.c.obj
LOAD CMakeFiles/application.dir/code/application/bsp/src/buzzer.c.obj
LOAD CMakeFiles/application.dir/code/application/bsp/src/debug.c.obj
LOAD CMakeFiles/application.dir/code/application/bsp/src/delay.c.obj
LOAD CMakeFiles/application.dir/code/application/bsp/src/encoder.c.obj
LOAD CMakeFiles/application.dir/code/application/bsp/src/esp8266.c.obj
LOAD CMakeFiles/application.dir/code/application/bsp/src/fifo.c.obj
LOAD CMakeFiles/application.dir/code/application/bsp/src/heap.c.obj
LOAD CMakeFiles/application.dir/code/application/bsp/src/ili9341_reg.c.obj
LOAD CMakeFiles/application.dir/code/application/bsp/src/lcd.c.obj
LOAD CMakeFiles/application.dir/code/application/bsp/src/lv_port_fs.c.obj
LOAD CMakeFiles/application.dir/code/application/bsp/src/matrix.c.obj
LOAD CMakeFiles/application.dir/code/application/bsp/src/touch.c.obj
LOAD CMakeFiles/application.dir/code/application/bsp/src/w25qxx.c.obj
LOAD CMakeFiles/application.dir/Core/Src/main.c.obj
LOAD CMakeFiles/application.dir/Core/Src/gpio.c.obj
LOAD CMakeFiles/application.dir/Core/Src/freertos.c.obj
LOAD CMakeFiles/application.dir/Core/Src/dma.c.obj
LOAD CMakeFiles/application.dir/Core/Src/fsmc.c.obj
LOAD CMakeFiles/application.dir/Core/Src/sdio.c.obj
LOAD CMakeFiles/application.dir/Core/Src/spi.c.obj
LOAD CMakeFiles/application.dir/Core/Src/tim.c.obj
LOAD CMakeFiles/application.dir/Core/Src/usart.c.obj
LOAD CMakeFiles/application.dir/Core/Src/stm32f4xx_it.c.obj
LOAD CMakeFiles/application.dir/Core/Src/stm32f4xx_hal_msp.c.obj
LOAD CMakeFiles/application.dir/Core/Src/stm32f4xx_hal_timebase_tim.c.obj
LOAD CMakeFiles/application.dir/FATFS/Target/bsp_driver_sd.c.obj
LOAD CMakeFiles/application.dir/FATFS/Target/sd_diskio.c.obj
LOAD CMakeFiles/application.dir/FATFS/Target/user_diskio.c.obj
LOAD CMakeFiles/application.dir/FATFS/App/fatfs.c.obj
LOAD CMakeFiles/application.dir/Drivers/STM32F4xx_HAL_Driver/Src/stm32f4xx_hal_rcc.c.obj
LOAD CMakeFiles/application.dir/Drivers/STM32F4xx_HAL_Driver/Src/stm32f4xx_hal_rcc_ex.c.obj
LOAD CMakeFiles/application.dir/Drivers/STM32F4xx_HAL_Driver/Src/stm32f4xx_hal_flash.c.obj
LOAD CMakeFiles/application.dir/Drivers/STM32F4xx_HAL_Driver/Src/stm32f4xx_hal_flash_ex.c.obj
LOAD CMakeFiles/application.dir/Drivers/STM32F4xx_HAL_Driver/Src/stm32f4xx_hal_flash_ramfunc.c.obj
LOAD CMakeFiles/application.dir/Drivers/STM32F4xx_HAL_Driver/Src/stm32f4xx_hal_gpio.c.obj
LOAD CMakeFiles/application.dir/Drivers/STM32F4xx_HAL_Driver/Src/stm32f4xx_hal_dma_ex.c.obj
LOAD CMakeFiles/application.dir/Drivers/STM32F4xx_HAL_Driver/Src/stm32f4xx_hal_dma.c.obj
LOAD CMakeFiles/application.dir/Drivers/STM32F4xx_HAL_Driver/Src/stm32f4xx_hal_pwr.c.obj
LOAD CMakeFiles/application.dir/Drivers/STM32F4xx_HAL_Driver/Src/stm32f4xx_hal_pwr_ex.c.obj
LOAD CMakeFiles/application.dir/Drivers/STM32F4xx_HAL_Driver/Src/stm32f4xx_hal_cortex.c.obj
LOAD CMakeFiles/application.dir/Drivers/STM32F4xx_HAL_Driver/Src/stm32f4xx_hal.c.obj
LOAD CMakeFiles/application.dir/Drivers/STM32F4xx_HAL_Driver/Src/stm32f4xx_hal_exti.c.obj
LOAD CMakeFiles/application.dir/Drivers/STM32F4xx_HAL_Driver/Src/stm32f4xx_ll_fsmc.c.obj
LOAD CMakeFiles/application.dir/Drivers/STM32F4xx_HAL_Driver/Src/stm32f4xx_hal_sram.c.obj
LOAD CMakeFiles/application.dir/Drivers/STM32F4xx_HAL_Driver/Src/stm32f4xx_ll_sdmmc.c.obj
LOAD CMakeFiles/application.dir/Drivers/STM32F4xx_HAL_Driver/Src/stm32f4xx_hal_sd.c.obj
LOAD CMakeFiles/application.dir/Drivers/STM32F4xx_HAL_Driver/Src/stm32f4xx_hal_spi.c.obj
LOAD CMakeFiles/application.dir/Drivers/STM32F4xx_HAL_Driver/Src/stm32f4xx_hal_tim.c.obj
LOAD CMakeFiles/application.dir/Drivers/STM32F4xx_HAL_Driver/Src/stm32f4xx_hal_tim_ex.c.obj
LOAD CMakeFiles/application.dir/Drivers/STM32F4xx_HAL_Driver/Src/stm32f4xx_hal_uart.c.obj
LOAD CMakeFiles/application.dir/Core/Src/system_stm32f4xx.c.obj
LOAD CMakeFiles/application.dir/Middlewares/Third_Party/FatFs/src/diskio.c.obj
LOAD CMakeFiles/application.dir/Middlewares/Third_Party/FatFs/src/ff.c.obj
LOAD CMakeFiles/application.dir/Middlewares/Third_Party/FatFs/src/ff_gen_drv.c.obj
LOAD CMakeFiles/application.dir/Middlewares/Third_Party/FatFs/src/option/syscall.c.obj
LOAD CMakeFiles/application.dir/Middlewares/Third_Party/FatFs/src/option/cc936.c.obj
LOAD CMakeFiles/application.dir/Middlewares/Third_Party/FreeRTOS/Source/croutine.c.obj
LOAD CMakeFiles/application.dir/Middlewares/Third_Party/FreeRTOS/Source/event_groups.c.obj
LOAD CMakeFiles/application.dir/Middlewares/Third_Party/FreeRTOS/Source/list.c.obj
LOAD CMakeFiles/application.dir/Middlewares/Third_Party/FreeRTOS/Source/queue.c.obj
LOAD CMakeFiles/application.dir/Middlewares/Third_Party/FreeRTOS/Source/stream_buffer.c.obj
LOAD CMakeFiles/application.dir/Middlewares/Third_Party/FreeRTOS/Source/tasks.c.obj
LOAD CMakeFiles/application.dir/Middlewares/Third_Party/FreeRTOS/Source/timers.c.obj
LOAD CMakeFiles/application.dir/Middlewares/Third_Party/FreeRTOS/Source/CMSIS_RTOS_V2/cmsis_os2.c.obj
LOAD CMakeFiles/application.dir/Middlewares/Third_Party/FreeRTOS/Source/portable/MemMang/heap_4.c.obj
LOAD CMakeFiles/application.dir/Middlewares/Third_Party/FreeRTOS/Source/portable/GCC/ARM_CM4F/port.c.obj
LOAD CMakeFiles/application.dir/Core/Src/sysmem.c.obj
LOAD CMakeFiles/application.dir/Core/Src/syscalls.c.obj
LOAD CMakeFiles/application.dir/startup_stm32f407xx.s.obj
LOAD code/application/lib/lvgl/lib/liblvgl.a
LOAD code/application/lib/lvgl/lib/liblvgl_thorvg.a
LOAD code/application/lib/lvgl/lib/liblvgl_examples.a
LOAD code/application/lib/lvgl/lib/liblvgl_demos.a
LOAD code/application/lib/lvgl/lib/liblvgl.a
LOAD code/application/lib/lvgl/lib/liblvgl_thorvg.a
LOAD code/application/lib/lvgl/lib/liblvgl_examples.a
LOAD code/application/lib/lvgl/lib/liblvgl_demos.a
LOAD code/application/lib/freetype-2.14.3/libfreetype.a
LOAD F:/Compilation_toolchain/13.3 rel1/bin/../lib/gcc/arm-none-eabi/13.3.1/thumb/v7e-m+fp/hard\libstdc++_nano.a
LOAD F:/Compilation_toolchain/13.3 rel1/bin/../lib/gcc/arm-none-eabi/13.3.1/thumb/v7e-m+fp/hard\libm.a
LOAD F:/Compilation_toolchain/13.3 rel1/bin/../lib/gcc/arm-none-eabi/13.3.1/thumb/v7e-m+fp/hard\libc_nano.a
START GROUP
LOAD F:/Compilation_toolchain/13.3 rel1/bin/../lib/gcc/arm-none-eabi/13.3.1/thumb/v7e-m+fp/hard\libgcc.a
LOAD F:/Compilation_toolchain/13.3 rel1/bin/../lib/gcc/arm-none-eabi/13.3.1/thumb/v7e-m+fp/hard\libg_nano.a
LOAD F:/Compilation_toolchain/13.3 rel1/bin/../lib/gcc/arm-none-eabi/13.3.1/thumb/v7e-m+fp/hard\libc_nano.a
END GROUP
START GROUP
LOAD F:/Compilation_toolchain/13.3 rel1/bin/../lib/gcc/arm-none-eabi/13.3.1/thumb/v7e-m+fp/hard\libgcc.a
LOAD F:/Compilation_toolchain/13.3 rel1/bin/../lib/gcc/arm-none-eabi/13.3.1/thumb/v7e-m+fp/hard\libc_nano.a
END GROUP
LOAD F:/Compilation_toolchain/13.3 rel1/bin/../lib/gcc/arm-none-eabi/13.3.1/thumb/v7e-m+fp/hard/crtend.o
LOAD F:/Compilation_toolchain/13.3 rel1/bin/../lib/gcc/arm-none-eabi/13.3.1/thumb/v7e-m+fp/hard/crtn.o
                0x20020000                        _estack = (ORIGIN (RAM) + LENGTH (RAM))
                0x00000200                        _Min_Heap_Size = 0x200
                0x00001500                        _Min_Stack_Size = 0x1500

.isr_vector     0x08010000      0x188
                0x08010000                        . = ALIGN (0x4)
 *(.isr_vector)
 .isr_vector    0x08010000      0x188 CMakeFiles/application.dir/startup_stm32f407xx.s.obj
                0x08010000                g_pfnVectors
                0x08010188                        . = ALIGN (0x4)

.text           0x08010190    0x82908
                0x08010190                        . = ALIGN (0x4)
 *(.text)
 .text          0x08010190       0x24 F:/Compilation_toolchain/13.3 rel1/bin/../lib/gcc/arm-none-eabi/13.3.1/thumb/v7e-m+fp/hard\libc_nano.a(libc_a-setjmp.o)
                0x08010190                setjmp
                0x080101a0                longjmp
 .text          0x080101b4       0x14 F:/Compilation_toolchain/13.3 rel1/bin/../lib/gcc/arm-none-eabi/13.3.1/thumb/v7e-m+fp/hard\libc_nano.a(libc_a-strcmp.o)
                0x080101b4                strcmp
 *fill*         0x080101c8        0x8 
 .text          0x080101d0       0xa0 F:/Compilation_toolchain/13.3 rel1/bin/../lib/gcc/arm-none-eabi/13.3.1/thumb/v7e-m+fp/hard\libc_nano.a(libc_a-memchr.o)
                0x080101d0                memchr
 .text          0x08010270       0x10 F:/Compilation_toolchain/13.3 rel1/bin/../lib/gcc/arm-none-eabi/13.3.1/thumb/v7e-m+fp/hard\libc_nano.a(libc_a-strlen.o)
                0x08010270                strlen
 .text          0x08010280      0x378 F:/Compilation_toolchain/13.3 rel1/bin/../lib/gcc/arm-none-eabi/13.3.1/thumb/v7e-m+fp/hard\libgcc.a(_arm_addsubdf3.o)
                0x08010280                __aeabi_drsub
                0x08010288                __subdf3
                0x08010288                __aeabi_dsub
                0x0801028c                __aeabi_dadd
                0x0801028c                __adddf3
                0x08010504                __floatunsidf
                0x08010504                __aeabi_ui2d
                0x08010524                __aeabi_i2d
                0x08010524                __floatsidf
                0x08010548                __extendsfdf2
                0x08010548                __aeabi_f2d
                0x0801058c                __floatundidf
                0x0801058c                __aeabi_ul2d
                0x0801059c                __aeabi_l2d
                0x0801059c                __floatdidf
 .text          0x080105f8      0x424 F:/Compilation_toolchain/13.3 rel1/bin/../lib/gcc/arm-none-eabi/13.3.1/thumb/v7e-m+fp/hard\libgcc.a(_arm_muldivdf3.o)
                0x080105f8                __aeabi_dmul
                0x080105f8                __muldf3
                0x0801084c                __divdf3
                0x0801084c                __aeabi_ddiv
 .text          0x08010a1c      0x110 F:/Compilation_toolchain/13.3 rel1/bin/../lib/gcc/arm-none-eabi/13.3.1/thumb/v7e-m+fp/hard\libgcc.a(_arm_cmpdf2.o)
                0x08010a1c                __gtdf2
                0x08010a1c                __gedf2
                0x08010a24                __ltdf2
                0x08010a24                __ledf2
                0x08010a2c                __nedf2
                0x08010a2c                __cmpdf2
                0x08010a2c                __eqdf2
                0x08010aa8                __aeabi_cdrcmple
                0x08010ab8                __aeabi_cdcmple
                0x08010ab8                __aeabi_cdcmpeq
                0x08010ac8                __aeabi_dcmpeq
                0x08010adc                __aeabi_dcmplt
                0x08010af0                __aeabi_dcmple
                0x08010b04                __aeabi_dcmpge
                0x08010b18                __aeabi_dcmpgt
 .text          0x08010b2c       0x2c F:/Compilation_toolchain/13.3 rel1/bin/../lib/gcc/arm-none-eabi/13.3.1/thumb/v7e-m+fp/hard\libgcc.a(_arm_unorddf2.o)
                0x08010b2c                __unorddf2
                0x08010b2c                __aeabi_dcmpun
 .text          0x08010b58       0x50 F:/Compilation_toolchain/13.3 rel1/bin/../lib/gcc/arm-none-eabi/13.3.1/thumb/v7e-m+fp/hard\libgcc.a(_arm_fixdfsi.o)
                0x08010b58                __fixdfsi
                0x08010b58                __aeabi_d2iz
 .text          0x08010ba8       0x40 F:/Compilation_toolchain/13.3 rel1/bin/../lib/gcc/arm-none-eabi/13.3.1/thumb/v7e-m+fp/hard\libgcc.a(_arm_fixunsdfsi.o)
                0x08010ba8                __fixunsdfsi
                0x08010ba8                __aeabi_d2uiz
 .text          0x08010be8       0xa0 F:/Compilation_toolchain/13.3 rel1/bin/../lib/gcc/arm-none-eabi/13.3.1/thumb/v7e-m+fp/hard\libgcc.a(_arm_truncdfsf2.o)
                0x08010be8                __truncdfsf2
                0x08010be8                __aeabi_d2f
 .text          0x08010c88       0xa0 F:/Compilation_toolchain/13.3 rel1/bin/../lib/gcc/arm-none-eabi/13.3.1/thumb/v7e-m+fp/hard\libgcc.a(_aeabi_ldivmod.o)
                0x08010c88                __aeabi_ldivmod
 .text          0x08010d28       0x30 F:/Compilation_toolchain/13.3 rel1/bin/../lib/gcc/arm-none-eabi/13.3.1/thumb/v7e-m+fp/hard\libgcc.a(_aeabi_uldivmod.o)
                0x08010d28                __aeabi_uldivmod
 .text          0x08010d58      0x1ac F:/Compilation_toolchain/13.3 rel1/bin/../lib/gcc/arm-none-eabi/13.3.1/thumb/v7e-m+fp/hard\libgcc.a(libunwind.o)
                0x08010d58                __restore_core_regs
                0x08010d58                restore_core_regs
                0x08010d70                __gnu_Unwind_Restore_VFP
                0x08010d78                __gnu_Unwind_Save_VFP
                0x08010d80                __gnu_Unwind_Restore_VFP_D
                0x08010d88                __gnu_Unwind_Save_VFP_D
                0x08010d90                __gnu_Unwind_Restore_VFP_D_16_to_31
                0x08010d98                __gnu_Unwind_Save_VFP_D_16_to_31
                0x08010da0                __gnu_Unwind_Restore_WMMXD
                0x08010de4                __gnu_Unwind_Save_WMMXD
                0x08010e28                __gnu_Unwind_Restore_WMMXC
                0x08010e3c                __gnu_Unwind_Save_WMMXC
                0x08010e50                ___Unwind_RaiseException
                0x08010e50                _Unwind_RaiseException
                0x08010e74                ___Unwind_Resume
                0x08010e74                _Unwind_Resume
                0x08010e98                ___Unwind_Resume_or_Rethrow
                0x08010e98                _Unwind_Resume_or_Rethrow
                0x08010ebc                _Unwind_ForcedUnwind
                0x08010ebc                ___Unwind_ForcedUnwind
                0x08010ee0                ___Unwind_Backtrace
                0x08010ee0                _Unwind_Backtrace
 .text          0x08010f04        0x4 F:/Compilation_toolchain/13.3 rel1/bin/../lib/gcc/arm-none-eabi/13.3.1/thumb/v7e-m+fp/hard\libgcc.a(_dvmd_tls.o)
                0x08010f04                __aeabi_idiv0
                0x08010f04                __aeabi_ldiv0
 *(.text*)
 .text.deregister_tm_clones
                0x08010f08       0x1c F:/Compilation_toolchain/13.3 rel1/bin/../lib/gcc/arm-none-eabi/13.3.1/thumb/v7e-m+fp/hard/crtbegin.o
 .text.register_tm_clones
                0x08010f24       0x24 F:/Compilation_toolchain/13.3 rel1/bin/../lib/gcc/arm-none-eabi/13.3.1/thumb/v7e-m+fp/hard/crtbegin.o
 .text.__do_global_dtors_aux
                0x08010f48       0x28 F:/Compilation_toolchain/13.3 rel1/bin/../lib/gcc/arm-none-eabi/13.3.1/thumb/v7e-m+fp/hard/crtbegin.o
 .text.frame_dummy
                0x08010f70       0x24 F:/Compilation_toolchain/13.3 rel1/bin/../lib/gcc/arm-none-eabi/13.3.1/thumb/v7e-m+fp/hard/crtbegin.o
 .text.HAL_SPI_TxCpltCallback
                0x08010f94       0x20 CMakeFiles/application.dir/code/application/app/src/callback.c.obj
                0x08010f94                HAL_SPI_TxCpltCallback
 .text.HAL_SPI_TxHalfCpltCallback
                0x08010fb4       0x38 CMakeFiles/application.dir/code/application/app/src/callback.c.obj
                0x08010fb4                HAL_SPI_TxHalfCpltCallback
 .text.HAL_SPI_RxCpltCallback
                0x08010fec        0x4 CMakeFiles/application.dir/code/application/app/src/callback.c.obj
                0x08010fec                HAL_SPI_RxCpltCallback
 .text.HAL_UART_RxCpltCallback
                0x08010ff0        0x4 CMakeFiles/application.dir/code/application/app/src/callback.c.obj
                0x08010ff0                HAL_UART_RxCpltCallback
 .text.HAL_UARTEx_RxEventCallback
                0x08010ff4       0x50 CMakeFiles/application.dir/code/application/app/src/callback.c.obj
                0x08010ff4                HAL_UARTEx_RxEventCallback
 .text.HardFault_Handler_C
                0x08011044       0xc0 CMakeFiles/application.dir/code/application/app/src/fault_handler.c.obj
                0x08011044                HardFault_Handler_C
 .text.fs_node_destroy
                0x08011104       0x50 CMakeFiles/application.dir/code/application/app/src/fs.c.obj
 .text.fs_node_create
                0x08011154       0xf0 CMakeFiles/application.dir/code/application/app/src/fs.c.obj
 .text.fs_tree_create
                0x08011244       0x4c CMakeFiles/application.dir/code/application/app/src/fs.c.obj
                0x08011244                fs_tree_create
 .text.fs_tree_destroy
                0x08011290       0x24 CMakeFiles/application.dir/code/application/app/src/fs.c.obj
                0x08011290                fs_tree_destroy
 .text.fs_tree_scan
                0x080112b4      0x15c CMakeFiles/application.dir/code/application/app/src/fs.c.obj
                0x080112b4                fs_tree_scan
 .text.fs_tree_get_root_node
                0x08011410        0x8 CMakeFiles/application.dir/code/application/app/src/fs.c.obj
                0x08011410                fs_tree_get_root_node
 .text.fs_node_get_full_path
                0x08011418        0x8 CMakeFiles/application.dir/code/application/app/src/fs.c.obj
                0x08011418                fs_node_get_full_path
 .text.fs_node_get_name
                0x08011420        0x8 CMakeFiles/application.dir/code/application/app/src/fs.c.obj
                0x08011420                fs_node_get_name
 .text.fs_node_get_children
                0x08011428        0x8 CMakeFiles/application.dir/code/application/app/src/fs.c.obj
                0x08011428                fs_node_get_children
 .text.fs_node_get_type
                0x08011430        0x8 CMakeFiles/application.dir/code/application/app/src/fs.c.obj
                0x08011430                fs_node_get_type
 .text.fs_node_get_child_count
                0x08011438        0x8 CMakeFiles/application.dir/code/application/app/src/fs.c.obj
                0x08011438                fs_node_get_child_count
 .text.fs_mount
                0x08011440       0xac CMakeFiles/application.dir/code/application/app/src/fs.c.obj
                0x08011440                fs_mount
 .text.iap_write_version
                0x080114ec       0x6c CMakeFiles/application.dir/code/application/app/src/iap.c.obj
                0x080114ec                iap_write_version
 .text.iap_receive
                0x08011558      0x148 CMakeFiles/application.dir/code/application/app/src/iap.c.obj
                0x08011558                iap_receive
 .text.ota_mqtt_receive
                0x080116a0      0x2b8 CMakeFiles/application.dir/code/application/app/src/iap.c.obj
                0x080116a0                ota_mqtt_receive
 .text.mytask_update
                0x08011958      0x13c CMakeFiles/application.dir/code/application/app/src/mytask.c.obj
 .text.mytask_esp8266
                0x08011a94       0x6c CMakeFiles/application.dir/code/application/app/src/mytask.c.obj
 .text.mytask_ui
                0x08011b00       0x98 CMakeFiles/application.dir/code/application/app/src/mytask.c.obj
 .text.mytask_esp8266_scanf
                0x08011b98       0x78 CMakeFiles/application.dir/code/application/app/src/mytask.c.obj
 .text.mytask_init
                0x08011c10       0xc8 CMakeFiles/application.dir/code/application/app/src/mytask.c.obj
                0x08011c10                mytask_init
 .text.indev_read_callback
                0x08011cd8       0x34 CMakeFiles/application.dir/code/application/app/src/ui.c.obj
 .text.ui_init  0x08011d0c       0x18 CMakeFiles/application.dir/code/application/app/src/ui.c.obj
 .text.ui_set_flush
                0x08011d24        0x4 CMakeFiles/application.dir/code/application/app/src/ui.c.obj
 .text.ui_get_flush
                0x08011d28        0x4 CMakeFiles/application.dir/code/application/app/src/ui.c.obj
 .text.ui_set_iap_flag
                0x08011d2c        0x4 CMakeFiles/application.dir/code/application/app/src/ui.c.obj
 .text.ui_get_iap_flag
                0x08011d30        0x4 CMakeFiles/application.dir/code/application/app/src/ui.c.obj
 .text.ui_set_ota_flag
                0x08011d34        0x4 CMakeFiles/application.dir/code/application/app/src/ui.c.obj
 .text.ui_get_ota_flag
                0x08011d38        0x4 CMakeFiles/application.dir/code/application/app/src/ui.c.obj
 .text.ui_update
                0x08011d3c        0x4 CMakeFiles/application.dir/code/application/app/src/ui.c.obj
 .text.ui_back_menu
                0x08011d40       0x20 CMakeFiles/application.dir/code/application/app/src/ui.c.obj
 .text.ui_timer_callback
                0x08011d60       0xa8 CMakeFiles/application.dir/code/application/app/src/ui.c.obj
 .text.ui_indev_init
                0x08011e08       0x34 CMakeFiles/application.dir/code/application/app/src/ui.c.obj
 .text.ui_disp_init
                0x08011e3c       0x68 CMakeFiles/application.dir/code/application/app/src/ui.c.obj
 .text.ui_draw  0x08011ea4      0x9e4 CMakeFiles/application.dir/code/application/app/src/ui.c.obj
 .text.disp_flush_callback
                0x08012888       0xc8 CMakeFiles/application.dir/code/application/app/src/ui.c.obj
 .text.ui_file_list_create.isra.0
                0x08012950      0x108 CMakeFiles/application.dir/code/application/app/src/ui.c.obj
 .text.ui_callback
                0x08012a58      0x214 CMakeFiles/application.dir/code/application/app/src/ui.c.obj
 .text.buzzer_set_volume
                0x08012c6c       0x10 CMakeFiles/application.dir/code/application/bsp/src/buzzer.c.obj
 .text.buzzer_on
                0x08012c7c        0xc CMakeFiles/application.dir/code/application/bsp/src/buzzer.c.obj
 .text.buzzer_off
                0x08012c88        0xc CMakeFiles/application.dir/code/application/bsp/src/buzzer.c.obj
 .text.debug_init
                0x08012c94       0x18 CMakeFiles/application.dir/code/application/bsp/src/debug.c.obj
 .text.debug_scanf
                0x08012cac       0x6c CMakeFiles/application.dir/code/application/bsp/src/debug.c.obj
 .text.debug_printf
                0x08012d18       0x44 CMakeFiles/application.dir/code/application/bsp/src/debug.c.obj
 .text._read    0x08012d5c       0x88 CMakeFiles/application.dir/code/application/bsp/src/debug.c.obj
                0x08012d5c                _read
 .text.__io_putchar
                0x08012de4       0x2c CMakeFiles/application.dir/code/application/bsp/src/debug.c.obj
                0x08012de4                __io_putchar
 .text.delay_init
                0x08012e10       0x24 CMakeFiles/application.dir/code/application/bsp/src/delay.c.obj
                0x08012e10                delay_init
 .text.encoder_gbk_to_utf8
                0x08012e34       0xbc CMakeFiles/application.dir/code/application/bsp/src/encoder.c.obj
                0x08012e34                encoder_gbk_to_utf8
 .text.encoder_utf8_to_gbk
                0x08012ef0       0xf0 CMakeFiles/application.dir/code/application/bsp/src/encoder.c.obj
                0x08012ef0                encoder_utf8_to_gbk
 .text.esp8266_notify
                0x08012fe0       0x10 CMakeFiles/application.dir/code/application/bsp/src/esp8266.c.obj
 .text.esp8266_mqtt_publish
                0x08012ff0       0x2c CMakeFiles/application.dir/code/application/bsp/src/esp8266.c.obj
 .text.esp8266_mqtt_connect
                0x0801301c       0xb8 CMakeFiles/application.dir/code/application/bsp/src/esp8266.c.obj
 .text.esp8266_mqtt_config
                0x080130d4      0x138 CMakeFiles/application.dir/code/application/bsp/src/esp8266.c.obj
 .text.esp8266_view_mqtt_info
                0x0801320c       0x4c CMakeFiles/application.dir/code/application/bsp/src/esp8266.c.obj
 .text.esp8266_tcp_create_server
                0x08013258       0xa0 CMakeFiles/application.dir/code/application/bsp/src/esp8266.c.obj
 .text.esp8266_tcp_connect_server
                0x080132f8       0xa8 CMakeFiles/application.dir/code/application/bsp/src/esp8266.c.obj
 .text.esp8266_view_tcp_info
                0x080133a0       0xc4 CMakeFiles/application.dir/code/application/bsp/src/esp8266.c.obj
 .text.esp8266_init
                0x08013464       0xa4 CMakeFiles/application.dir/code/application/bsp/src/esp8266.c.obj
 .text.esp8266_mqtt_subscribe
                0x08013508       0x64 CMakeFiles/application.dir/code/application/bsp/src/esp8266.c.obj
 .text.esp8266_tcp_config
                0x0801356c      0x248 CMakeFiles/application.dir/code/application/bsp/src/esp8266.c.obj
 .text.esp8266_tcp_send
                0x080137b4      0x120 CMakeFiles/application.dir/code/application/bsp/src/esp8266.c.obj
 .text.esp8266_printf
                0x080138d4       0x44 CMakeFiles/application.dir/code/application/bsp/src/esp8266.c.obj
 .text.esp8266_set_ap_ip
                0x08013918       0xf0 CMakeFiles/application.dir/code/application/bsp/src/esp8266.c.obj
 .text.esp8266_scanf
                0x08013a08       0x5c CMakeFiles/application.dir/code/application/bsp/src/esp8266.c.obj
 .text.esp8266_mqtt_unsubscribe
                0x08013a64       0x50 CMakeFiles/application.dir/code/application/bsp/src/esp8266.c.obj
 .text.esp8266_mqtt_disconnect
                0x08013ab4       0x4c CMakeFiles/application.dir/code/application/bsp/src/esp8266.c.obj
 .text.esp8266_tcp_close_server
                0x08013b00       0x4c CMakeFiles/application.dir/code/application/bsp/src/esp8266.c.obj
 .text.heap_init
                0x08013b4c        0x4 CMakeFiles/application.dir/code/application/bsp/src/heap.c.obj
 .text.heap_get_free_size
                0x08013b50       0x20 CMakeFiles/application.dir/code/application/bsp/src/heap.c.obj
 .text.heap_free
                0x08013b70        0x8 CMakeFiles/application.dir/code/application/bsp/src/heap.c.obj
 .text.heap_malloc
                0x08013b78        0x8 CMakeFiles/application.dir/code/application/bsp/src/heap.c.obj
 .text.lcd_set_windows
                0x08013b80       0xb8 CMakeFiles/application.dir/code/application/bsp/src/lcd.c.obj
 .text.lcd_clear
                0x08013c38       0x80 CMakeFiles/application.dir/code/application/bsp/src/lcd.c.obj
 .text.lcd_write
                0x08013cb8       0x5c CMakeFiles/application.dir/code/application/bsp/src/lcd.c.obj
 .text.lcd_draw_point
                0x08013d14       0x4c CMakeFiles/application.dir/code/application/bsp/src/lcd.c.obj
 .text.lcd_get_dir
                0x08013d60        0x8 CMakeFiles/application.dir/code/application/bsp/src/lcd.c.obj
 .text.lcd_get_width
                0x08013d68        0x4 CMakeFiles/application.dir/code/application/bsp/src/lcd.c.obj
 .text.lcd_get_height
                0x08013d6c        0x4 CMakeFiles/application.dir/code/application/bsp/src/lcd.c.obj
 .text.lcd_get_switch
                0x08013d70        0x8 CMakeFiles/application.dir/code/application/bsp/src/lcd.c.obj
 .text.lcd_set_light
                0x08013d78        0xc CMakeFiles/application.dir/code/application/bsp/src/lcd.c.obj
 .text.lcd_set_datawidth
                0x08013d84       0x1c CMakeFiles/application.dir/code/application/bsp/src/lcd.c.obj
 .text.lcd_notify
                0x08013da0       0x34 CMakeFiles/application.dir/code/application/bsp/src/lcd.c.obj
 .text.lcd_init
                0x08013dd4       0xf0 CMakeFiles/application.dir/code/application/bsp/src/lcd.c.obj
 .text.lcd_reset
                0x08013ec4       0x24 CMakeFiles/application.dir/code/application/bsp/src/lcd.c.obj
 .text.lcd_set_dir
                0x08013ee8       0x8c CMakeFiles/application.dir/code/application/bsp/src/lcd.c.obj
 .text.lcd_set_cs
                0x08013f74        0xc CMakeFiles/application.dir/code/application/bsp/src/lcd.c.obj
 .text.lcd_set_dc
                0x08013f80        0xc CMakeFiles/application.dir/code/application/bsp/src/lcd.c.obj
 .text.lcd_set_rst
                0x08013f8c        0xc CMakeFiles/application.dir/code/application/bsp/src/lcd.c.obj
 .text.fs_tell  0x08013f98        0x8 CMakeFiles/application.dir/code/application/bsp/src/lv_port_fs.c.obj
 .text.fs_dir_open
                0x08013fa0       0x4c CMakeFiles/application.dir/code/application/bsp/src/lv_port_fs.c.obj
 .text.fs_dir_close
                0x08013fec       0x1c CMakeFiles/application.dir/code/application/bsp/src/lv_port_fs.c.obj
 .text.fs_write
                0x08014008       0x18 CMakeFiles/application.dir/code/application/bsp/src/lv_port_fs.c.obj
 .text.fs_read  0x08014020       0x18 CMakeFiles/application.dir/code/application/bsp/src/lv_port_fs.c.obj
 .text.fs_close
                0x08014038       0x1c CMakeFiles/application.dir/code/application/bsp/src/lv_port_fs.c.obj
 .text.fs_open  0x08014054       0x64 CMakeFiles/application.dir/code/application/bsp/src/lv_port_fs.c.obj
 .text.fs_dir_read.part.0
                0x080140b8       0x80 CMakeFiles/application.dir/code/application/bsp/src/lv_port_fs.c.obj
 .text.fs_dir_read
                0x08014138       0x10 CMakeFiles/application.dir/code/application/bsp/src/lv_port_fs.c.obj
 .text.fs_seek  0x08014148       0x30 CMakeFiles/application.dir/code/application/bsp/src/lv_port_fs.c.obj
 .text.lv_port_fs_init
                0x08014178       0x68 CMakeFiles/application.dir/code/application/bsp/src/lv_port_fs.c.obj
                0x08014178                lv_port_fs_init
 .text.matrix_identity
                0x080141e0       0x50 CMakeFiles/application.dir/code/application/bsp/src/matrix.c.obj
 .text.matrix_multiply
                0x08014230       0x88 CMakeFiles/application.dir/code/application/bsp/src/matrix.c.obj
 .text.matrix_add
                0x080142b8       0x28 CMakeFiles/application.dir/code/application/bsp/src/matrix.c.obj
 .text.matrix_reduce
                0x080142e0       0x28 CMakeFiles/application.dir/code/application/bsp/src/matrix.c.obj
 .text.matrix_transpose
                0x08014308       0x48 CMakeFiles/application.dir/code/application/bsp/src/matrix.c.obj
 .text.matrix_gauss_deter
                0x08014350      0x270 CMakeFiles/application.dir/code/application/bsp/src/matrix.c.obj
 .text.matrix_gauss_elimination
                0x080145c0      0x2c4 CMakeFiles/application.dir/code/application/bsp/src/matrix.c.obj
 .text.matrix_printf
                0x08014884       0x5c CMakeFiles/application.dir/code/application/bsp/src/matrix.c.obj
 .text.matrix_jacobi
                0x080148e0      0x430 CMakeFiles/application.dir/code/application/bsp/src/matrix.c.obj
 .text.matrix_inverse_lu
                0x08014d10      0x3f4 CMakeFiles/application.dir/code/application/bsp/src/matrix.c.obj
 .text.touch_init
                0x08015104       0x20 CMakeFiles/application.dir/code/application/bsp/src/touch.c.obj
 .text.touch_reset
                0x08015124       0x38 CMakeFiles/application.dir/code/application/bsp/src/touch.c.obj
 .text.touch_read_adc
                0x0801515c       0xd4 CMakeFiles/application.dir/code/application/bsp/src/touch.c.obj
 .text.touch_read_adc_xy
                0x08015230       0x78 CMakeFiles/application.dir/code/application/bsp/src/touch.c.obj
 .text.touch_get_xy
                0x080152a8      0x15c CMakeFiles/application.dir/code/application/bsp/src/touch.c.obj
 .text.touch_get_state
                0x08015404        0x8 CMakeFiles/application.dir/code/application/bsp/src/touch.c.obj
 .text.touch_get_switch
                0x0801540c        0x8 CMakeFiles/application.dir/code/application/bsp/src/touch.c.obj
 .text.touch_set_switch
                0x08015414        0x8 CMakeFiles/application.dir/code/application/bsp/src/touch.c.obj
 .text.touch_adjust
                0x0801541c      0x32c CMakeFiles/application.dir/code/application/bsp/src/touch.c.obj
 .text.touch_set_cs
                0x08015748        0xc CMakeFiles/application.dir/code/application/bsp/src/touch.c.obj
 .text.touch_scan
                0x08015754       0x40 CMakeFiles/application.dir/code/application/bsp/src/touch.c.obj
 .text.w25qxx_init
                0x08015794        0x4 CMakeFiles/application.dir/code/application/bsp/src/w25qxx.c.obj
 .text.w25qxx_reset
                0x08015798       0x40 CMakeFiles/application.dir/code/application/bsp/src/w25qxx.c.obj
 .text.w25qxx_busy_status
                0x080157d8       0x68 CMakeFiles/application.dir/code/application/bsp/src/w25qxx.c.obj
 .text.w25qxx_read_id
                0x08015840       0x58 CMakeFiles/application.dir/code/application/bsp/src/w25qxx.c.obj
 .text.w25qxx_write_enable
                0x08015898       0x44 CMakeFiles/application.dir/code/application/bsp/src/w25qxx.c.obj
 .text.w25qxx_erase_sector
                0x080158dc       0x6c CMakeFiles/application.dir/code/application/bsp/src/w25qxx.c.obj
 .text.w25qxx_erase_chip
                0x08015948       0x54 CMakeFiles/application.dir/code/application/bsp/src/w25qxx.c.obj
 .text.w25qxx_write
                0x0801599c       0xb4 CMakeFiles/application.dir/code/application/bsp/src/w25qxx.c.obj
 .text.w25qxx_read
                0x08015a50       0x78 CMakeFiles/application.dir/code/application/bsp/src/w25qxx.c.obj
 .text.w25qxx_set_cs
                0x08015ac8       0x14 CMakeFiles/application.dir/code/application/bsp/src/w25qxx.c.obj
 .text.SystemClock_Config
                0x08015adc       0xa4 CMakeFiles/application.dir/Core/Src/main.c.obj
                0x08015adc                SystemClock_Config
 .text.startup.main
                0x08015b80       0x60 CMakeFiles/application.dir/Core/Src/main.c.obj
                0x08015b80                main
 .text.HAL_TIM_PeriodElapsedCallback
                0x08015be0       0x14 CMakeFiles/application.dir/Core/Src/main.c.obj
                0x08015be0                HAL_TIM_PeriodElapsedCallback
 .text.Error_Handler
                0x08015bf4        0x4 CMakeFiles/application.dir/Core/Src/main.c.obj
                0x08015bf4                Error_Handler
 .text.MX_GPIO_Init
                0x08015bf8      0x104 CMakeFiles/application.dir/Core/Src/gpio.c.obj
                0x08015bf8                MX_GPIO_Init
 .text.StartDefaultTask
                0x08015cfc       0xcc CMakeFiles/application.dir/Core/Src/freertos.c.obj
                0x08015cfc                StartDefaultTask
 .text.vApplicationTickHook
                0x08015dc8       0x24 CMakeFiles/application.dir/Core/Src/freertos.c.obj
                0x08015dc8                vApplicationTickHook
 .text.vApplicationStackOverflowHook
                0x08015dec       0x10 CMakeFiles/application.dir/Core/Src/freertos.c.obj
                0x08015dec                vApplicationStackOverflowHook
 .text.vApplicationMallocFailedHook
                0x08015dfc       0x10 CMakeFiles/application.dir/Core/Src/freertos.c.obj
                0x08015dfc                vApplicationMallocFailedHook
 .text.MX_FREERTOS_Init
                0x08015e0c       0x20 CMakeFiles/application.dir/Core/Src/freertos.c.obj
                0x08015e0c                MX_FREERTOS_Init
 .text.MX_DMA_Init
                0x08015e2c       0x68 CMakeFiles/application.dir/Core/Src/dma.c.obj
                0x08015e2c                MX_DMA_Init
 *fill*         0x08015e94        0x4 
 .text.MX_FSMC_Init
                0x08015e98       0x84 CMakeFiles/application.dir/Core/Src/fsmc.c.obj
                0x08015e98                MX_FSMC_Init
 .text.HAL_SRAM_MspInit
                0x08015f1c       0x88 CMakeFiles/application.dir/Core/Src/fsmc.c.obj
                0x08015f1c                HAL_SRAM_MspInit
 .text.MX_SDIO_SD_Init
                0x08015fa4       0x20 CMakeFiles/application.dir/Core/Src/sdio.c.obj
                0x08015fa4                MX_SDIO_SD_Init
 .text.HAL_SD_MspInit
                0x08015fc4      0x16c CMakeFiles/application.dir/Core/Src/sdio.c.obj
                0x08015fc4                HAL_SD_MspInit
 .text.spi1_set_datawidth
                0x08016130       0x84 CMakeFiles/application.dir/Core/Src/spi.c.obj
 .text.spi1_get_state
                0x080161b4        0xc CMakeFiles/application.dir/Core/Src/spi.c.obj
 .text.spi2_get_state
                0x080161c0        0xc CMakeFiles/application.dir/Core/Src/spi.c.obj
 .text.spi1_writeRead
                0x080161cc       0x14 CMakeFiles/application.dir/Core/Src/spi.c.obj
 .text.spi1_read
                0x080161e0       0x10 CMakeFiles/application.dir/Core/Src/spi.c.obj
 .text.spi1_write
                0x080161f0       0x10 CMakeFiles/application.dir/Core/Src/spi.c.obj
 .text.spi2_writeRead
                0x08016200       0x20 CMakeFiles/application.dir/Core/Src/spi.c.obj
 .text.spi2_read
                0x08016220       0x14 CMakeFiles/application.dir/Core/Src/spi.c.obj
 .text.spi2_write
                0x08016234       0x14 CMakeFiles/application.dir/Core/Src/spi.c.obj
 .text.MX_SPI1_Init
                0x08016248       0x44 CMakeFiles/application.dir/Core/Src/spi.c.obj
                0x08016248                MX_SPI1_Init
 .text.MX_SPI2_Init
                0x0801628c       0x44 CMakeFiles/application.dir/Core/Src/spi.c.obj
                0x0801628c                MX_SPI2_Init
 .text.HAL_SPI_MspInit
                0x080162d0      0x188 CMakeFiles/application.dir/Core/Src/spi.c.obj
                0x080162d0                HAL_SPI_MspInit
 .text.tim3_set_freq
                0x08016458       0x28 CMakeFiles/application.dir/Core/Src/tim.c.obj
 .text.tim3_set_duty
                0x08016480       0x40 CMakeFiles/application.dir/Core/Src/tim.c.obj
 .text.tim3_pwm_stop
                0x080164c0       0x20 CMakeFiles/application.dir/Core/Src/tim.c.obj
 .text.tim3_pwm_start
                0x080164e0       0x20 CMakeFiles/application.dir/Core/Src/tim.c.obj
 .text.MX_TIM3_Init
                0x08016500      0x124 CMakeFiles/application.dir/Core/Src/tim.c.obj
                0x08016500                MX_TIM3_Init
 .text.HAL_TIM_Base_MspInit
                0x08016624       0x30 CMakeFiles/application.dir/Core/Src/tim.c.obj
                0x08016624                HAL_TIM_Base_MspInit
 .text.uart_get_rxflag
                0x08016654        0x4 CMakeFiles/application.dir/Core/Src/usart.c.obj
 .text.uart_set_rxflag
                0x08016658        0x4 CMakeFiles/application.dir/Core/Src/usart.c.obj
 .text.uart_get_rx_size
                0x0801665c        0x4 CMakeFiles/application.dir/Core/Src/usart.c.obj
 .text.uart_set_rx_size
                0x08016660        0x4 CMakeFiles/application.dir/Core/Src/usart.c.obj
 .text.uart_get_rx_buf
                0x08016664        0x8 CMakeFiles/application.dir/Core/Src/usart.c.obj
 .text.uart_get_state
                0x0801666c        0x8 CMakeFiles/application.dir/Core/Src/usart.c.obj
 .text.uart_rxIT
                0x08016674        0x8 CMakeFiles/application.dir/Core/Src/usart.c.obj
 .text.uart_read
                0x0801667c        0x8 CMakeFiles/application.dir/Core/Src/usart.c.obj
 .text.uart_write
                0x08016684        0x8 CMakeFiles/application.dir/Core/Src/usart.c.obj
 .text.MX_USART2_UART_Init
                0x0801668c       0x38 CMakeFiles/application.dir/Core/Src/usart.c.obj
                0x0801668c                MX_USART2_UART_Init
 .text.MX_USART3_UART_Init
                0x080166c4       0x38 CMakeFiles/application.dir/Core/Src/usart.c.obj
                0x080166c4                MX_USART3_UART_Init
 *fill*         0x080166fc        0x4 
 .text.HAL_UART_MspInit
                0x08016700       0xf4 CMakeFiles/application.dir/Core/Src/usart.c.obj
                0x08016700                HAL_UART_MspInit
 .text.NMI_Handler
                0x080167f4       0x10 CMakeFiles/application.dir/Core/Src/stm32f4xx_it.c.obj
                0x080167f4                NMI_Handler
 .text.HardFault_Handler
                0x08016804       0x18 CMakeFiles/application.dir/Core/Src/stm32f4xx_it.c.obj
                0x08016804                HardFault_Handler
 .text.MemManage_Handler
                0x0801681c       0x10 CMakeFiles/application.dir/Core/Src/stm32f4xx_it.c.obj
                0x0801681c                MemManage_Handler
 .text.BusFault_Handler
                0x0801682c       0x10 CMakeFiles/application.dir/Core/Src/stm32f4xx_it.c.obj
                0x0801682c                BusFault_Handler
 .text.UsageFault_Handler
                0x0801683c       0x10 CMakeFiles/application.dir/Core/Src/stm32f4xx_it.c.obj
                0x0801683c                UsageFault_Handler
 .text.DebugMon_Handler
                0x0801684c        0x4 CMakeFiles/application.dir/Core/Src/stm32f4xx_it.c.obj
                0x0801684c                DebugMon_Handler
 .text.SPI1_IRQHandler
                0x08016850        0xc CMakeFiles/application.dir/Core/Src/stm32f4xx_it.c.obj
                0x08016850                SPI1_IRQHandler
 .text.USART2_IRQHandler
                0x0801685c        0xc CMakeFiles/application.dir/Core/Src/stm32f4xx_it.c.obj
                0x0801685c                USART2_IRQHandler
 .text.USART3_IRQHandler
                0x08016868        0xc CMakeFiles/application.dir/Core/Src/stm32f4xx_it.c.obj
                0x08016868                USART3_IRQHandler
 .text.SDIO_IRQHandler
                0x08016874        0xc CMakeFiles/application.dir/Core/Src/stm32f4xx_it.c.obj
                0x08016874                SDIO_IRQHandler
 .text.TIM7_IRQHandler
                0x08016880        0xc CMakeFiles/application.dir/Core/Src/stm32f4xx_it.c.obj
                0x08016880                TIM7_IRQHandler
 .text.DMA2_Stream0_IRQHandler
                0x0801688c        0xc CMakeFiles/application.dir/Core/Src/stm32f4xx_it.c.obj
                0x0801688c                DMA2_Stream0_IRQHandler
 .text.DMA2_Stream3_IRQHandler
                0x08016898        0xc CMakeFiles/application.dir/Core/Src/stm32f4xx_it.c.obj
                0x08016898                DMA2_Stream3_IRQHandler
 .text.DMA2_Stream5_IRQHandler
                0x080168a4        0xc CMakeFiles/application.dir/Core/Src/stm32f4xx_it.c.obj
                0x080168a4                DMA2_Stream5_IRQHandler
 .text.DMA2_Stream6_IRQHandler
                0x080168b0        0xc CMakeFiles/application.dir/Core/Src/stm32f4xx_it.c.obj
                0x080168b0                DMA2_Stream6_IRQHandler
 .text.HAL_MspInit
                0x080168bc       0x40 CMakeFiles/application.dir/Core/Src/stm32f4xx_hal_msp.c.obj
                0x080168bc                HAL_MspInit
 .text.HAL_InitTick
                0x080168fc       0xa8 CMakeFiles/application.dir/Core/Src/stm32f4xx_hal_timebase_tim.c.obj
                0x080168fc                HAL_InitTick
 .text.BSP_SD_ReadBlocks_DMA
                0x080169a4       0x1c CMakeFiles/application.dir/FATFS/Target/bsp_driver_sd.c.obj
                0x080169a4                BSP_SD_ReadBlocks_DMA
 .text.BSP_SD_WriteBlocks_DMA
                0x080169c0       0x1c CMakeFiles/application.dir/FATFS/Target/bsp_driver_sd.c.obj
                0x080169c0                BSP_SD_WriteBlocks_DMA
 .text.BSP_SD_GetCardState
                0x080169dc       0x14 CMakeFiles/application.dir/FATFS/Target/bsp_driver_sd.c.obj
                0x080169dc                BSP_SD_GetCardState
 .text.BSP_SD_GetCardInfo
                0x080169f0        0xc CMakeFiles/application.dir/FATFS/Target/bsp_driver_sd.c.obj
                0x080169f0                BSP_SD_GetCardInfo
 .text.BSP_SD_AbortCallback
                0x080169fc        0x4 CMakeFiles/application.dir/FATFS/Target/bsp_driver_sd.c.obj
                0x080169fc                BSP_SD_AbortCallback
 .text.HAL_SD_AbortCallback
                0x08016a00        0x8 CMakeFiles/application.dir/FATFS/Target/bsp_driver_sd.c.obj
                0x08016a00                HAL_SD_AbortCallback
 .text.HAL_SD_TxCpltCallback
                0x08016a08        0x8 CMakeFiles/application.dir/FATFS/Target/bsp_driver_sd.c.obj
                0x08016a08                HAL_SD_TxCpltCallback
 .text.HAL_SD_RxCpltCallback
                0x08016a10        0x8 CMakeFiles/application.dir/FATFS/Target/bsp_driver_sd.c.obj
                0x08016a10                HAL_SD_RxCpltCallback
 .text.BSP_SD_IsDetected
                0x08016a18       0x10 CMakeFiles/application.dir/FATFS/Target/bsp_driver_sd.c.obj
                0x08016a18                BSP_SD_IsDetected
 .text.BSP_SD_Init
                0x08016a28       0x30 CMakeFiles/application.dir/FATFS/Target/bsp_driver_sd.c.obj
                0x08016a28                BSP_SD_Init
 .text.SD_initialize
                0x08016a58       0x60 CMakeFiles/application.dir/FATFS/Target/sd_diskio.c.obj
                0x08016a58                SD_initialize
 .text.SD_status
                0x08016ab8       0x20 CMakeFiles/application.dir/FATFS/Target/sd_diskio.c.obj
                0x08016ab8                SD_status
 .text.SD_ioctl
                0x08016ad8       0x60 CMakeFiles/application.dir/FATFS/Target/sd_diskio.c.obj
                0x08016ad8                SD_ioctl
 .text.SD_read  0x08016b38       0x80 CMakeFiles/application.dir/FATFS/Target/sd_diskio.c.obj
                0x08016b38                SD_read
 .text.SD_write
                0x08016bb8       0x80 CMakeFiles/application.dir/FATFS/Target/sd_diskio.c.obj
                0x08016bb8                SD_write
 .text.BSP_SD_WriteCpltCallback
                0x08016c38       0x28 CMakeFiles/application.dir/FATFS/Target/sd_diskio.c.obj
                0x08016c38                BSP_SD_WriteCpltCallback
 .text.BSP_SD_ReadCpltCallback
                0x08016c60       0x28 CMakeFiles/application.dir/FATFS/Target/sd_diskio.c.obj
                0x08016c60                BSP_SD_ReadCpltCallback
 .text.USER_initialize
                0x08016c88       0x24 CMakeFiles/application.dir/FATFS/Target/user_diskio.c.obj
                0x08016c88                USER_initialize
 .text.USER_status
                0x08016cac        0xc CMakeFiles/application.dir/FATFS/Target/user_diskio.c.obj
                0x08016cac                USER_status
 .text.USER_read
                0x08016cb8       0x20 CMakeFiles/application.dir/FATFS/Target/user_diskio.c.obj
                0x08016cb8                USER_read
 .text.USER_write
                0x08016cd8       0x34 CMakeFiles/application.dir/FATFS/Target/user_diskio.c.obj
                0x08016cd8                USER_write
 .text.USER_ioctl
                0x08016d0c       0x2c CMakeFiles/application.dir/FATFS/Target/user_diskio.c.obj
                0x08016d0c                USER_ioctl
 .text.MX_FATFS_Init
                0x08016d38       0x38 CMakeFiles/application.dir/FATFS/App/fatfs.c.obj
                0x08016d38                MX_FATFS_Init
 .text.get_fattime
                0x08016d70        0x4 CMakeFiles/application.dir/FATFS/App/fatfs.c.obj
                0x08016d70                get_fattime
 .text.HAL_RCC_OscConfig
                0x08016d74      0x3c4 CMakeFiles/application.dir/Drivers/STM32F4xx_HAL_Driver/Src/stm32f4xx_hal_rcc.c.obj
                0x08016d74                HAL_RCC_OscConfig
 .text.HAL_RCC_GetSysClockFreq
                0x08017138       0x68 CMakeFiles/application.dir/Drivers/STM32F4xx_HAL_Driver/Src/stm32f4xx_hal_rcc.c.obj
                0x08017138                HAL_RCC_GetSysClockFreq
 .text.HAL_RCC_ClockConfig
                0x080171a0      0x13c CMakeFiles/application.dir/Drivers/STM32F4xx_HAL_Driver/Src/stm32f4xx_hal_rcc.c.obj
                0x080171a0                HAL_RCC_ClockConfig
 .text.HAL_RCC_GetPCLK1Freq
                0x080172dc       0x20 CMakeFiles/application.dir/Drivers/STM32F4xx_HAL_Driver/Src/stm32f4xx_hal_rcc.c.obj
                0x080172dc                HAL_RCC_GetPCLK1Freq
 .text.HAL_RCC_GetPCLK2Freq
                0x080172fc       0x20 CMakeFiles/application.dir/Drivers/STM32F4xx_HAL_Driver/Src/stm32f4xx_hal_rcc.c.obj
                0x080172fc                HAL_RCC_GetPCLK2Freq
 .text.HAL_RCC_GetClockConfig
                0x0801731c       0x44 CMakeFiles/application.dir/Drivers/STM32F4xx_HAL_Driver/Src/stm32f4xx_hal_rcc.c.obj
                0x0801731c                HAL_RCC_GetClockConfig
 .text.HAL_GPIO_Init
                0x08017360      0x3d4 CMakeFiles/application.dir/Drivers/STM32F4xx_HAL_Driver/Src/stm32f4xx_hal_gpio.c.obj
                0x08017360                HAL_GPIO_Init
 .text.HAL_GPIO_ReadPin
                0x08017734        0xc CMakeFiles/application.dir/Drivers/STM32F4xx_HAL_Driver/Src/stm32f4xx_hal_gpio.c.obj
                0x08017734                HAL_GPIO_ReadPin
 .text.HAL_GPIO_WritePin
                0x08017740        0x8 CMakeFiles/application.dir/Drivers/STM32F4xx_HAL_Driver/Src/stm32f4xx_hal_gpio.c.obj
                0x08017740                HAL_GPIO_WritePin
 .text.HAL_DMA_Init
                0x08017748      0x128 CMakeFiles/application.dir/Drivers/STM32F4xx_HAL_Driver/Src/stm32f4xx_hal_dma.c.obj
                0x08017748                HAL_DMA_Init
 .text.HAL_DMA_Start_IT
                0x08017870       0x78 CMakeFiles/application.dir/Drivers/STM32F4xx_HAL_Driver/Src/stm32f4xx_hal_dma.c.obj
                0x08017870                HAL_DMA_Start_IT
 .text.HAL_DMA_Abort
                0x080178e8       0x94 CMakeFiles/application.dir/Drivers/STM32F4xx_HAL_Driver/Src/stm32f4xx_hal_dma.c.obj
                0x080178e8                HAL_DMA_Abort
 .text.HAL_DMA_Abort_IT
                0x0801797c       0x24 CMakeFiles/application.dir/Drivers/STM32F4xx_HAL_Driver/Src/stm32f4xx_hal_dma.c.obj
                0x0801797c                HAL_DMA_Abort_IT
 .text.HAL_DMA_IRQHandler
                0x080179a0      0x1ac CMakeFiles/application.dir/Drivers/STM32F4xx_HAL_Driver/Src/stm32f4xx_hal_dma.c.obj
                0x080179a0                HAL_DMA_IRQHandler
 .text.HAL_DMA_GetError
                0x08017b4c        0x4 CMakeFiles/application.dir/Drivers/STM32F4xx_HAL_Driver/Src/stm32f4xx_hal_dma.c.obj
                0x08017b4c                HAL_DMA_GetError
 .text.HAL_NVIC_SetPriorityGrouping
                0x08017b50       0x24 CMakeFiles/application.dir/Drivers/STM32F4xx_HAL_Driver/Src/stm32f4xx_hal_cortex.c.obj
                0x08017b50                HAL_NVIC_SetPriorityGrouping
 .text.HAL_NVIC_SetPriority
                0x08017b74       0x78 CMakeFiles/application.dir/Drivers/STM32F4xx_HAL_Driver/Src/stm32f4xx_hal_cortex.c.obj
                0x08017b74                HAL_NVIC_SetPriority
 .text.HAL_NVIC_EnableIRQ
                0x08017bec       0x1c CMakeFiles/application.dir/Drivers/STM32F4xx_HAL_Driver/Src/stm32f4xx_hal_cortex.c.obj
                0x08017bec                HAL_NVIC_EnableIRQ
 .text.HAL_Init
                0x08017c08       0x34 CMakeFiles/application.dir/Drivers/STM32F4xx_HAL_Driver/Src/stm32f4xx_hal.c.obj
                0x08017c08                HAL_Init
 .text.HAL_IncTick
                0x08017c3c       0x18 CMakeFiles/application.dir/Drivers/STM32F4xx_HAL_Driver/Src/stm32f4xx_hal.c.obj
                0x08017c3c                HAL_IncTick
 .text.HAL_GetTick
                0x08017c54        0xc CMakeFiles/application.dir/Drivers/STM32F4xx_HAL_Driver/Src/stm32f4xx_hal.c.obj
                0x08017c54                HAL_GetTick
 .text.HAL_Delay
                0x08017c60       0x24 CMakeFiles/application.dir/Drivers/STM32F4xx_HAL_Driver/Src/stm32f4xx_hal.c.obj
                0x08017c60                HAL_Delay
 .text.FSMC_NORSRAM_Init
                0x08017c84       0x6c CMakeFiles/application.dir/Drivers/STM32F4xx_HAL_Driver/Src/stm32f4xx_ll_fsmc.c.obj
                0x08017c84                FSMC_NORSRAM_Init
 .text.FSMC_NORSRAM_Timing_Init
                0x08017cf0       0x3c CMakeFiles/application.dir/Drivers/STM32F4xx_HAL_Driver/Src/stm32f4xx_ll_fsmc.c.obj
                0x08017cf0                FSMC_NORSRAM_Timing_Init
 .text.FSMC_NORSRAM_Extended_Timing_Init
                0x08017d2c       0x44 CMakeFiles/application.dir/Drivers/STM32F4xx_HAL_Driver/Src/stm32f4xx_ll_fsmc.c.obj
                0x08017d2c                FSMC_NORSRAM_Extended_Timing_Init
 .text.HAL_SRAM_Init
                0x08017d70       0x5c CMakeFiles/application.dir/Drivers/STM32F4xx_HAL_Driver/Src/stm32f4xx_hal_sram.c.obj
                0x08017d70                HAL_SRAM_Init
 .text.SDIO_Init
                0x08017dcc       0x38 CMakeFiles/application.dir/Drivers/STM32F4xx_HAL_Driver/Src/stm32f4xx_ll_sdmmc.c.obj
                0x08017dcc                SDIO_Init
 .text.SDIO_ReadFIFO
                0x08017e04        0x8 CMakeFiles/application.dir/Drivers/STM32F4xx_HAL_Driver/Src/stm32f4xx_ll_sdmmc.c.obj
                0x08017e04                SDIO_ReadFIFO
 .text.SDIO_WriteFIFO
                0x08017e0c        0xc CMakeFiles/application.dir/Drivers/STM32F4xx_HAL_Driver/Src/stm32f4xx_ll_sdmmc.c.obj
                0x08017e0c                SDIO_WriteFIFO
 .text.SDIO_PowerState_ON
                0x08017e18        0x8 CMakeFiles/application.dir/Drivers/STM32F4xx_HAL_Driver/Src/stm32f4xx_ll_sdmmc.c.obj
                0x08017e18                SDIO_PowerState_ON
 .text.SDIO_GetPowerState
                0x08017e20        0x8 CMakeFiles/application.dir/Drivers/STM32F4xx_HAL_Driver/Src/stm32f4xx_ll_sdmmc.c.obj
                0x08017e20                SDIO_GetPowerState
 .text.SDIO_GetResponse
                0x08017e28        0x8 CMakeFiles/application.dir/Drivers/STM32F4xx_HAL_Driver/Src/stm32f4xx_ll_sdmmc.c.obj
                0x08017e28                SDIO_GetResponse
 .text.SDIO_ConfigData
                0x08017e30       0x2c CMakeFiles/application.dir/Drivers/STM32F4xx_HAL_Driver/Src/stm32f4xx_ll_sdmmc.c.obj
                0x08017e30                SDIO_ConfigData
 .text.SDMMC_CmdBlockLength
                0x08017e5c      0x130 CMakeFiles/application.dir/Drivers/STM32F4xx_HAL_Driver/Src/stm32f4xx_ll_sdmmc.c.obj
                0x08017e5c                SDMMC_CmdBlockLength
 .text.SDMMC_CmdReadSingleBlock
                0x08017f8c      0x134 CMakeFiles/application.dir/Drivers/STM32F4xx_HAL_Driver/Src/stm32f4xx_ll_sdmmc.c.obj
                0x08017f8c                SDMMC_CmdReadSingleBlock
 .text.SDMMC_CmdReadMultiBlock
                0x080180c0      0x134 CMakeFiles/application.dir/Drivers/STM32F4xx_HAL_Driver/Src/stm32f4xx_ll_sdmmc.c.obj
                0x080180c0                SDMMC_CmdReadMultiBlock
 .text.SDMMC_CmdWriteSingleBlock
                0x080181f4      0x130 CMakeFiles/application.dir/Drivers/STM32F4xx_HAL_Driver/Src/stm32f4xx_ll_sdmmc.c.obj
                0x080181f4                SDMMC_CmdWriteSingleBlock
 .text.SDMMC_CmdWriteMultiBlock
                0x08018324      0x134 CMakeFiles/application.dir/Drivers/STM32F4xx_HAL_Driver/Src/stm32f4xx_ll_sdmmc.c.obj
                0x08018324                SDMMC_CmdWriteMultiBlock
 .text.SDMMC_CmdStopTransfer
                0x08018458      0x140 CMakeFiles/application.dir/Drivers/STM32F4xx_HAL_Driver/Src/stm32f4xx_ll_sdmmc.c.obj
                0x08018458                SDMMC_CmdStopTransfer
 .text.SDMMC_CmdSelDesel
                0x08018598      0x134 CMakeFiles/application.dir/Drivers/STM32F4xx_HAL_Driver/Src/stm32f4xx_ll_sdmmc.c.obj
                0x08018598                SDMMC_CmdSelDesel
 .text.SDMMC_CmdGoIdleState
                0x080186cc       0x48 CMakeFiles/application.dir/Drivers/STM32F4xx_HAL_Driver/Src/stm32f4xx_ll_sdmmc.c.obj
                0x080186cc                SDMMC_CmdGoIdleState
 .text.SDMMC_CmdOperCond
                0x08018714       0x70 CMakeFiles/application.dir/Drivers/STM32F4xx_HAL_Driver/Src/stm32f4xx_ll_sdmmc.c.obj
                0x08018714                SDMMC_CmdOperCond
 .text.SDMMC_CmdAppCommand
                0x08018784      0x134 CMakeFiles/application.dir/Drivers/STM32F4xx_HAL_Driver/Src/stm32f4xx_ll_sdmmc.c.obj
                0x08018784                SDMMC_CmdAppCommand
 .text.SDMMC_CmdAppOperCommand
                0x080188b8       0x6c CMakeFiles/application.dir/Drivers/STM32F4xx_HAL_Driver/Src/stm32f4xx_ll_sdmmc.c.obj
                0x080188b8                SDMMC_CmdAppOperCommand
 .text.SDMMC_CmdBusWidth
                0x08018924      0x134 CMakeFiles/application.dir/Drivers/STM32F4xx_HAL_Driver/Src/stm32f4xx_ll_sdmmc.c.obj
                0x08018924                SDMMC_CmdBusWidth
 .text.SDMMC_CmdSendSCR
                0x08018a58      0x134 CMakeFiles/application.dir/Drivers/STM32F4xx_HAL_Driver/Src/stm32f4xx_ll_sdmmc.c.obj
                0x08018a58                SDMMC_CmdSendSCR
 .text.SDMMC_CmdSendCID
                0x08018b8c       0x68 CMakeFiles/application.dir/Drivers/STM32F4xx_HAL_Driver/Src/stm32f4xx_ll_sdmmc.c.obj
                0x08018b8c                SDMMC_CmdSendCID
 .text.SDMMC_CmdSendCSD
                0x08018bf4       0x70 CMakeFiles/application.dir/Drivers/STM32F4xx_HAL_Driver/Src/stm32f4xx_ll_sdmmc.c.obj
                0x08018bf4                SDMMC_CmdSendCSD
 .text.SDMMC_CmdSetRelAdd
                0x08018c64       0xa0 CMakeFiles/application.dir/Drivers/STM32F4xx_HAL_Driver/Src/stm32f4xx_ll_sdmmc.c.obj
                0x08018c64                SDMMC_CmdSetRelAdd
 .text.SDMMC_CmdSendStatus
                0x08018d04      0x134 CMakeFiles/application.dir/Drivers/STM32F4xx_HAL_Driver/Src/stm32f4xx_ll_sdmmc.c.obj
                0x08018d04                SDMMC_CmdSendStatus
 .text.SD_DMATransmitCplt
                0x08018e38       0x10 CMakeFiles/application.dir/Drivers/STM32F4xx_HAL_Driver/Src/stm32f4xx_hal_sd.c.obj
 .text.SD_FindSCR.constprop.0
                0x08018e48       0xe0 CMakeFiles/application.dir/Drivers/STM32F4xx_HAL_Driver/Src/stm32f4xx_hal_sd.c.obj
 .text.HAL_SD_ReadBlocks_DMA
                0x08018f28      0x134 CMakeFiles/application.dir/Drivers/STM32F4xx_HAL_Driver/Src/stm32f4xx_hal_sd.c.obj
                0x08018f28                HAL_SD_ReadBlocks_DMA
 .text.HAL_SD_WriteBlocks_DMA
                0x0801905c      0x12c CMakeFiles/application.dir/Drivers/STM32F4xx_HAL_Driver/Src/stm32f4xx_hal_sd.c.obj
                0x0801905c                HAL_SD_WriteBlocks_DMA
 .text.HAL_SD_ErrorCallback
                0x08019188        0x4 CMakeFiles/application.dir/Drivers/STM32F4xx_HAL_Driver/Src/stm32f4xx_hal_sd.c.obj
                0x08019188                HAL_SD_ErrorCallback
 .text.SD_DMAReceiveCplt
                0x0801918c       0x48 CMakeFiles/application.dir/Drivers/STM32F4xx_HAL_Driver/Src/stm32f4xx_hal_sd.c.obj
 .text.SD_DMAError
                0x080191d4       0x80 CMakeFiles/application.dir/Drivers/STM32F4xx_HAL_Driver/Src/stm32f4xx_hal_sd.c.obj
 .text.SD_DMATxAbort
                0x08019254       0x64 CMakeFiles/application.dir/Drivers/STM32F4xx_HAL_Driver/Src/stm32f4xx_hal_sd.c.obj
 .text.HAL_SD_IRQHandler
                0x080192b8      0x250 CMakeFiles/application.dir/Drivers/STM32F4xx_HAL_Driver/Src/stm32f4xx_hal_sd.c.obj
                0x080192b8                HAL_SD_IRQHandler
 .text.SD_DMARxAbort
                0x08019508       0x64 CMakeFiles/application.dir/Drivers/STM32F4xx_HAL_Driver/Src/stm32f4xx_hal_sd.c.obj
 .text.HAL_SD_GetCardCSD
                0x0801956c      0x178 CMakeFiles/application.dir/Drivers/STM32F4xx_HAL_Driver/Src/stm32f4xx_hal_sd.c.obj
                0x0801956c                HAL_SD_GetCardCSD
 .text.HAL_SD_InitCard
                0x080196e4      0x238 CMakeFiles/application.dir/Drivers/STM32F4xx_HAL_Driver/Src/stm32f4xx_hal_sd.c.obj
                0x080196e4                HAL_SD_InitCard
 .text.HAL_SD_Init
                0x0801991c       0x3c CMakeFiles/application.dir/Drivers/STM32F4xx_HAL_Driver/Src/stm32f4xx_hal_sd.c.obj
                0x0801991c                HAL_SD_Init
 .text.HAL_SD_GetCardInfo
                0x08019958       0x28 CMakeFiles/application.dir/Drivers/STM32F4xx_HAL_Driver/Src/stm32f4xx_hal_sd.c.obj
                0x08019958                HAL_SD_GetCardInfo
 .text.HAL_SD_ConfigWideBusOperation
                0x08019980      0x14c CMakeFiles/application.dir/Drivers/STM32F4xx_HAL_Driver/Src/stm32f4xx_hal_sd.c.obj
                0x08019980                HAL_SD_ConfigWideBusOperation
 .text.HAL_SD_GetCardState
                0x08019acc       0x28 CMakeFiles/application.dir/Drivers/STM32F4xx_HAL_Driver/Src/stm32f4xx_hal_sd.c.obj
                0x08019acc                HAL_SD_GetCardState
 .text.SPI_WaitFlagStateUntilTimeout
                0x08019af4       0xd8 CMakeFiles/application.dir/Drivers/STM32F4xx_HAL_Driver/Src/stm32f4xx_hal_spi.c.obj
 .text.SPI_EndRxTxTransaction
                0x08019bcc       0x88 CMakeFiles/application.dir/Drivers/STM32F4xx_HAL_Driver/Src/stm32f4xx_hal_spi.c.obj
 .text.SPI_WaitFlagStateUntilTimeout.constprop.0
                0x08019c54       0xc0 CMakeFiles/application.dir/Drivers/STM32F4xx_HAL_Driver/Src/stm32f4xx_hal_spi.c.obj
 .text.SPI_EndRxTxTransaction.constprop.0
                0x08019d14       0x78 CMakeFiles/application.dir/Drivers/STM32F4xx_HAL_Driver/Src/stm32f4xx_hal_spi.c.obj
 .text.HAL_SPI_Init
                0x08019d8c       0xc4 CMakeFiles/application.dir/Drivers/STM32F4xx_HAL_Driver/Src/stm32f4xx_hal_spi.c.obj
                0x08019d8c                HAL_SPI_Init
 .text.HAL_SPI_Transmit
                0x08019e50      0x208 CMakeFiles/application.dir/Drivers/STM32F4xx_HAL_Driver/Src/stm32f4xx_hal_spi.c.obj
                0x08019e50                HAL_SPI_Transmit
 .text.HAL_SPI_TransmitReceive
                0x0801a058      0x2d4 CMakeFiles/application.dir/Drivers/STM32F4xx_HAL_Driver/Src/stm32f4xx_hal_spi.c.obj
                0x0801a058                HAL_SPI_TransmitReceive
 .text.HAL_SPI_Receive
                0x0801a32c      0x230 CMakeFiles/application.dir/Drivers/STM32F4xx_HAL_Driver/Src/stm32f4xx_hal_spi.c.obj
                0x0801a32c                HAL_SPI_Receive
 .text.HAL_SPI_Transmit_DMA
                0x0801a55c       0xbc CMakeFiles/application.dir/Drivers/STM32F4xx_HAL_Driver/Src/stm32f4xx_hal_spi.c.obj
                0x0801a55c                HAL_SPI_Transmit_DMA
 .text.HAL_SPI_TransmitReceive_DMA
                0x0801a618      0x118 CMakeFiles/application.dir/Drivers/STM32F4xx_HAL_Driver/Src/stm32f4xx_hal_spi.c.obj
                0x0801a618                HAL_SPI_TransmitReceive_DMA
 .text.HAL_SPI_Receive_DMA
                0x0801a730      0x10c CMakeFiles/application.dir/Drivers/STM32F4xx_HAL_Driver/Src/stm32f4xx_hal_spi.c.obj
                0x0801a730                HAL_SPI_Receive_DMA
 .text.HAL_SPI_TxRxCpltCallback
                0x0801a83c        0x4 CMakeFiles/application.dir/Drivers/STM32F4xx_HAL_Driver/Src/stm32f4xx_hal_spi.c.obj
                0x0801a83c                HAL_SPI_TxRxCpltCallback
 .text.SPI_DMAHalfTransmitCplt
                0x0801a840        0xc CMakeFiles/application.dir/Drivers/STM32F4xx_HAL_Driver/Src/stm32f4xx_hal_spi.c.obj
 .text.HAL_SPI_RxHalfCpltCallback
                0x0801a84c        0x4 CMakeFiles/application.dir/Drivers/STM32F4xx_HAL_Driver/Src/stm32f4xx_hal_spi.c.obj
                0x0801a84c                HAL_SPI_RxHalfCpltCallback
 .text.SPI_DMAHalfReceiveCplt
                0x0801a850        0xc CMakeFiles/application.dir/Drivers/STM32F4xx_HAL_Driver/Src/stm32f4xx_hal_spi.c.obj
 .text.HAL_SPI_TxRxHalfCpltCallback
                0x0801a85c        0x4 CMakeFiles/application.dir/Drivers/STM32F4xx_HAL_Driver/Src/stm32f4xx_hal_spi.c.obj
                0x0801a85c                HAL_SPI_TxRxHalfCpltCallback
 .text.SPI_DMAHalfTransmitReceiveCplt
                0x0801a860        0xc CMakeFiles/application.dir/Drivers/STM32F4xx_HAL_Driver/Src/stm32f4xx_hal_spi.c.obj
 .text.HAL_SPI_ErrorCallback
                0x0801a86c        0x4 CMakeFiles/application.dir/Drivers/STM32F4xx_HAL_Driver/Src/stm32f4xx_hal_spi.c.obj
                0x0801a86c                HAL_SPI_ErrorCallback
 .text.SPI_DMAError
                0x0801a870       0x24 CMakeFiles/application.dir/Drivers/STM32F4xx_HAL_Driver/Src/stm32f4xx_hal_spi.c.obj
 .text.SPI_DMATransmitCplt
                0x0801a894       0x6c CMakeFiles/application.dir/Drivers/STM32F4xx_HAL_Driver/Src/stm32f4xx_hal_spi.c.obj
 .text.SPI_DMAReceiveCplt
                0x0801a900       0xbc CMakeFiles/application.dir/Drivers/STM32F4xx_HAL_Driver/Src/stm32f4xx_hal_spi.c.obj
 .text.SPI_DMATransmitReceiveCplt
                0x0801a9bc       0x58 CMakeFiles/application.dir/Drivers/STM32F4xx_HAL_Driver/Src/stm32f4xx_hal_spi.c.obj
 .text.HAL_SPI_IRQHandler
                0x0801aa14      0x150 CMakeFiles/application.dir/Drivers/STM32F4xx_HAL_Driver/Src/stm32f4xx_hal_spi.c.obj
                0x0801aa14                HAL_SPI_IRQHandler
 .text.SPI_DMAAbortOnError
                0x0801ab64       0x10 CMakeFiles/application.dir/Drivers/STM32F4xx_HAL_Driver/Src/stm32f4xx_hal_spi.c.obj
 .text.HAL_SPI_GetState
                0x0801ab74        0x8 CMakeFiles/application.dir/Drivers/STM32F4xx_HAL_Driver/Src/stm32f4xx_hal_spi.c.obj
                0x0801ab74                HAL_SPI_GetState
 .text.HAL_TIM_Base_Init
                0x0801ab7c      0x124 CMakeFiles/application.dir/Drivers/STM32F4xx_HAL_Driver/Src/stm32f4xx_hal_tim.c.obj
                0x0801ab7c                HAL_TIM_Base_Init
 .text.HAL_TIM_Base_Start_IT
                0x0801aca0       0x74 CMakeFiles/application.dir/Drivers/STM32F4xx_HAL_Driver/Src/stm32f4xx_hal_tim.c.obj
                0x0801aca0                HAL_TIM_Base_Start_IT
 .text.HAL_TIM_PWM_MspInit
                0x0801ad14        0x4 CMakeFiles/application.dir/Drivers/STM32F4xx_HAL_Driver/Src/stm32f4xx_hal_tim.c.obj
                0x0801ad14                HAL_TIM_PWM_MspInit
 .text.HAL_TIM_PWM_Init
                0x0801ad18      0x124 CMakeFiles/application.dir/Drivers/STM32F4xx_HAL_Driver/Src/stm32f4xx_hal_tim.c.obj
                0x0801ad18                HAL_TIM_PWM_Init
 .text.HAL_TIM_PWM_Start
                0x0801ae3c       0xd0 CMakeFiles/application.dir/Drivers/STM32F4xx_HAL_Driver/Src/stm32f4xx_hal_tim.c.obj
                0x0801ae3c                HAL_TIM_PWM_Start
 .text.HAL_TIM_PWM_Stop
                0x0801af0c       0xa0 CMakeFiles/application.dir/Drivers/STM32F4xx_HAL_Driver/Src/stm32f4xx_hal_tim.c.obj
                0x0801af0c                HAL_TIM_PWM_Stop
 .text.HAL_TIM_PWM_ConfigChannel
                0x0801afac      0x20c CMakeFiles/application.dir/Drivers/STM32F4xx_HAL_Driver/Src/stm32f4xx_hal_tim.c.obj
                0x0801afac                HAL_TIM_PWM_ConfigChannel
 .text.HAL_TIM_ConfigClockSource
                0x0801b1b8      0x154 CMakeFiles/application.dir/Drivers/STM32F4xx_HAL_Driver/Src/stm32f4xx_hal_tim.c.obj
                0x0801b1b8                HAL_TIM_ConfigClockSource
 .text.HAL_TIM_OC_DelayElapsedCallback
                0x0801b30c        0x4 CMakeFiles/application.dir/Drivers/STM32F4xx_HAL_Driver/Src/stm32f4xx_hal_tim.c.obj
                0x0801b30c                HAL_TIM_OC_DelayElapsedCallback
 .text.HAL_TIM_IC_CaptureCallback
                0x0801b310        0x4 CMakeFiles/application.dir/Drivers/STM32F4xx_HAL_Driver/Src/stm32f4xx_hal_tim.c.obj
                0x0801b310                HAL_TIM_IC_CaptureCallback
 .text.HAL_TIM_PWM_PulseFinishedCallback
                0x0801b314        0x4 CMakeFiles/application.dir/Drivers/STM32F4xx_HAL_Driver/Src/stm32f4xx_hal_tim.c.obj
                0x0801b314                HAL_TIM_PWM_PulseFinishedCallback
 .text.HAL_TIM_TriggerCallback
                0x0801b318        0x4 CMakeFiles/application.dir/Drivers/STM32F4xx_HAL_Driver/Src/stm32f4xx_hal_tim.c.obj
                0x0801b318                HAL_TIM_TriggerCallback
 .text.HAL_TIM_IRQHandler
                0x0801b31c      0x138 CMakeFiles/application.dir/Drivers/STM32F4xx_HAL_Driver/Src/stm32f4xx_hal_tim.c.obj
                0x0801b31c                HAL_TIM_IRQHandler
 .text.HAL_TIMEx_MasterConfigSynchronization
                0x0801b454       0x80 CMakeFiles/application.dir/Drivers/STM32F4xx_HAL_Driver/Src/stm32f4xx_hal_tim_ex.c.obj
                0x0801b454                HAL_TIMEx_MasterConfigSynchronization
 .text.HAL_TIMEx_CommutCallback
                0x0801b4d4        0x4 CMakeFiles/application.dir/Drivers/STM32F4xx_HAL_Driver/Src/stm32f4xx_hal_tim_ex.c.obj
                0x0801b4d4                HAL_TIMEx_CommutCallback
 .text.HAL_TIMEx_BreakCallback
                0x0801b4d8        0x4 CMakeFiles/application.dir/Drivers/STM32F4xx_HAL_Driver/Src/stm32f4xx_hal_tim_ex.c.obj
                0x0801b4d8                HAL_TIMEx_BreakCallback
 .text.HAL_UART_Init
                0x0801b4dc      0x124 CMakeFiles/application.dir/Drivers/STM32F4xx_HAL_Driver/Src/stm32f4xx_hal_uart.c.obj
                0x0801b4dc                HAL_UART_Init
 .text.HAL_UART_Transmit
                0x0801b600      0x108 CMakeFiles/application.dir/Drivers/STM32F4xx_HAL_Driver/Src/stm32f4xx_hal_uart.c.obj
                0x0801b600                HAL_UART_Transmit
 .text.HAL_UART_Receive
                0x0801b708      0x1bc CMakeFiles/application.dir/Drivers/STM32F4xx_HAL_Driver/Src/stm32f4xx_hal_uart.c.obj
                0x0801b708                HAL_UART_Receive
 .text.HAL_UARTEx_ReceiveToIdle_IT
                0x0801b8c4       0x88 CMakeFiles/application.dir/Drivers/STM32F4xx_HAL_Driver/Src/stm32f4xx_hal_uart.c.obj
                0x0801b8c4                HAL_UARTEx_ReceiveToIdle_IT
 .text.HAL_UART_TxCpltCallback
                0x0801b94c        0x4 CMakeFiles/application.dir/Drivers/STM32F4xx_HAL_Driver/Src/stm32f4xx_hal_uart.c.obj
                0x0801b94c                HAL_UART_TxCpltCallback
 .text.HAL_UART_ErrorCallback
                0x0801b950        0x4 CMakeFiles/application.dir/Drivers/STM32F4xx_HAL_Driver/Src/stm32f4xx_hal_uart.c.obj
                0x0801b950                HAL_UART_ErrorCallback
 .text.UART_DMAAbortOnError
                0x0801b954       0x10 CMakeFiles/application.dir/Drivers/STM32F4xx_HAL_Driver/Src/stm32f4xx_hal_uart.c.obj
 .text.UART_Receive_IT.part.0.isra.0
                0x0801b964       0xc0 CMakeFiles/application.dir/Drivers/STM32F4xx_HAL_Driver/Src/stm32f4xx_hal_uart.c.obj
 .text.HAL_UART_IRQHandler
                0x0801ba24      0x378 CMakeFiles/application.dir/Drivers/STM32F4xx_HAL_Driver/Src/stm32f4xx_hal_uart.c.obj
                0x0801ba24                HAL_UART_IRQHandler
 .text.HAL_UART_GetState
                0x0801bd9c        0xc CMakeFiles/application.dir/Drivers/STM32F4xx_HAL_Driver/Src/stm32f4xx_hal_uart.c.obj
                0x0801bd9c                HAL_UART_GetState
 .text.SystemInit
                0x0801bda8       0x14 CMakeFiles/application.dir/Core/Src/system_stm32f4xx.c.obj
                0x0801bda8                SystemInit
 .text.disk_status
                0x0801bdbc       0x14 CMakeFiles/application.dir/Middlewares/Third_Party/FatFs/src/diskio.c.obj
                0x0801bdbc                disk_status
 .text.disk_initialize
                0x0801bdd0       0x28 CMakeFiles/application.dir/Middlewares/Third_Party/FatFs/src/diskio.c.obj
                0x0801bdd0                disk_initialize
 .text.disk_read
                0x0801bdf8       0x1c CMakeFiles/application.dir/Middlewares/Third_Party/FatFs/src/diskio.c.obj
                0x0801bdf8                disk_read
 .text.disk_write
                0x0801be14       0x1c CMakeFiles/application.dir/Middlewares/Third_Party/FatFs/src/diskio.c.obj
                0x0801be14                disk_write
 .text.disk_ioctl
                0x0801be30       0x18 CMakeFiles/application.dir/Middlewares/Third_Party/FatFs/src/diskio.c.obj
                0x0801be30                disk_ioctl
 .text.inc_lock
                0x0801be48       0xac CMakeFiles/application.dir/Middlewares/Third_Party/FatFs/src/ff.c.obj
 .text.get_fileinfo
                0x0801bef4      0x150 CMakeFiles/application.dir/Middlewares/Third_Party/FatFs/src/ff.c.obj
 .text.check_fs
                0x0801c044       0x84 CMakeFiles/application.dir/Middlewares/Third_Party/FatFs/src/ff.c.obj
 .text.sync_fs  0x0801c0c8       0xb8 CMakeFiles/application.dir/Middlewares/Third_Party/FatFs/src/ff.c.obj
 .text.move_window
                0x0801c180       0x80 CMakeFiles/application.dir/Middlewares/Third_Party/FatFs/src/ff.c.obj
 .text.find_volume
                0x0801c200      0x2e8 CMakeFiles/application.dir/Middlewares/Third_Party/FatFs/src/ff.c.obj
 .text.put_fat.part.0
                0x0801c4e8      0x114 CMakeFiles/application.dir/Middlewares/Third_Party/FatFs/src/ff.c.obj
 .text.get_fat.isra.0
                0x0801c5fc       0xac CMakeFiles/application.dir/Middlewares/Third_Party/FatFs/src/ff.c.obj
 .text.dir_read.constprop.0
                0x0801c6a8      0x400 CMakeFiles/application.dir/Middlewares/Third_Party/FatFs/src/ff.c.obj
 .text.create_chain
                0x0801caa8      0x1a4 CMakeFiles/application.dir/Middlewares/Third_Party/FatFs/src/ff.c.obj
 .text.dir_sdi  0x0801cc4c      0x154 CMakeFiles/application.dir/Middlewares/Third_Party/FatFs/src/ff.c.obj
 .text.dir_find
                0x0801cda0      0x350 CMakeFiles/application.dir/Middlewares/Third_Party/FatFs/src/ff.c.obj
 .text.follow_path
                0x0801d0f0      0x344 CMakeFiles/application.dir/Middlewares/Third_Party/FatFs/src/ff.c.obj
 .text.dir_next
                0x0801d434      0x1c4 CMakeFiles/application.dir/Middlewares/Third_Party/FatFs/src/ff.c.obj
 .text.dir_register
                0x0801d5f8      0x8bc CMakeFiles/application.dir/Middlewares/Third_Party/FatFs/src/ff.c.obj
 .text.remove_chain
                0x0801deb4      0x218 CMakeFiles/application.dir/Middlewares/Third_Party/FatFs/src/ff.c.obj
 .text.f_mount  0x0801e0cc       0xd8 CMakeFiles/application.dir/Middlewares/Third_Party/FatFs/src/ff.c.obj
                0x0801e0cc                f_mount
 .text.f_open   0x0801e1a4      0x334 CMakeFiles/application.dir/Middlewares/Third_Party/FatFs/src/ff.c.obj
                0x0801e1a4                f_open
 .text.f_read   0x0801e4d8      0x2dc CMakeFiles/application.dir/Middlewares/Third_Party/FatFs/src/ff.c.obj
                0x0801e4d8                f_read
 .text.f_write  0x0801e7b4      0x358 CMakeFiles/application.dir/Middlewares/Third_Party/FatFs/src/ff.c.obj
                0x0801e7b4                f_write
 .text.f_close  0x0801eb0c      0x19c CMakeFiles/application.dir/Middlewares/Third_Party/FatFs/src/ff.c.obj
                0x0801eb0c                f_close
 .text.f_lseek  0x0801eca8      0x354 CMakeFiles/application.dir/Middlewares/Third_Party/FatFs/src/ff.c.obj
                0x0801eca8                f_lseek
 .text.f_opendir
                0x0801effc       0xd0 CMakeFiles/application.dir/Middlewares/Third_Party/FatFs/src/ff.c.obj
                0x0801effc                f_opendir
 .text.f_closedir
                0x0801f0cc       0x98 CMakeFiles/application.dir/Middlewares/Third_Party/FatFs/src/ff.c.obj
                0x0801f0cc                f_closedir
 .text.f_readdir
                0x0801f164       0xb4 CMakeFiles/application.dir/Middlewares/Third_Party/FatFs/src/ff.c.obj
                0x0801f164                f_readdir
 .text.f_mkfs   0x0801f218      0x764 CMakeFiles/application.dir/Middlewares/Third_Party/FatFs/src/ff.c.obj
                0x0801f218                f_mkfs
 .text.f_gets   0x0801f97c       0x50 CMakeFiles/application.dir/Middlewares/Third_Party/FatFs/src/ff.c.obj
                0x0801f97c                f_gets
 .text.FATFS_LinkDriver
                0x0801f9cc       0x58 CMakeFiles/application.dir/Middlewares/Third_Party/FatFs/src/ff_gen_drv.c.obj
                0x0801f9cc                FATFS_LinkDriver
 .text.ff_cre_syncobj
                0x0801fa24       0x18 CMakeFiles/application.dir/Middlewares/Third_Party/FatFs/src/option/syscall.c.obj
                0x0801fa24                ff_cre_syncobj
 .text.ff_del_syncobj
                0x0801fa3c        0xc CMakeFiles/application.dir/Middlewares/Third_Party/FatFs/src/option/syscall.c.obj
                0x0801fa3c                ff_del_syncobj
 .text.ff_req_grant
                0x0801fa48       0x14 CMakeFiles/application.dir/Middlewares/Third_Party/FatFs/src/option/syscall.c.obj
                0x0801fa48                ff_req_grant
 .text.ff_rel_grant
                0x0801fa5c        0x4 CMakeFiles/application.dir/Middlewares/Third_Party/FatFs/src/option/syscall.c.obj
                0x0801fa5c                ff_rel_grant
 .text.ff_convert
                0x0801fa60      0x214 CMakeFiles/application.dir/Middlewares/Third_Party/FatFs/src/option/cc936.c.obj
                0x0801fa60                ff_convert
 .text.ff_wtoupper
                0x0801fc74       0x9c CMakeFiles/application.dir/Middlewares/Third_Party/FatFs/src/option/cc936.c.obj
                0x0801fc74                ff_wtoupper
 .text.vListInitialise
                0x0801fd10       0x18 CMakeFiles/application.dir/Middlewares/Third_Party/FreeRTOS/Source/list.c.obj
                0x0801fd10                vListInitialise
 .text.vListInitialiseItem
                0x0801fd28        0x8 CMakeFiles/application.dir/Middlewares/Third_Party/FreeRTOS/Source/list.c.obj
                0x0801fd28                vListInitialiseItem
 .text.vListInsertEnd
                0x0801fd30       0x1c CMakeFiles/application.dir/Middlewares/Third_Party/FreeRTOS/Source/list.c.obj
                0x0801fd30                vListInsertEnd
 .text.vListInsert
                0x0801fd4c       0x30 CMakeFiles/application.dir/Middlewares/Third_Party/FreeRTOS/Source/list.c.obj
                0x0801fd4c                vListInsert
 .text.uxListRemove
                0x0801fd7c       0x28 CMakeFiles/application.dir/Middlewares/Third_Party/FreeRTOS/Source/list.c.obj
                0x0801fd7c                uxListRemove
 .text.prvCopyDataToQueue
                0x0801fda4       0x78 CMakeFiles/application.dir/Middlewares/Third_Party/FreeRTOS/Source/queue.c.obj
 .text.xQueueGenericCreateStatic
                0x0801fe1c       0xe0 CMakeFiles/application.dir/Middlewares/Third_Party/FreeRTOS/Source/queue.c.obj
                0x0801fe1c                xQueueGenericCreateStatic
 .text.xQueueGenericCreate
                0x0801fefc       0x84 CMakeFiles/application.dir/Middlewares/Third_Party/FreeRTOS/Source/queue.c.obj
                0x0801fefc                xQueueGenericCreate
 .text.xQueueCreateCountingSemaphoreStatic
                0x0801ff80       0xc0 CMakeFiles/application.dir/Middlewares/Third_Party/FreeRTOS/Source/queue.c.obj
                0x0801ff80                xQueueCreateCountingSemaphoreStatic
 .text.xQueueCreateCountingSemaphore
                0x08020040       0x8c CMakeFiles/application.dir/Middlewares/Third_Party/FreeRTOS/Source/queue.c.obj
                0x08020040                xQueueCreateCountingSemaphore
 .text.xQueueGenericSend
                0x080200cc      0x300 CMakeFiles/application.dir/Middlewares/Third_Party/FreeRTOS/Source/queue.c.obj
                0x080200cc                xQueueGenericSend
 .text.xQueueGiveMutexRecursive
                0x080203cc       0x40 CMakeFiles/application.dir/Middlewares/Third_Party/FreeRTOS/Source/queue.c.obj
                0x080203cc                xQueueGiveMutexRecursive
 .text.xQueueCreateMutex
                0x0802040c       0x70 CMakeFiles/application.dir/Middlewares/Third_Party/FreeRTOS/Source/queue.c.obj
                0x0802040c                xQueueCreateMutex
 .text.xQueueGenericSendFromISR
                0x0802047c       0xc4 CMakeFiles/application.dir/Middlewares/Third_Party/FreeRTOS/Source/queue.c.obj
                0x0802047c                xQueueGenericSendFromISR
 .text.xQueueGiveFromISR
                0x08020540       0xac CMakeFiles/application.dir/Middlewares/Third_Party/FreeRTOS/Source/queue.c.obj
                0x08020540                xQueueGiveFromISR
 .text.xQueueReceive
                0x080205ec      0x2fc CMakeFiles/application.dir/Middlewares/Third_Party/FreeRTOS/Source/queue.c.obj
                0x080205ec                xQueueReceive
 .text.xQueueSemaphoreTake
                0x080208e8      0x318 CMakeFiles/application.dir/Middlewares/Third_Party/FreeRTOS/Source/queue.c.obj
                0x080208e8                xQueueSemaphoreTake
 .text.xQueueTakeMutexRecursive
                0x08020c00       0x40 CMakeFiles/application.dir/Middlewares/Third_Party/FreeRTOS/Source/queue.c.obj
                0x08020c00                xQueueTakeMutexRecursive
 .text.xQueueReceiveFromISR
                0x08020c40       0xb4 CMakeFiles/application.dir/Middlewares/Third_Party/FreeRTOS/Source/queue.c.obj
                0x08020c40                xQueueReceiveFromISR
 *fill*         0x08020cf4        0x4 
 .text.vQueueDelete
                0x08020cf8       0x8c CMakeFiles/application.dir/Middlewares/Third_Party/FreeRTOS/Source/queue.c.obj
                0x08020cf8                vQueueDelete
 .text.vQueueAddToRegistry
                0x08020d84       0x50 CMakeFiles/application.dir/Middlewares/Third_Party/FreeRTOS/Source/queue.c.obj
                0x08020d84                vQueueAddToRegistry
 .text.vQueueUnregisterQueue
                0x08020dd4       0x64 CMakeFiles/application.dir/Middlewares/Third_Party/FreeRTOS/Source/queue.c.obj
                0x08020dd4                vQueueUnregisterQueue
 .text.vQueueWaitForMessageRestricted
                0x08020e38       0xc8 CMakeFiles/application.dir/Middlewares/Third_Party/FreeRTOS/Source/queue.c.obj
                0x08020e38                vQueueWaitForMessageRestricted
 .text.prvAddNewTaskToReadyList
                0x08020f00      0x10c CMakeFiles/application.dir/Middlewares/Third_Party/FreeRTOS/Source/tasks.c.obj
 .text.prvIdleTask
                0x0802100c       0x98 CMakeFiles/application.dir/Middlewares/Third_Party/FreeRTOS/Source/tasks.c.obj
 .text.xTaskCreateStatic
                0x080210a4      0x144 CMakeFiles/application.dir/Middlewares/Third_Party/FreeRTOS/Source/tasks.c.obj
                0x080210a4                xTaskCreateStatic
 .text.xTaskCreate
                0x080211e8      0x124 CMakeFiles/application.dir/Middlewares/Third_Party/FreeRTOS/Source/tasks.c.obj
                0x080211e8                xTaskCreate
 .text.vTaskDelete
                0x0802130c      0x104 CMakeFiles/application.dir/Middlewares/Third_Party/FreeRTOS/Source/tasks.c.obj
                0x0802130c                vTaskDelete
 .text.vTaskStartScheduler
                0x08021410      0x11c CMakeFiles/application.dir/Middlewares/Third_Party/FreeRTOS/Source/tasks.c.obj
                0x08021410                vTaskStartScheduler
 .text.vTaskSuspendAll
                0x0802152c       0x10 CMakeFiles/application.dir/Middlewares/Third_Party/FreeRTOS/Source/tasks.c.obj
                0x0802152c                vTaskSuspendAll
 .text.xTaskGetTickCount
                0x0802153c        0xc CMakeFiles/application.dir/Middlewares/Third_Party/FreeRTOS/Source/tasks.c.obj
                0x0802153c                xTaskGetTickCount
 .text.xTaskGetTickCountFromISR
                0x08021548       0x10 CMakeFiles/application.dir/Middlewares/Third_Party/FreeRTOS/Source/tasks.c.obj
                0x08021548                xTaskGetTickCountFromISR
 .text.xTaskIncrementTick
                0x08021558      0x17c CMakeFiles/application.dir/Middlewares/Third_Party/FreeRTOS/Source/tasks.c.obj
                0x08021558                xTaskIncrementTick
 .text.xTaskResumeAll.part.0
                0x080216d4      0x120 CMakeFiles/application.dir/Middlewares/Third_Party/FreeRTOS/Source/tasks.c.obj
 .text.xTaskResumeAll
                0x080217f4       0x20 CMakeFiles/application.dir/Middlewares/Third_Party/FreeRTOS/Source/tasks.c.obj
                0x080217f4                xTaskResumeAll
 .text.vTaskDelay
                0x08021814       0xac CMakeFiles/application.dir/Middlewares/Third_Party/FreeRTOS/Source/tasks.c.obj
                0x08021814                vTaskDelay
 .text.vTaskSwitchContext
                0x080218c0       0xa0 CMakeFiles/application.dir/Middlewares/Third_Party/FreeRTOS/Source/tasks.c.obj
                0x080218c0                vTaskSwitchContext
 .text.vTaskPlaceOnEventList
                0x08021960       0x88 CMakeFiles/application.dir/Middlewares/Third_Party/FreeRTOS/Source/tasks.c.obj
                0x08021960                vTaskPlaceOnEventList
 .text.vTaskPlaceOnEventListRestricted
                0x080219e8       0x94 CMakeFiles/application.dir/Middlewares/Third_Party/FreeRTOS/Source/tasks.c.obj
                0x080219e8                vTaskPlaceOnEventListRestricted
 .text.xTaskRemoveFromEventList
                0x08021a7c       0x88 CMakeFiles/application.dir/Middlewares/Third_Party/FreeRTOS/Source/tasks.c.obj
                0x08021a7c                xTaskRemoveFromEventList
 .text.vTaskInternalSetTimeOutState
                0x08021b04       0x18 CMakeFiles/application.dir/Middlewares/Third_Party/FreeRTOS/Source/tasks.c.obj
                0x08021b04                vTaskInternalSetTimeOutState
 .text.xTaskCheckForTimeOut
                0x08021b1c       0x84 CMakeFiles/application.dir/Middlewares/Third_Party/FreeRTOS/Source/tasks.c.obj
                0x08021b1c                xTaskCheckForTimeOut
 .text.vTaskMissedYield
                0x08021ba0        0xc CMakeFiles/application.dir/Middlewares/Third_Party/FreeRTOS/Source/tasks.c.obj
                0x08021ba0                vTaskMissedYield
 .text.xTaskGetCurrentTaskHandle
                0x08021bac        0xc CMakeFiles/application.dir/Middlewares/Third_Party/FreeRTOS/Source/tasks.c.obj
                0x08021bac                xTaskGetCurrentTaskHandle
 .text.xTaskGetSchedulerState
                0x08021bb8       0x20 CMakeFiles/application.dir/Middlewares/Third_Party/FreeRTOS/Source/tasks.c.obj
                0x08021bb8                xTaskGetSchedulerState
 .text.xTaskPriorityInherit
                0x08021bd8       0x80 CMakeFiles/application.dir/Middlewares/Third_Party/FreeRTOS/Source/tasks.c.obj
                0x08021bd8                xTaskPriorityInherit
 .text.xTaskPriorityDisinherit
                0x08021c58       0x88 CMakeFiles/application.dir/Middlewares/Third_Party/FreeRTOS/Source/tasks.c.obj
                0x08021c58                xTaskPriorityDisinherit
 .text.vTaskPriorityDisinheritAfterTimeout
                0x08021ce0       0xa0 CMakeFiles/application.dir/Middlewares/Third_Party/FreeRTOS/Source/tasks.c.obj
                0x08021ce0                vTaskPriorityDisinheritAfterTimeout
 .text.pvTaskIncrementMutexHeldCount
                0x08021d80       0x18 CMakeFiles/application.dir/Middlewares/Third_Party/FreeRTOS/Source/tasks.c.obj
                0x08021d80                pvTaskIncrementMutexHeldCount
 .text.ulTaskNotifyTake
                0x08021d98       0xc0 CMakeFiles/application.dir/Middlewares/Third_Party/FreeRTOS/Source/tasks.c.obj
                0x08021d98                ulTaskNotifyTake
 .text.xTaskGenericNotify
                0x08021e58       0xec CMakeFiles/application.dir/Middlewares/Third_Party/FreeRTOS/Source/tasks.c.obj
                0x08021e58                xTaskGenericNotify
 .text.vTaskNotifyGiveFromISR
                0x08021f44       0xcc CMakeFiles/application.dir/Middlewares/Third_Party/FreeRTOS/Source/tasks.c.obj
                0x08021f44                vTaskNotifyGiveFromISR
 .text.prvSwitchTimerLists
                0x08022010       0x98 CMakeFiles/application.dir/Middlewares/Third_Party/FreeRTOS/Source/timers.c.obj
 .text.prvTimerTask
                0x080220a8      0x274 CMakeFiles/application.dir/Middlewares/Third_Party/FreeRTOS/Source/timers.c.obj
 .text.xTimerCreateTimerTask
                0x0802231c       0xbc CMakeFiles/application.dir/Middlewares/Third_Party/FreeRTOS/Source/timers.c.obj
                0x0802231c                xTimerCreateTimerTask
 .text.SysTick_Handler
                0x080223d8       0x1c CMakeFiles/application.dir/Middlewares/Third_Party/FreeRTOS/Source/CMSIS_RTOS_V2/cmsis_os2.c.obj
                0x080223d8                SysTick_Handler
 .text.osKernelInitialize
                0x080223f4       0x24 CMakeFiles/application.dir/Middlewares/Third_Party/FreeRTOS/Source/CMSIS_RTOS_V2/cmsis_os2.c.obj
                0x080223f4                osKernelInitialize
 .text.osKernelGetState
                0x08022418       0x24 CMakeFiles/application.dir/Middlewares/Third_Party/FreeRTOS/Source/CMSIS_RTOS_V2/cmsis_os2.c.obj
                0x08022418                osKernelGetState
 .text.osKernelStart
                0x0802243c       0x34 CMakeFiles/application.dir/Middlewares/Third_Party/FreeRTOS/Source/CMSIS_RTOS_V2/cmsis_os2.c.obj
                0x0802243c                osKernelStart
 .text.osKernelGetTickCount
                0x08022470       0x10 CMakeFiles/application.dir/Middlewares/Third_Party/FreeRTOS/Source/CMSIS_RTOS_V2/cmsis_os2.c.obj
                0x08022470                osKernelGetTickCount
 .text.osThreadNew
                0x08022480       0x8c CMakeFiles/application.dir/Middlewares/Third_Party/FreeRTOS/Source/CMSIS_RTOS_V2/cmsis_os2.c.obj
                0x08022480                osThreadNew
 .text.osDelay  0x0802250c       0x1c CMakeFiles/application.dir/Middlewares/Third_Party/FreeRTOS/Source/CMSIS_RTOS_V2/cmsis_os2.c.obj
                0x0802250c                osDelay
 .text.osSemaphoreNew
                0x08022528       0xc0 CMakeFiles/application.dir/Middlewares/Third_Party/FreeRTOS/Source/CMSIS_RTOS_V2/cmsis_os2.c.obj
                0x08022528                osSemaphoreNew
 .text.osSemaphoreAcquire
                0x080225e8       0x64 CMakeFiles/application.dir/Middlewares/Third_Party/FreeRTOS/Source/CMSIS_RTOS_V2/cmsis_os2.c.obj
                0x080225e8                osSemaphoreAcquire
 .text.osSemaphoreRelease
                0x0802264c       0x54 CMakeFiles/application.dir/Middlewares/Third_Party/FreeRTOS/Source/CMSIS_RTOS_V2/cmsis_os2.c.obj
                0x0802264c                osSemaphoreRelease
 .text.osSemaphoreDelete
                0x080226a0       0x28 CMakeFiles/application.dir/Middlewares/Third_Party/FreeRTOS/Source/CMSIS_RTOS_V2/cmsis_os2.c.obj
                0x080226a0                osSemaphoreDelete
 .text.osMessageQueueNew
                0x080226c8       0x70 CMakeFiles/application.dir/Middlewares/Third_Party/FreeRTOS/Source/CMSIS_RTOS_V2/cmsis_os2.c.obj
                0x080226c8                osMessageQueueNew
 .text.osMessageQueuePut
                0x08022738       0x64 CMakeFiles/application.dir/Middlewares/Third_Party/FreeRTOS/Source/CMSIS_RTOS_V2/cmsis_os2.c.obj
                0x08022738                osMessageQueuePut
 .text.osMessageQueueGet
                0x0802279c       0x64 CMakeFiles/application.dir/Middlewares/Third_Party/FreeRTOS/Source/CMSIS_RTOS_V2/cmsis_os2.c.obj
                0x0802279c                osMessageQueueGet
 .text.vApplicationGetIdleTaskMemory
                0x08022800       0x1c CMakeFiles/application.dir/Middlewares/Third_Party/FreeRTOS/Source/CMSIS_RTOS_V2/cmsis_os2.c.obj
                0x08022800                vApplicationGetIdleTaskMemory
 .text.vApplicationGetTimerTaskMemory
                0x0802281c       0x20 CMakeFiles/application.dir/Middlewares/Third_Party/FreeRTOS/Source/CMSIS_RTOS_V2/cmsis_os2.c.obj
                0x0802281c                vApplicationGetTimerTaskMemory
 .text.pvPortMalloc
                0x0802283c      0x180 CMakeFiles/application.dir/Middlewares/Third_Party/FreeRTOS/Source/portable/MemMang/heap_4.c.obj
                0x0802283c                pvPortMalloc
 .text.vPortFree
                0x080229bc       0xd4 CMakeFiles/application.dir/Middlewares/Third_Party/FreeRTOS/Source/portable/MemMang/heap_4.c.obj
                0x080229bc                vPortFree
 .text.xPortGetFreeHeapSize
                0x08022a90        0xc CMakeFiles/application.dir/Middlewares/Third_Party/FreeRTOS/Source/portable/MemMang/heap_4.c.obj
                0x08022a90                xPortGetFreeHeapSize
 .text.prvPortStartFirstTask
                0x08022a9c       0x28 CMakeFiles/application.dir/Middlewares/Third_Party/FreeRTOS/Source/portable/GCC/ARM_CM4F/port.c.obj
 .text.vPortEnableVFP
                0x08022ac4       0x14 CMakeFiles/application.dir/Middlewares/Third_Party/FreeRTOS/Source/portable/GCC/ARM_CM4F/port.c.obj
 .text.prvTaskExitError
                0x08022ad8       0x40 CMakeFiles/application.dir/Middlewares/Third_Party/FreeRTOS/Source/portable/GCC/ARM_CM4F/port.c.obj
 .text.pxPortInitialiseStack
                0x08022b18       0x28 CMakeFiles/application.dir/Middlewares/Third_Party/FreeRTOS/Source/portable/GCC/ARM_CM4F/port.c.obj
                0x08022b18                pxPortInitialiseStack
 .text.SVC_Handler
                0x08022b40       0x24 CMakeFiles/application.dir/Middlewares/Third_Party/FreeRTOS/Source/portable/GCC/ARM_CM4F/port.c.obj
                0x08022b40                SVC_Handler
 .text.vPortEnterCritical
                0x08022b64       0x44 CMakeFiles/application.dir/Middlewares/Third_Party/FreeRTOS/Source/portable/GCC/ARM_CM4F/port.c.obj
                0x08022b64                vPortEnterCritical
 .text.vPortExitCritical
                0x08022ba8       0x28 CMakeFiles/application.dir/Middlewares/Third_Party/FreeRTOS/Source/portable/GCC/ARM_CM4F/port.c.obj
                0x08022ba8                vPortExitCritical
 .text.PendSV_Handler
                0x08022bd0       0x64 CMakeFiles/application.dir/Middlewares/Third_Party/FreeRTOS/Source/portable/GCC/ARM_CM4F/port.c.obj
                0x08022bd0                PendSV_Handler
 .text.xPortSysTickHandler
                0x08022c34       0x2c CMakeFiles/application.dir/Middlewares/Third_Party/FreeRTOS/Source/portable/GCC/ARM_CM4F/port.c.obj
                0x08022c34                xPortSysTickHandler
 .text.vPortSetupTimerInterrupt