Archive member included to satisfy reference by file (symbol)

F:/Compilation_toolchain/13.3 rel1/bin/../lib/gcc/arm-none-eabi/13.3.1/thumb/v7e-m+fp/hard\libc_nano.a(libc_a-exit.o)
                              F:/Compilation_toolchain/13.3 rel1/bin/../lib/gcc/arm-none-eabi/13.3.1/thumb/v7e-m+fp/hard/crt0.o (exit)
F:/Compilation_toolchain/13.3 rel1/bin/../lib/gcc/arm-none-eabi/13.3.1/thumb/v7e-m+fp/hard\libc_nano.a(libc_a-nano-vfprintf_float.o)
                              (_printf_float)
F:/Compilation_toolchain/13.3 rel1/bin/../lib/gcc/arm-none-eabi/13.3.1/thumb/v7e-m+fp/hard\libc_nano.a(libc_a-nano-vfprintf_i.o)
                              F:/Compilation_toolchain/13.3 rel1/bin/../lib/gcc/arm-none-eabi/13.3.1/thumb/v7e-m+fp/hard\libc_nano.a(libc_a-nano-vfprintf_float.o) (_printf_common)
F:/Compilation_toolchain/13.3 rel1/bin/../lib/gcc/arm-none-eabi/13.3.1/thumb/v7e-m+fp/hard\libc_nano.a(libc_a-nano-vfscanf_float.o)
                              (_scanf_float)
F:/Compilation_toolchain/13.3 rel1/bin/../lib/gcc/arm-none-eabi/13.3.1/thumb/v7e-m+fp/hard\libc_nano.a(libc_a-findfp.o)
                              F:/Compilation_toolchain/13.3 rel1/bin/../lib/gcc/arm-none-eabi/13.3.1/thumb/v7e-m+fp/hard\libc_nano.a(libc_a-exit.o) (__stdio_exit_handler)
F:/Compilation_toolchain/13.3 rel1/bin/../lib/gcc/arm-none-eabi/13.3.1/thumb/v7e-m+fp/hard\libc_nano.a(libc_a-fwalk.o)
                              F:/Compilation_toolchain/13.3 rel1/bin/../lib/gcc/arm-none-eabi/13.3.1/thumb/v7e-m+fp/hard\libc_nano.a(libc_a-findfp.o) (_fwalk_sglue)
F:/Compilation_toolchain/13.3 rel1/bin/../lib/gcc/arm-none-eabi/13.3.1/thumb/v7e-m+fp/hard\libc_nano.a(libc_a-sprintf.o)
                              F:/Compilation_toolchain/13.3 rel1/bin/../lib/gcc/arm-none-eabi/13.3.1/thumb/v7e-m+fp/hard\libc_nano.a(libc_a-nano-vfscanf_float.o) (sprintf)
F:/Compilation_toolchain/13.3 rel1/bin/../lib/gcc/arm-none-eabi/13.3.1/thumb/v7e-m+fp/hard\libc_nano.a(libc_a-stdio.o)
                              F:/Compilation_toolchain/13.3 rel1/bin/../lib/gcc/arm-none-eabi/13.3.1/thumb/v7e-m+fp/hard\libc_nano.a(libc_a-findfp.o) (__sread)
F:/Compilation_toolchain/13.3 rel1/bin/../lib/gcc/arm-none-eabi/13.3.1/thumb/v7e-m+fp/hard\libc_nano.a(libc_a-memset.o)
                              F:/Compilation_toolchain/13.3 rel1/bin/../lib/gcc/arm-none-eabi/13.3.1/thumb/v7e-m+fp/hard/crt0.o (memset)
F:/Compilation_toolchain/13.3 rel1/bin/../lib/gcc/arm-none-eabi/13.3.1/thumb/v7e-m+fp/hard\libc_nano.a(libc_a-localeconv.o)
                              F:/Compilation_toolchain/13.3 rel1/bin/../lib/gcc/arm-none-eabi/13.3.1/thumb/v7e-m+fp/hard\libc_nano.a(libc_a-nano-vfprintf_float.o) (_localeconv_r)
F:/Compilation_toolchain/13.3 rel1/bin/../lib/gcc/arm-none-eabi/13.3.1/thumb/v7e-m+fp/hard\libc_nano.a(libc_a-closer.o)
                              F:/Compilation_toolchain/13.3 rel1/bin/../lib/gcc/arm-none-eabi/13.3.1/thumb/v7e-m+fp/hard\libc_nano.a(libc_a-stdio.o) (_close_r)
F:/Compilation_toolchain/13.3 rel1/bin/../lib/gcc/arm-none-eabi/13.3.1/thumb/v7e-m+fp/hard\libc_nano.a(libc_a-reent.o)
                              F:/Compilation_toolchain/13.3 rel1/bin/../lib/gcc/arm-none-eabi/13.3.1/thumb/v7e-m+fp/hard\libc_nano.a(libc_a-closer.o) (errno)
F:/Compilation_toolchain/13.3 rel1/bin/../lib/gcc/arm-none-eabi/13.3.1/thumb/v7e-m+fp/hard\libc_nano.a(libc_a-impure.o)
                              F:/Compilation_toolchain/13.3 rel1/bin/../lib/gcc/arm-none-eabi/13.3.1/thumb/v7e-m+fp/hard\libc_nano.a(libc_a-sprintf.o) (_impure_ptr)
F:/Compilation_toolchain/13.3 rel1/bin/../lib/gcc/arm-none-eabi/13.3.1/thumb/v7e-m+fp/hard\libc_nano.a(libc_a-lseekr.o)
                              F:/Compilation_toolchain/13.3 rel1/bin/../lib/gcc/arm-none-eabi/13.3.1/thumb/v7e-m+fp/hard\libc_nano.a(libc_a-stdio.o) (_lseek_r)
F:/Compilation_toolchain/13.3 rel1/bin/../lib/gcc/arm-none-eabi/13.3.1/thumb/v7e-m+fp/hard\libc_nano.a(libc_a-readr.o)
                              F:/Compilation_toolchain/13.3 rel1/bin/../lib/gcc/arm-none-eabi/13.3.1/thumb/v7e-m+fp/hard\libc_nano.a(libc_a-stdio.o) (_read_r)
F:/Compilation_toolchain/13.3 rel1/bin/../lib/gcc/arm-none-eabi/13.3.1/thumb/v7e-m+fp/hard\libc_nano.a(libc_a-writer.o)
                              F:/Compilation_toolchain/13.3 rel1/bin/../lib/gcc/arm-none-eabi/13.3.1/thumb/v7e-m+fp/hard\libc_nano.a(libc_a-stdio.o) (_write_r)
F:/Compilation_toolchain/13.3 rel1/bin/../lib/gcc/arm-none-eabi/13.3.1/thumb/v7e-m+fp/hard\libc_nano.a(libc_a-init.o)
                              F:/Compilation_toolchain/13.3 rel1/bin/../lib/gcc/arm-none-eabi/13.3.1/thumb/v7e-m+fp/hard/crt0.o (__libc_init_array)
F:/Compilation_toolchain/13.3 rel1/bin/../lib/gcc/arm-none-eabi/13.3.1/thumb/v7e-m+fp/hard\libc_nano.a(libc_a-lock.o)
                              F:/Compilation_toolchain/13.3 rel1/bin/../lib/gcc/arm-none-eabi/13.3.1/thumb/v7e-m+fp/hard\libc_nano.a(libc_a-findfp.o) (__retarget_lock_init_recursive)
[...]
Memory Configuration

Name             Origin             Length             Attributes
RAM              0x20000000         0x00020000         xrw
CCMRAM           0x10000000         0x00010000         xrw
FLASH            0x08000000         0x00010000         xr
*default*        0x00000000         0xffffffff

Linker script and memory map

LOAD F:/Compilation_toolchain/13.3 rel1/bin/../lib/gcc/arm-none-eabi/13.3.1/thumb/v7e-m+fp/hard/crti.o
LOAD F:/Compilation_toolchain/13.3 rel1/bin/../lib/gcc/arm-none-eabi/13.3.1/thumb/v7e-m+fp/hard/crtbegin.o
LOAD F:/Compilation_toolchain/13.3 rel1/bin/../lib/gcc/arm-none-eabi/13.3.1/thumb/v7e-m+fp/hard/crt0.o
START GROUP
LOAD F:/Compilation_toolchain/13.3 rel1/bin/../lib/gcc/arm-none-eabi/13.3.1/thumb/v7e-m+fp/hard\libc_nano.a
LOAD F:/Compilation_toolchain/13.3 rel1/bin/../lib/gcc/arm-none-eabi/13.3.1/thumb/v7e-m+fp/hard\libm.a
END GROUP
LOAD CMakeFiles/bootloader.dir/code/bootloader/boot/src/boot_it.c.obj
LOAD CMakeFiles/bootloader.dir/code/bootloader/boot/src/boot_main.c.obj
LOAD CMakeFiles/bootloader.dir/code/bootloader/boot/src/callback.c.obj
LOAD CMakeFiles/bootloader.dir/code/bootloader/boot/src/iap.c.obj
LOAD CMakeFiles/bootloader.dir/code/bootloader/bsp/src/debug.c.obj
LOAD CMakeFiles/bootloader.dir/code/bootloader/bsp/src/w25qxx.c.obj
LOAD CMakeFiles/bootloader.dir/startup_stm32f407xx_boot.s.obj
LOAD CMakeFiles/bootloader.dir/Drivers/STM32F4xx_HAL_Driver/Src/stm32f4xx_hal_gpio.c.obj
LOAD CMakeFiles/bootloader.dir/Drivers/STM32F4xx_HAL_Driver/Src/stm32f4xx_hal_uart.c.obj
LOAD CMakeFiles/bootloader.dir/Drivers/STM32F4xx_HAL_Driver/Src/stm32f4xx_hal_dma.c.obj
LOAD CMakeFiles/bootloader.dir/Drivers/STM32F4xx_HAL_Driver/Src/stm32f4xx_hal_tim.c.obj
LOAD CMakeFiles/bootloader.dir/Drivers/STM32F4xx_HAL_Driver/Src/stm32f4xx_hal_spi.c.obj
LOAD CMakeFiles/bootloader.dir/Drivers/STM32F4xx_HAL_Driver/Src/stm32f4xx_hal_tim_ex.c.obj
LOAD CMakeFiles/bootloader.dir/Core/Src/usart.c.obj
LOAD CMakeFiles/bootloader.dir/Core/Src/spi.c.obj
LOAD CMakeFiles/bootloader.dir/Core/Src/dma.c.obj
LOAD CMakeFiles/bootloader.dir/Core/Src/gpio.c.obj
LOAD CMakeFiles/bootloader.dir/Core/Src/stm32f4xx_hal_timebase_tim.c.obj
LOAD CMakeFiles/bootloader.dir/Core/Src/system_stm32f4xx.c.obj
LOAD CMakeFiles/bootloader.dir/Core/Src/stm32f4xx_hal_msp.c.obj
LOAD CMakeFiles/bootloader.dir/Drivers/STM32F4xx_HAL_Driver/Src/stm32f4xx_hal.c.obj
LOAD CMakeFiles/bootloader.dir/Drivers/STM32F4xx_HAL_Driver/Src/stm32f4xx_hal_rcc.c.obj
LOAD CMakeFiles/bootloader.dir/Drivers/STM32F4xx_HAL_Driver/Src/stm32f4xx_hal_cortex.c.obj
LOAD CMakeFiles/bootloader.dir/Drivers/STM32F4xx_HAL_Driver/Src/stm32f4xx_hal_rcc_ex.c.obj
LOAD CMakeFiles/bootloader.dir/Drivers/STM32F4xx_HAL_Driver/Src/stm32f4xx_hal_flash.c.obj
LOAD CMakeFiles/bootloader.dir/Drivers/STM32F4xx_HAL_Driver/Src/stm32f4xx_hal_flash_ex.c.obj
LOAD CMakeFiles/bootloader.dir/Core/Src/syscalls.c.obj
LOAD CMakeFiles/bootloader.dir/Core/Src/sysmem.c.obj
START GROUP
LOAD F:/Compilation_toolchain/13.3 rel1/bin/../lib/gcc/arm-none-eabi/13.3.1/thumb/v7e-m+fp/hard\libgcc.a
LOAD F:/Compilation_toolchain/13.3 rel1/bin/../lib/gcc/arm-none-eabi/13.3.1/thumb/v7e-m+fp/hard\libg_nano.a
LOAD F:/Compilation_toolchain/13.3 rel1/bin/../lib/gcc/arm-none-eabi/13.3.1/thumb/v7e-m+fp/hard\libc_nano.a
END GROUP
START GROUP
LOAD F:/Compilation_toolchain/13.3 rel1/bin/../lib/gcc/arm-none-eabi/13.3.1/thumb/v7e-m+fp/hard\libgcc.a
LOAD F:/Compilation_toolchain/13.3 rel1/bin/../lib/gcc/arm-none-eabi/13.3.1/thumb/v7e-m+fp/hard\libc_nano.a
END GROUP
LOAD F:/Compilation_toolchain/13.3 rel1/bin/../lib/gcc/arm-none-eabi/13.3.1/thumb/v7e-m+fp/hard/crtend.o
LOAD F:/Compilation_toolchain/13.3 rel1/bin/../lib/gcc/arm-none-eabi/13.3.1/thumb/v7e-m+fp/hard/crtn.o
                0x20020000                        _estack = (ORIGIN (RAM) + LENGTH (RAM))
                0x00000200                        _Min_Heap_Size = 0x200
                0x00000400                        _Min_Stack_Size = 0x400

.isr_vector     0x08000000      0x188
                0x08000000                        . = ALIGN (0x4)
 *(.isr_vector)
 .isr_vector    0x08000000      0x188 CMakeFiles/bootloader.dir/startup_stm32f407xx_boot.s.obj
                0x08000000                g_pfnVectors
                0x08000188                        . = ALIGN (0x4)

.text           0x08000190     0x9690
                0x08000190                        . = ALIGN (0x4)
 *(.text)
 .text          0x08000190       0xa0 F:/Compilation_toolchain/13.3 rel1/bin/../lib/gcc/arm-none-eabi/13.3.1/thumb/v7e-m+fp/hard\libc_nano.a(libc_a-memchr.o)
                0x08000190                memchr
 .text          0x08000230       0x10 F:/Compilation_toolchain/13.3 rel1/bin/../lib/gcc/arm-none-eabi/13.3.1/thumb/v7e-m+fp/hard\libc_nano.a(libc_a-strlen.o)
                0x08000230                strlen
 .text          0x08000240      0x378 F:/Compilation_toolchain/13.3 rel1/bin/../lib/gcc/arm-none-eabi/13.3.1/thumb/v7e-m+fp/hard\libgcc.a(_arm_addsubdf3.o)
                0x08000240                __aeabi_drsub
                0x08000248                __aeabi_dsub
                0x08000248                __subdf3
                0x0800024c                __aeabi_dadd
                0x0800024c                __adddf3
                0x080004c4                __floatunsidf
                0x080004c4                __aeabi_ui2d
                0x080004e4                __floatsidf
                0x080004e4                __aeabi_i2d
                0x08000508                __aeabi_f2d
                0x08000508                __extendsfdf2
                0x0800054c                __floatundidf
                0x0800054c                __aeabi_ul2d
                0x0800055c                __floatdidf
                0x0800055c                __aeabi_l2d
 .text          0x080005b8      0x424 F:/Compilation_toolchain/13.3 rel1/bin/../lib/gcc/arm-none-eabi/13.3.1/thumb/v7e-m+fp/hard\libgcc.a(_arm_muldivdf3.o)
                0x080005b8                __aeabi_dmul
                0x080005b8                __muldf3
                0x0800080c                __divdf3
                0x0800080c                __aeabi_ddiv
 .text          0x080009dc      0x110 F:/Compilation_toolchain/13.3 rel1/bin/../lib/gcc/arm-none-eabi/13.3.1/thumb/v7e-m+fp/hard\libgcc.a(_arm_cmpdf2.o)
                0x080009dc                __gtdf2
                0x080009dc                __gedf2
                0x080009e4                __ltdf2
                0x080009e4                __ledf2
                0x080009ec                __nedf2
                0x080009ec                __eqdf2
                0x080009ec                __cmpdf2
                0x08000a68                __aeabi_cdrcmple
                0x08000a78                __aeabi_cdcmpeq
                0x08000a78                __aeabi_cdcmple
                0x08000a88                __aeabi_dcmpeq
                0x08000a9c                __aeabi_dcmplt
                0x08000ab0                __aeabi_dcmple
                0x08000ac4                __aeabi_dcmpge
                0x08000ad8                __aeabi_dcmpgt
 .text          0x08000aec       0x2c F:/Compilation_toolchain/13.3 rel1/bin/../lib/gcc/arm-none-eabi/13.3.1/thumb/v7e-m+fp/hard\libgcc.a(_arm_unorddf2.o)
                0x08000aec                __unorddf2
                0x08000aec                __aeabi_dcmpun
 .text          0x08000b18       0x50 F:/Compilation_toolchain/13.3 rel1/bin/../lib/gcc/arm-none-eabi/13.3.1/thumb/v7e-m+fp/hard\libgcc.a(_arm_fixdfsi.o)
                0x08000b18                __aeabi_d2iz
                0x08000b18                __fixdfsi
 .text          0x08000b68       0x40 F:/Compilation_toolchain/13.3 rel1/bin/../lib/gcc/arm-none-eabi/13.3.1/thumb/v7e-m+fp/hard\libgcc.a(_arm_fixunsdfsi.o)
                0x08000b68                __aeabi_d2uiz
                0x08000b68                __fixunsdfsi
 .text          0x08000ba8       0xa0 F:/Compilation_toolchain/13.3 rel1/bin/../lib/gcc/arm-none-eabi/13.3.1/thumb/v7e-m+fp/hard\libgcc.a(_arm_truncdfsf2.o)
                0x08000ba8                __truncdfsf2
                0x08000ba8                __aeabi_d2f
 .text          0x08000c48       0x30 F:/Compilation_toolchain/13.3 rel1/bin/../lib/gcc/arm-none-eabi/13.3.1/thumb/v7e-m+fp/hard\libgcc.a(_aeabi_uldivmod.o)
                0x08000c48                __aeabi_uldivmod
 .text          0x08000c78        0x4 F:/Compilation_toolchain/13.3 rel1/bin/../lib/gcc/arm-none-eabi/13.3.1/thumb/v7e-m+fp/hard\libgcc.a(_dvmd_tls.o)
                0x08000c78                __aeabi_idiv0
                0x08000c78                __aeabi_ldiv0
 *(.text*)
 .text.deregister_tm_clones
                0x08000c7c       0x1c F:/Compilation_toolchain/13.3 rel1/bin/../lib/gcc/arm-none-eabi/13.3.1/thumb/v7e-m+fp/hard/crtbegin.o
 .text.register_tm_clones
                0x08000c98       0x24 F:/Compilation_toolchain/13.3 rel1/bin/../lib/gcc/arm-none-eabi/13.3.1/thumb/v7e-m+fp/hard/crtbegin.o
 .text.__do_global_dtors_aux
                0x08000cbc       0x28 F:/Compilation_toolchain/13.3 rel1/bin/../lib/gcc/arm-none-eabi/13.3.1/thumb/v7e-m+fp/hard/crtbegin.o
 .text.frame_dummy
                0x08000ce4       0x24 F:/Compilation_toolchain/13.3 rel1/bin/../lib/gcc/arm-none-eabi/13.3.1/thumb/v7e-m+fp/hard/crtbegin.o
 .text.__cvt    0x08000d08       0xca F:/Compilation_toolchain/13.3 rel1/bin/../lib/gcc/arm-none-eabi/13.3.1/thumb/v7e-m+fp/hard\libc_nano.a(libc_a-nano-vfprintf_float.o)
                0x08000d08                __cvt
 .text.__exponent
                0x08000dd2       0x74 F:/Compilation_toolchain/13.3 rel1/bin/../lib/gcc/arm-none-eabi/13.3.1/thumb/v7e-m+fp/hard\libc_nano.a(libc_a-nano-vfprintf_float.o)
                0x08000dd2                __exponent
 *fill*         0x08000e46        0x2 
 .text._printf_float
                0x08000e48      0x454 F:/Compilation_toolchain/13.3 rel1/bin/../lib/gcc/arm-none-eabi/13.3.1/thumb/v7e-m+fp/hard\libc_nano.a(libc_a-nano-vfprintf_float.o)
                0x08000e48                _printf_float
 .text._printf_common
                0x0800129c       0xda F:/Compilation_toolchain/13.3 rel1/bin/../lib/gcc/arm-none-eabi/13.3.1/thumb/v7e-m+fp/hard\libc_nano.a(libc_a-nano-vfprintf_i.o)
                0x0800129c                _printf_common
 *fill*         0x08001376        0x2 
 .text._printf_i
                0x08001378      0x23c F:/Compilation_toolchain/13.3 rel1/bin/../lib/gcc/arm-none-eabi/13.3.1/thumb/v7e-m+fp/hard\libc_nano.a(libc_a-nano-vfprintf_i.o)
                0x08001378                _printf_i
 .text._scanf_float
                0x080015b4      0x428 F:/Compilation_toolchain/13.3 rel1/bin/../lib/gcc/arm-none-eabi/13.3.1/thumb/v7e-m+fp/hard\libc_nano.a(libc_a-nano-vfscanf_float.o)
                0x080015b4                _scanf_float
 .text.std      0x080019dc       0x6c F:/Compilation_toolchain/13.3 rel1/bin/../lib/gcc/arm-none-eabi/13.3.1/thumb/v7e-m+fp/hard\libc_nano.a(libc_a-findfp.o)
 .text.stdio_exit_handler
                0x08001a48       0x18 F:/Compilation_toolchain/13.3 rel1/bin/../lib/gcc/arm-none-eabi/13.3.1/thumb/v7e-m+fp/hard\libc_nano.a(libc_a-findfp.o)
 .text.cleanup_stdio
                0x08001a60       0x40 F:/Compilation_toolchain/13.3 rel1/bin/../lib/gcc/arm-none-eabi/13.3.1/thumb/v7e-m+fp/hard\libc_nano.a(libc_a-findfp.o)
 .text.global_stdio_init.part.0
                0x08001aa0       0x3c F:/Compilation_toolchain/13.3 rel1/bin/../lib/gcc/arm-none-eabi/13.3.1/thumb/v7e-m+fp/hard\libc_nano.a(libc_a-findfp.o)
 .text.__sfp_lock_acquire
                0x08001adc        0xc F:/Compilation_toolchain/13.3 rel1/bin/../lib/gcc/arm-none-eabi/13.3.1/thumb/v7e-m+fp/hard\libc_nano.a(libc_a-findfp.o)
                0x08001adc                __sfp_lock_acquire
 .text.__sfp_lock_release
                0x08001ae8        0xc F:/Compilation_toolchain/13.3 rel1/bin/../lib/gcc/arm-none-eabi/13.3.1/thumb/v7e-m+fp/hard\libc_nano.a(libc_a-findfp.o)
                0x08001ae8                __sfp_lock_release
 .text.__sinit  0x08001af4       0x30 F:/Compilation_toolchain/13.3 rel1/bin/../lib/gcc/arm-none-eabi/13.3.1/thumb/v7e-m+fp/hard\libc_nano.a(libc_a-findfp.o)
                0x08001af4                __sinit
 .text._fwalk_sglue
                0x08001b24       0x3c F:/Compilation_toolchain/13.3 rel1/bin/../lib/gcc/arm-none-eabi/13.3.1/thumb/v7e-m+fp/hard\libc_nano.a(libc_a-fwalk.o)
                0x08001b24                _fwalk_sglue
 .text.sprintf  0x08001b60       0x44 F:/Compilation_toolchain/13.3 rel1/bin/../lib/gcc/arm-none-eabi/13.3.1/thumb/v7e-m+fp/hard\libc_nano.a(libc_a-sprintf.o)
                0x08001b60                siprintf
                0x08001b60                sprintf
 .text.__sread  0x08001ba4       0x22 F:/Compilation_toolchain/13.3 rel1/bin/../lib/gcc/arm-none-eabi/13.3.1/thumb/v7e-m+fp/hard\libc_nano.a(libc_a-stdio.o)
                0x08001ba4                __sread
 .text.__seofread
                0x08001bc6        0x4 F:/Compilation_toolchain/13.3 rel1/bin/../lib/gcc/arm-none-eabi/13.3.1/thumb/v7e-m+fp/hard\libc_nano.a(libc_a-stdio.o)
                0x08001bc6                __seofread
 .text.__swrite
                0x08001bca       0x38 F:/Compilation_toolchain/13.3 rel1/bin/../lib/gcc/arm-none-eabi/13.3.1/thumb/v7e-m+fp/hard\libc_nano.a(libc_a-stdio.o)
                0x08001bca                __swrite
 .text.__sseek  0x08001c02       0x24 F:/Compilation_toolchain/13.3 rel1/bin/../lib/gcc/arm-none-eabi/13.3.1/thumb/v7e-m+fp/hard\libc_nano.a(libc_a-stdio.o)
                0x08001c02                __sseek
 .text.__sclose
                0x08001c26        0x8 F:/Compilation_toolchain/13.3 rel1/bin/../lib/gcc/arm-none-eabi/13.3.1/thumb/v7e-m+fp/hard\libc_nano.a(libc_a-stdio.o)
                0x08001c26                __sclose
 .text.memset   0x08001c2e       0x10 F:/Compilation_toolchain/13.3 rel1/bin/../lib/gcc/arm-none-eabi/13.3.1/thumb/v7e-m+fp/hard\libc_nano.a(libc_a-memset.o)
                0x08001c2e                memset
 *fill*         0x08001c3e        0x2 
 .text._localeconv_r
                0x08001c40        0x8 F:/Compilation_toolchain/13.3 rel1/bin/../lib/gcc/arm-none-eabi/13.3.1/thumb/v7e-m+fp/hard\libc_nano.a(libc_a-localeconv.o)
                0x08001c40                _localeconv_r
 .text._close_r
                0x08001c48       0x20 F:/Compilation_toolchain/13.3 rel1/bin/../lib/gcc/arm-none-eabi/13.3.1/thumb/v7e-m+fp/hard\libc_nano.a(libc_a-closer.o)
                0x08001c48                _close_r
 .text._lseek_r
                0x08001c68       0x24 F:/Compilation_toolchain/13.3 rel1/bin/../lib/gcc/arm-none-eabi/13.3.1/thumb/v7e-m+fp/hard\libc_nano.a(libc_a-lseekr.o)
                0x08001c68                _lseek_r
 .text._read_r  0x08001c8c       0x24 F:/Compilation_toolchain/13.3 rel1/bin/../lib/gcc/arm-none-eabi/13.3.1/thumb/v7e-m+fp/hard\libc_nano.a(libc_a-readr.o)
                0x08001c8c                _read_r
 .text._write_r
                0x08001cb0       0x24 F:/Compilation_toolchain/13.3 rel1/bin/../lib/gcc/arm-none-eabi/13.3.1/thumb/v7e-m+fp/hard\libc_nano.a(libc_a-writer.o)
                0x08001cb0                _write_r
 .text.__libc_init_array
                0x08001cd4       0x48 F:/Compilation_toolchain/13.3 rel1/bin/../lib/gcc/arm-none-eabi/13.3.1/thumb/v7e-m+fp/hard\libc_nano.a(libc_a-init.o)
                0x08001cd4                __libc_init_array
 .text.__retarget_lock_init_recursive
                0x08001d1c        0x2 F:/Compilation_toolchain/13.3 rel1/bin/../lib/gcc/arm-none-eabi/13.3.1/thumb/v7e-m+fp/hard\libc_nano.a(libc_a-lock.o)
                0x08001d1c                __retarget_lock_init_recursive
 .text.__retarget_lock_acquire_recursive
                0x08001d1e        0x2 F:/Compilation_toolchain/13.3 rel1/bin/../lib/gcc/arm-none-eabi/13.3.1/thumb/v7e-m+fp/hard\libc_nano.a(libc_a-lock.o)
                0x08001d1e                __retarget_lock_acquire_recursive
 .text.__retarget_lock_release_recursive
                0x08001d20        0x2 F:/Compilation_toolchain/13.3 rel1/bin/../lib/gcc/arm-none-eabi/13.3.1/thumb/v7e-m+fp/hard\libc_nano.a(libc_a-lock.o)
                0x08001d20                __retarget_lock_release_recursive
 *fill*         0x08001d22        0x2 
 .text.nanf     0x08001d24        0xc F:/Compilation_toolchain/13.3 rel1/bin/../lib/gcc/arm-none-eabi/13.3.1/thumb/v7e-m+fp/hard\libc_nano.a(libm_a-sf_nan.o)
                0x08001d24                nanf
 .text.quorem   0x08001d30      0x110 F:/Compilation_toolchain/13.3 rel1/bin/../lib/gcc/arm-none-eabi/13.3.1/thumb/v7e-m+fp/hard\libc_nano.a(libc_a-dtoa.o)
 .text._dtoa_r  0x08001e40      0xb74 F:/Compilation_toolchain/13.3 rel1/bin/../lib/gcc/arm-none-eabi/13.3.1/thumb/v7e-m+fp/hard\libc_nano.a(libc_a-dtoa.o)
                0x08001e40                _dtoa_r
 .text._free_r  0x080029b4       0x94 F:/Compilation_toolchain/13.3 rel1/bin/../lib/gcc/arm-none-eabi/13.3.1/thumb/v7e-m+fp/hard\libc_nano.a(libc_a-freer.o)
                0x080029b4                _free_r
 .text.malloc   0x08002a48       0x10 F:/Compilation_toolchain/13.3 rel1/bin/../lib/gcc/arm-none-eabi/13.3.1/thumb/v7e-m+fp/hard\libc_nano.a(libc_a-malloc.o)
                0x08002a48                malloc
 .text.sbrk_aligned
                0x08002a58       0x44 F:/Compilation_toolchain/13.3 rel1/bin/../lib/gcc/arm-none-eabi/13.3.1/thumb/v7e-m+fp/hard\libc_nano.a(libc_a-mallocr.o)
 .text._malloc_r
                0x08002a9c      0x100 F:/Compilation_toolchain/13.3 rel1/bin/../lib/gcc/arm-none-eabi/13.3.1/thumb/v7e-m+fp/hard\libc_nano.a(libc_a-mallocr.o)
                0x08002a9c                _malloc_r
 .text.__malloc_lock
                0x08002b9c        0xc F:/Compilation_toolchain/13.3 rel1/bin/../lib/gcc/arm-none-eabi/13.3.1/thumb/v7e-m+fp/hard\libc_nano.a(libc_a-mlock.o)
                0x08002b9c                __malloc_lock
 .text.__malloc_unlock
                0x08002ba8        0xc F:/Compilation_toolchain/13.3 rel1/bin/../lib/gcc/arm-none-eabi/13.3.1/thumb/v7e-m+fp/hard\libc_nano.a(libc_a-mlock.o)
                0x08002ba8                __malloc_unlock
 .text._Balloc  0x08002bb4       0x80 F:/Compilation_toolchain/13.3 rel1/bin/../lib/gcc/arm-none-eabi/13.3.1/thumb/v7e-m+fp/hard\libc_nano.a(libc_a-mprec.o)
                0x08002bb4                _Balloc
 .text._Bfree   0x08002c34       0x44 F:/Compilation_toolchain/13.3 rel1/bin/../lib/gcc/arm-none-eabi/13.3.1/thumb/v7e-m+fp/hard\libc_nano.a(libc_a-mprec.o)
                0x08002c34                _Bfree
 .text.__multadd
                0x08002c78       0x8c F:/Compilation_toolchain/13.3 rel1/bin/../lib/gcc/arm-none-eabi/13.3.1/thumb/v7e-m+fp/hard\libc_nano.a(libc_a-mprec.o)
                0x08002c78                __multadd
 .text.__s2b    0x08002d04       0x94 F:/Compilation_toolchain/13.3 rel1/bin/../lib/gcc/arm-none-eabi/13.3.1/thumb/v7e-m+fp/hard\libc_nano.a(libc_a-mprec.o)
                0x08002d04                __s2b
 .text.__hi0bits
                0x08002d98       0x3e F:/Compilation_toolchain/13.3 rel1/bin/../lib/gcc/arm-none-eabi/13.3.1/thumb/v7e-m+fp/hard\libc_nano.a(libc_a-mprec.o)
                0x08002d98                __hi0bits
 .text.__lo0bits
                0x08002dd6       0x5a F:/Compilation_toolchain/13.3 rel1/bin/../lib/gcc/arm-none-eabi/13.3.1/thumb/v7e-m+fp/hard\libc_nano.a(libc_a-mprec.o)
                0x08002dd6                __lo0bits
 .text.__i2b    0x08002e30       0x2c F:/Compilation_toolchain/13.3 rel1/bin/../lib/gcc/arm-none-eabi/13.3.1/thumb/v7e-m+fp/hard\libc_nano.a(libc_a-mprec.o)
                0x08002e30                __i2b
 .text.__multiply
                0x08002e5c      0x144 F:/Compilation_toolchain/13.3 rel1/bin/../lib/gcc/arm-none-eabi/13.3.1/thumb/v7e-m+fp/hard\libc_nano.a(libc_a-mprec.o)
                0x08002e5c                __multiply
 .text.__pow5mult
                0x08002fa0       0xb4 F:/Compilation_toolchain/13.3 rel1/bin/../lib/gcc/arm-none-eabi/13.3.1/thumb/v7e-m+fp/hard\libc_nano.a(libc_a-mprec.o)
                0x08002fa0                __pow5mult
 .text.__lshift
                0x08003054       0xd8 F:/Compilation_toolchain/13.3 rel1/bin/../lib/gcc/arm-none-eabi/13.3.1/thumb/v7e-m+fp/hard\libc_nano.a(libc_a-mprec.o)
                0x08003054                __lshift
 .text.__mcmp   0x0800312c       0x36 F:/Compilation_toolchain/13.3 rel1/bin/../lib/gcc/arm-none-eabi/13.3.1/thumb/v7e-m+fp/hard\libc_nano.a(libc_a-mprec.o)
                0x0800312c                __mcmp
 *fill*         0x08003162        0x2 
 .text.__mdiff  0x08003164      0x128 F:/Compilation_toolchain/13.3 rel1/bin/../lib/gcc/arm-none-eabi/13.3.1/thumb/v7e-m+fp/hard\libc_nano.a(libc_a-mprec.o)
                0x08003164                __mdiff
 .text.__ulp    0x0800328c       0x4c F:/Compilation_toolchain/13.3 rel1/bin/../lib/gcc/arm-none-eabi/13.3.1/thumb/v7e-m+fp/hard\libc_nano.a(libc_a-mprec.o)
                0x0800328c                __ulp
 .text.__b2d    0x080032d8       0x94 F:/Compilation_toolchain/13.3 rel1/bin/../lib/gcc/arm-none-eabi/13.3.1/thumb/v7e-m+fp/hard\libc_nano.a(libc_a-mprec.o)
                0x080032d8                __b2d
 .text.__d2b    0x0800336c       0xb0 F:/Compilation_toolchain/13.3 rel1/bin/../lib/gcc/arm-none-eabi/13.3.1/thumb/v7e-m+fp/hard\libc_nano.a(libc_a-mprec.o)
                0x0800336c                __d2b
 .text.__ratio  0x0800341c       0x64 F:/Compilation_toolchain/13.3 rel1/bin/../lib/gcc/arm-none-eabi/13.3.1/thumb/v7e-m+fp/hard\libc_nano.a(libc_a-mprec.o)
                0x0800341c                __ratio
 .text.__copybits
                0x08003480       0x46 F:/Compilation_toolchain/13.3 rel1/bin/../lib/gcc/arm-none-eabi/13.3.1/thumb/v7e-m+fp/hard\libc_nano.a(libc_a-mprec.o)
                0x08003480                __copybits
 .text.__any_on
                0x080034c6       0x42 F:/Compilation_toolchain/13.3 rel1/bin/../lib/gcc/arm-none-eabi/13.3.1/thumb/v7e-m+fp/hard\libc_nano.a(libc_a-mprec.o)
                0x080034c6                __any_on
 .text.sulp     0x08003508       0x3c F:/Compilation_toolchain/13.3 rel1/bin/../lib/gcc/arm-none-eabi/13.3.1/thumb/v7e-m+fp/hard\libc_nano.a(libc_a-strtod.o)
 *fill*         0x08003544        0x4 
 .text._strtod_l
                0x08003548      0xbc8 F:/Compilation_toolchain/13.3 rel1/bin/../lib/gcc/arm-none-eabi/13.3.1/thumb/v7e-m+fp/hard\libc_nano.a(libc_a-strtod.o)
                0x08003548                _strtod_l
 .text._strtod_r
                0x08004110        0xc F:/Compilation_toolchain/13.3 rel1/bin/../lib/gcc/arm-none-eabi/13.3.1/thumb/v7e-m+fp/hard\libc_nano.a(libc_a-strtod.o)
                0x08004110                _strtod_r
 .text._strtol_l.isra.0
                0x0800411c       0xf4 F:/Compilation_toolchain/13.3 rel1/bin/../lib/gcc/arm-none-eabi/13.3.1/thumb/v7e-m+fp/hard\libc_nano.a(libc_a-strtol.o)
 .text._strtol_r
                0x08004210        0x4 F:/Compilation_toolchain/13.3 rel1/bin/../lib/gcc/arm-none-eabi/13.3.1/thumb/v7e-m+fp/hard\libc_nano.a(libc_a-strtol.o)
                0x08004210                _strtol_r
 .text.__ssputs_r
                0x08004214       0xb6 F:/Compilation_toolchain/13.3 rel1/bin/../lib/gcc/arm-none-eabi/13.3.1/thumb/v7e-m+fp/hard\libc_nano.a(libc_a-nano-svfprintf.o)
                0x08004214                __ssputs_r
 *fill*         0x080042ca        0x2 
 .text._svfprintf_r
                0x080042cc      0x1f8 F:/Compilation_toolchain/13.3 rel1/bin/../lib/gcc/arm-none-eabi/13.3.1/thumb/v7e-m+fp/hard\libc_nano.a(libc_a-nano-svfprintf.o)
                0x080042cc                _svfiprintf_r
                0x080042cc                _svfprintf_r
 .text.__sflush_r
                0x080044c4      0x108 F:/Compilation_toolchain/13.3 rel1/bin/../lib/gcc/arm-none-eabi/13.3.1/thumb/v7e-m+fp/hard\libc_nano.a(libc_a-fflush.o)
                0x080044c4                __sflush_r
 .text._fflush_r
                0x080045cc       0x50 F:/Compilation_toolchain/13.3 rel1/bin/../lib/gcc/arm-none-eabi/13.3.1/thumb/v7e-m+fp/hard\libc_nano.a(libc_a-fflush.o)
                0x080045cc                _fflush_r
 .text.memmove  0x0800461c       0x34 F:/Compilation_toolchain/13.3 rel1/bin/../lib/gcc/arm-none-eabi/13.3.1/thumb/v7e-m+fp/hard\libc_nano.a(libc_a-memmove.o)
                0x0800461c                memmove
 .text.strncmp  0x08004650       0x24 F:/Compilation_toolchain/13.3 rel1/bin/../lib/gcc/arm-none-eabi/13.3.1/thumb/v7e-m+fp/hard\libc_nano.a(libc_a-strncmp.o)
                0x08004650                strncmp
 .text._sbrk_r  0x08004674       0x20 F:/Compilation_toolchain/13.3 rel1/bin/../lib/gcc/arm-none-eabi/13.3.1/thumb/v7e-m+fp/hard\libc_nano.a(libc_a-sbrkr.o)
                0x08004674                _sbrk_r
 .text.__errno  0x08004694        0xc F:/Compilation_toolchain/13.3 rel1/bin/../lib/gcc/arm-none-eabi/13.3.1/thumb/v7e-m+fp/hard\libc_nano.a(libc_a-errno.o)
                0x08004694                __errno
 .text.memcpy   0x080046a0       0x1c F:/Compilation_toolchain/13.3 rel1/bin/../lib/gcc/arm-none-eabi/13.3.1/thumb/v7e-m+fp/hard\libc_nano.a(libc_a-memcpy-stub.o)
                0x080046a0                memcpy
 *fill*         0x080046bc        0x4 
 .text.nan      0x080046c0       0x10 F:/Compilation_toolchain/13.3 rel1/bin/../lib/gcc/arm-none-eabi/13.3.1/thumb/v7e-m+fp/hard\libc_nano.a(libm_a-s_nan.o)
                0x080046c0                nan
 .text.__assert_func
                0x080046d0       0x3c F:/Compilation_toolchain/13.3 rel1/bin/../lib/gcc/arm-none-eabi/13.3.1/thumb/v7e-m+fp/hard\libc_nano.a(libc_a-assert.o)
                0x080046d0                __assert_func
 .text._calloc_r
                0x0800470c       0x28 F:/Compilation_toolchain/13.3 rel1/bin/../lib/gcc/arm-none-eabi/13.3.1/thumb/v7e-m+fp/hard\libc_nano.a(libc_a-callocr.o)
                0x0800470c                _calloc_r
 .text.rshift   0x08004734       0xa4 F:/Compilation_toolchain/13.3 rel1/bin/../lib/gcc/arm-none-eabi/13.3.1/thumb/v7e-m+fp/hard\libc_nano.a(libc_a-gdtoa-gethex.o)
 .text.__hexdig_fun
                0x080047d8       0x2a F:/Compilation_toolchain/13.3 rel1/bin/../lib/gcc/arm-none-eabi/13.3.1/thumb/v7e-m+fp/hard\libc_nano.a(libc_a-gdtoa-gethex.o)
                0x080047d8                __hexdig_fun
 *fill*         0x08004802        0x2 
 .text.__gethex
                0x08004804      0x420 F:/Compilation_toolchain/13.3 rel1/bin/../lib/gcc/arm-none-eabi/13.3.1/thumb/v7e-m+fp/hard\libc_nano.a(libc_a-gdtoa-gethex.o)
                0x08004804                __gethex
 .text.L_shift  0x08004c24       0x24 F:/Compilation_toolchain/13.3 rel1/bin/../lib/gcc/arm-none-eabi/13.3.1/thumb/v7e-m+fp/hard\libc_nano.a(libc_a-gdtoa-hexnan.o)
 .text.__match  0x08004c48       0x28 F:/Compilation_toolchain/13.3 rel1/bin/../lib/gcc/arm-none-eabi/13.3.1/thumb/v7e-m+fp/hard\libc_nano.a(libc_a-gdtoa-hexnan.o)
                0x08004c48                __match
 .text.__hexnan
                0x08004c70      0x136 F:/Compilation_toolchain/13.3 rel1/bin/../lib/gcc/arm-none-eabi/13.3.1/thumb/v7e-m+fp/hard\libc_nano.a(libc_a-gdtoa-hexnan.o)
                0x08004c70                __hexnan
 .text.__ascii_mbtowc
                0x08004da6       0x24 F:/Compilation_toolchain/13.3 rel1/bin/../lib/gcc/arm-none-eabi/13.3.1/thumb/v7e-m+fp/hard\libc_nano.a(libc_a-mbtowc_r.o)
                0x08004da6                __ascii_mbtowc
 .text._realloc_r
                0x08004dca       0x5c F:/Compilation_toolchain/13.3 rel1/bin/../lib/gcc/arm-none-eabi/13.3.1/thumb/v7e-m+fp/hard\libc_nano.a(libc_a-reallocr.o)
                0x08004dca                _realloc_r
 .text.__ascii_wctomb
                0x08004e26       0x1a F:/Compilation_toolchain/13.3 rel1/bin/../lib/gcc/arm-none-eabi/13.3.1/thumb/v7e-m+fp/hard\libc_nano.a(libc_a-wctomb_r.o)
                0x08004e26                __ascii_wctomb
 .text.fprintf  0x08004e40       0x24 F:/Compilation_toolchain/13.3 rel1/bin/../lib/gcc/arm-none-eabi/13.3.1/thumb/v7e-m+fp/hard\libc_nano.a(libc_a-fprintf.o)
                0x08004e40                fiprintf
                0x08004e40                fprintf
 .text.abort    0x08004e64        0xe F:/Compilation_toolchain/13.3 rel1/bin/../lib/gcc/arm-none-eabi/13.3.1/thumb/v7e-m+fp/hard\libc_nano.a(libc_a-abort.o)
                0x08004e64                abort
 .text._malloc_usable_size_r
                0x08004e72       0x10 F:/Compilation_toolchain/13.3 rel1/bin/../lib/gcc/arm-none-eabi/13.3.1/thumb/v7e-m+fp/hard\libc_nano.a(libc_a-msizer.o)
                0x08004e72                _malloc_usable_size_r
 .text.__sfputc_r
                0x08004e82       0x2e F:/Compilation_toolchain/13.3 rel1/bin/../lib/gcc/arm-none-eabi/13.3.1/thumb/v7e-m+fp/hard\libc_nano.a(libc_a-nano-vfprintf.o)
 .text.__sfputs_r
                0x08004eb0       0x24 F:/Compilation_toolchain/13.3 rel1/bin/../lib/gcc/arm-none-eabi/13.3.1/thumb/v7e-m+fp/hard\libc_nano.a(libc_a-nano-vfprintf.o)
                0x08004eb0                __sfputs_r
 .text._vfprintf_r
                0x08004ed4      0x230 F:/Compilation_toolchain/13.3 rel1/bin/../lib/gcc/arm-none-eabi/13.3.1/thumb/v7e-m+fp/hard\libc_nano.a(libc_a-nano-vfprintf.o)
                0x08004ed4                _vfprintf_r
                0x08004ed4                _vfiprintf_r
 .text.__swbuf_r
                0x08005104       0x7c F:/Compilation_toolchain/13.3 rel1/bin/../lib/gcc/arm-none-eabi/13.3.1/thumb/v7e-m+fp/hard\libc_nano.a(libc_a-wbuf.o)
                0x08005104                __swbuf_r
 .text.__swsetup_r
                0x08005180       0xac F:/Compilation_toolchain/13.3 rel1/bin/../lib/gcc/arm-none-eabi/13.3.1/thumb/v7e-m+fp/hard\libc_nano.a(libc_a-wsetup.o)
                0x08005180                __swsetup_r
 .text._raise_r
                0x0800522c       0x50 F:/Compilation_toolchain/13.3 rel1/bin/../lib/gcc/arm-none-eabi/13.3.1/thumb/v7e-m+fp/hard\libc_nano.a(libc_a-signal.o)
                0x0800522c                _raise_r
 .text.raise    0x0800527c       0x10 F:/Compilation_toolchain/13.3 rel1/bin/../lib/gcc/arm-none-eabi/13.3.1/thumb/v7e-m+fp/hard\libc_nano.a(libc_a-signal.o)
                0x0800527c                raise
 .text._kill_r  0x0800528c       0x24 F:/Compilation_toolchain/13.3 rel1/bin/../lib/gcc/arm-none-eabi/13.3.1/thumb/v7e-m+fp/hard\libc_nano.a(libc_a-signalr.o)
                0x0800528c                _kill_r
 .text._getpid_r
                0x080052b0        0x4 F:/Compilation_toolchain/13.3 rel1/bin/../lib/gcc/arm-none-eabi/13.3.1/thumb/v7e-m+fp/hard\libc_nano.a(libc_a-signalr.o)
                0x080052b0                _getpid_r
 .text.__swhatbuf_r
                0x080052b4       0x4c F:/Compilation_toolchain/13.3 rel1/bin/../lib/gcc/arm-none-eabi/13.3.1/thumb/v7e-m+fp/hard\libc_nano.a(libc_a-makebuf.o)
                0x080052b4                __swhatbuf_r
 .text.__smakebuf_r
                0x08005300       0x78 F:/Compilation_toolchain/13.3 rel1/bin/../lib/gcc/arm-none-eabi/13.3.1/thumb/v7e-m+fp/hard\libc_nano.a(libc_a-makebuf.o)
                0x08005300                __smakebuf_r
 .text._fstat_r
                0x08005378       0x24 F:/Compilation_toolchain/13.3 rel1/bin/../lib/gcc/arm-none-eabi/13.3.1/thumb/v7e-m+fp/hard\libc_nano.a(libc_a-fstatr.o)
                0x08005378                _fstat_r
 .text._isatty_r
                0x0800539c       0x20 F:/Compilation_toolchain/13.3 rel1/bin/../lib/gcc/arm-none-eabi/13.3.1/thumb/v7e-m+fp/hard\libc_nano.a(libc_a-isattyr.o)
                0x0800539c                _isatty_r
 .text.USART2_IRQHandler
                0x080053bc        0xc CMakeFiles/bootloader.dir/code/bootloader/boot/src/boot_it.c.obj
                0x080053bc                USART2_IRQHandler
 .text.TIM7_IRQHandler
                0x080053c8        0xc CMakeFiles/bootloader.dir/code/bootloader/boot/src/boot_it.c.obj
                0x080053c8                TIM7_IRQHandler
 .text.SPI1_IRQHandler
                0x080053d4        0xc CMakeFiles/bootloader.dir/code/bootloader/boot/src/boot_it.c.obj
                0x080053d4                SPI1_IRQHandler
 .text.DMA2_Stream0_IRQHandler
                0x080053e0        0xc CMakeFiles/bootloader.dir/code/bootloader/boot/src/boot_it.c.obj
                0x080053e0                DMA2_Stream0_IRQHandler
 .text.DMA2_Stream5_IRQHandler
                0x080053ec        0xc CMakeFiles/bootloader.dir/code/bootloader/boot/src/boot_it.c.obj
                0x080053ec                DMA2_Stream5_IRQHandler
 .text.boot_main
                0x080053f8       0xe4 CMakeFiles/bootloader.dir/code/bootloader/boot/src/boot_main.c.obj
                0x080053f8                boot_main
 .text.Error_Handler
                0x080054dc        0x4 CMakeFiles/bootloader.dir/code/bootloader/boot/src/boot_main.c.obj
                0x080054dc                Error_Handler
 .text.HAL_UARTEx_RxEventCallback
                0x080054e0       0x50 CMakeFiles/bootloader.dir/code/bootloader/boot/src/callback.c.obj
                0x080054e0                HAL_UARTEx_RxEventCallback
 .text.HAL_TIM_PeriodElapsedCallback
                0x08005530       0x14 CMakeFiles/bootloader.dir/code/bootloader/boot/src/callback.c.obj
                0x08005530                HAL_TIM_PeriodElapsedCallback
 .text.boot_jump_to_app
                0x08005544       0x1c CMakeFiles/bootloader.dir/code/bootloader/boot/src/iap.c.obj
                0x08005544                boot_jump_to_app
 .text.iap_update_app
                0x08005560      0x350 CMakeFiles/bootloader.dir/code/bootloader/boot/src/iap.c.obj
                0x08005560                iap_update_app
 .text.debug_init
                0x080058b0       0x18 CMakeFiles/bootloader.dir/code/bootloader/bsp/src/debug.c.obj
 .text.debug_scanf
                0x080058c8       0x74 CMakeFiles/bootloader.dir/code/bootloader/bsp/src/debug.c.obj
 .text.debug_printf
                0x0800593c       0x44 CMakeFiles/bootloader.dir/code/bootloader/bsp/src/debug.c.obj
 .text._read    0x08005980       0x84 CMakeFiles/bootloader.dir/code/bootloader/bsp/src/debug.c.obj
                0x08005980                _read
 .text.__io_putchar
                0x08005a04       0x2c CMakeFiles/bootloader.dir/code/bootloader/bsp/src/debug.c.obj
                0x08005a04                __io_putchar
 .text.w25qxx_init
                0x08005a30        0x4 CMakeFiles/bootloader.dir/code/bootloader/bsp/src/w25qxx.c.obj
 .text.w25qxx_reset
                0x08005a34       0x40 CMakeFiles/bootloader.dir/code/bootloader/bsp/src/w25qxx.c.obj
 .text.w25qxx_busy_status
                0x08005a74       0x68 CMakeFiles/bootloader.dir/code/bootloader/bsp/src/w25qxx.c.obj
 .text.w25qxx_read_id
                0x08005adc       0x58 CMakeFiles/bootloader.dir/code/bootloader/bsp/src/w25qxx.c.obj
 .text.w25qxx_write_enable
                0x08005b34       0x44 CMakeFiles/bootloader.dir/code/bootloader/bsp/src/w25qxx.c.obj
 .text.w25qxx_erase_sector
                0x08005b78       0x6c CMakeFiles/bootloader.dir/code/bootloader/bsp/src/w25qxx.c.obj
 .text.w25qxx_erase_chip
                0x08005be4       0x54 CMakeFiles/bootloader.dir/code/bootloader/bsp/src/w25qxx.c.obj
 .text.w25qxx_write
                0x08005c38       0xb4 CMakeFiles/bootloader.dir/code/bootloader/bsp/src/w25qxx.c.obj
 .text.w25qxx_read
                0x08005cec       0x78 CMakeFiles/bootloader.dir/code/bootloader/bsp/src/w25qxx.c.obj
 .text.w25qxx_set_cs
                0x08005d64       0x14 CMakeFiles/bootloader.dir/code/bootloader/bsp/src/w25qxx.c.obj
 .text.Reset_Handler
                0x08005d78       0x50 CMakeFiles/bootloader.dir/startup_stm32f407xx_boot.s.obj
                0x08005d78                Reset_Handler
 .text.Default_Handler
                0x08005dc8        0x2 CMakeFiles/bootloader.dir/startup_stm32f407xx_boot.s.obj
                0x08005dc8                RTC_Alarm_IRQHandler
                0x08005dc8                HASH_RNG_IRQHandler
                0x08005dc8                EXTI2_IRQHandler
                0x08005dc8                TIM8_CC_IRQHandler
                0x08005dc8                DebugMon_Handler
                0x08005dc8                TIM1_CC_IRQHandler
                0x08005dc8                HardFault_Handler
                0x08005dc8                DMA1_Stream5_IRQHandler
                0x08005dc8                SysTick_Handler
                0x08005dc8                PVD_IRQHandler
                0x08005dc8                SDIO_IRQHandler
                0x08005dc8                TAMP_STAMP_IRQHandler
                0x08005dc8                PendSV_Handler
                0x08005dc8                NMI_Handler
                0x08005dc8                CAN2_RX1_IRQHandler
                0x08005dc8                EXTI3_IRQHandler
                0x08005dc8                TIM8_TRG_COM_TIM14_IRQHandler
                0x08005dc8                TIM1_UP_TIM10_IRQHandler
                0x08005dc8                TIM8_UP_TIM13_IRQHandler
                0x08005dc8                I2C3_ER_IRQHandler
                0x08005dc8                EXTI0_IRQHandler
                0x08005dc8                I2C2_EV_IRQHandler
                0x08005dc8                DMA1_Stream2_IRQHandler
                0x08005dc8                CAN1_RX0_IRQHandler
                0x08005dc8                FPU_IRQHandler
                0x08005dc8                OTG_HS_WKUP_IRQHandler
                0x08005dc8                UsageFault_Handler
                0x08005dc8                CAN2_SCE_IRQHandler
                0x08005dc8                DMA2_Stream2_IRQHandler
                0x08005dc8                TIM6_DAC_IRQHandler
                0x08005dc8                TIM1_BRK_TIM9_IRQHandler
                0x08005dc8                DCMI_IRQHandler
                0x08005dc8                CAN2_RX0_IRQHandler
                0x08005dc8                DMA2_Stream3_IRQHandler
                0x08005dc8                USART6_IRQHandler
                0x08005dc8                USART3_IRQHandler
                0x08005dc8                CAN1_RX1_IRQHandler
                0x08005dc8                UART5_IRQHandler
                0x08005dc8                TIM4_IRQHandler
                0x08005dc8                I2C1_EV_IRQHandler
                0x08005dc8                DMA1_Stream6_IRQHandler
                0x08005dc8                DMA1_Stream1_IRQHandler
                0x08005dc8                UART4_IRQHandler
                0x08005dc8                TIM3_IRQHandler
                0x08005dc8                RCC_IRQHandler
                0x08005dc8                TIM8_BRK_TIM12_IRQHandler
                0x08005dc8                Default_Handler
                0x08005dc8                EXTI15_10_IRQHandler
                0x08005dc8                ADC_IRQHandler
                0x08005dc8                DMA1_Stream7_IRQHandler
                0x08005dc8                CAN2_TX_IRQHandler
                0x08005dc8                TIM5_IRQHandler
                0x08005dc8                DMA2_Stream7_IRQHandler
                0x08005dc8                I2C3_EV_IRQHandler
                0x08005dc8                EXTI9_5_IRQHandler
                0x08005dc8                RTC_WKUP_IRQHandler
                0x08005dc8                ETH_WKUP_IRQHandler
                0x08005dc8                SPI2_IRQHandler
                0x08005dc8                OTG_HS_EP1_IN_IRQHandler
                0x08005dc8                MemManage_Handler
                0x08005dc8                DMA1_Stream0_IRQHandler
                0x08005dc8                CAN1_TX_IRQHandler
                0x08005dc8                SVC_Handler
                0x08005dc8                EXTI4_IRQHandler
                0x08005dc8                FSMC_IRQHandler
                0x08005dc8                ETH_IRQHandler
                0x08005dc8                OTG_HS_EP1_OUT_IRQHandler
                0x08005dc8                WWDG_IRQHandler
                0x08005dc8                TIM2_IRQHandler
                0x08005dc8                OTG_FS_WKUP_IRQHandler
                0x08005dc8                TIM1_TRG_COM_TIM11_IRQHandler
                0x08005dc8                OTG_HS_IRQHandler
                0x08005dc8                EXTI1_IRQHandler
                0x08005dc8                I2C2_ER_IRQHandler
                0x08005dc8                DMA2_Stream1_IRQHandler
                0x08005dc8                CAN1_SCE_IRQHandler
                0x08005dc8                FLASH_IRQHandler
                0x08005dc8                DMA2_Stream4_IRQHandler
                0x08005dc8                BusFault_Handler
                0x08005dc8                USART1_IRQHandler
                0x08005dc8                OTG_FS_IRQHandler
                0x08005dc8                SPI3_IRQHandler
                0x08005dc8                DMA1_Stream4_IRQHandler
                0x08005dc8                I2C1_ER_IRQHandler
                0x08005dc8                DMA2_Stream6_IRQHandler
                0x08005dc8                DMA1_Stream3_IRQHandler
 *fill*         0x08005dca        0x2 
 .text.HAL_GPIO_Init
                0x08005dcc      0x3d4 CMakeFiles/bootloader.dir/Drivers/STM32F4xx_HAL_Driver/Src/stm32f4xx_hal_gpio.c.obj
                0x08005dcc                HAL_GPIO_Init
 .text.HAL_GPIO_WritePin
                0x080061a0        0x8 CMakeFiles/bootloader.dir/Drivers/STM32F4xx_HAL_Driver/Src/stm32f4xx_hal_gpio.c.obj
                0x080061a0                HAL_GPIO_WritePin
 .text.HAL_UART_Init
                0x080061a8      0x124 CMakeFiles/bootloader.dir/Drivers/STM32F4xx_HAL_Driver/Src/stm32f4xx_hal_uart.c.obj
                0x080061a8                HAL_UART_Init
 .text.HAL_UART_Transmit
                0x080062cc      0x108 CMakeFiles/bootloader.dir/Drivers/STM32F4xx_HAL_Driver/Src/stm32f4xx_hal_uart.c.obj
                0x080062cc                HAL_UART_Transmit
 .text.HAL_UART_Receive
                0x080063d4      0x1bc CMakeFiles/bootloader.dir/Drivers/STM32F4xx_HAL_Driver/Src/stm32f4xx_hal_uart.c.obj
                0x080063d4                HAL_UART_Receive
 .text.HAL_UARTEx_ReceiveToIdle_IT
                0x08006590       0x88 CMakeFiles/bootloader.dir/Drivers/STM32F4xx_HAL_Driver/Src/stm32f4xx_hal_uart.c.obj
                0x08006590                HAL_UARTEx_ReceiveToIdle_IT
 .text.HAL_UART_TxCpltCallback
                0x08006618        0x4 CMakeFiles/bootloader.dir/Drivers/STM32F4xx_HAL_Driver/Src/stm32f4xx_hal_uart.c.obj
                0x08006618                HAL_UART_TxCpltCallback
 .text.HAL_UART_RxCpltCallback
                0x0800661c        0x4 CMakeFiles/bootloader.dir/Drivers/STM32F4xx_HAL_Driver/Src/stm32f4xx_hal_uart.c.obj
                0x0800661c                HAL_UART_RxCpltCallback
 .text.HAL_UART_ErrorCallback
                0x08006620        0x4 CMakeFiles/bootloader.dir/Drivers/STM32F4xx_HAL_Driver/Src/stm32f4xx_hal_uart.c.obj
                0x08006620                HAL_UART_ErrorCallback
 .text.UART_DMAAbortOnError
                0x08006624       0x10 CMakeFiles/bootloader.dir/Drivers/STM32F4xx_HAL_Driver/Src/stm32f4xx_hal_uart.c.obj
 .text.UART_Receive_IT.part.0.isra.0
                0x08006634       0xc0 CMakeFiles/bootloader.dir/Drivers/STM32F4xx_HAL_Driver/Src/stm32f4xx_hal_uart.c.obj
 .text.HAL_UART_IRQHandler
                0x080066f4      0x378 CMakeFiles/bootloader.dir/Drivers/STM32F4xx_HAL_Driver/Src/stm32f4xx_hal_uart.c.obj
                0x080066f4                HAL_UART_IRQHandler
 .text.HAL_UART_GetState
                0x08006a6c        0xc CMakeFiles/bootloader.dir/Drivers/STM32F4xx_HAL_Driver/Src/stm32f4xx_hal_uart.c.obj
                0x08006a6c                HAL_UART_GetState
 .text.HAL_DMA_Init
                0x08006a78      0x128 CMakeFiles/bootloader.dir/Drivers/STM32F4xx_HAL_Driver/Src/stm32f4xx_hal_dma.c.obj
                0x08006a78                HAL_DMA_Init
 .text.HAL_DMA_Start_IT
                0x08006ba0       0x78 CMakeFiles/bootloader.dir/Drivers/STM32F4xx_HAL_Driver/Src/stm32f4xx_hal_dma.c.obj
                0x08006ba0                HAL_DMA_Start_IT
 .text.HAL_DMA_Abort
                0x08006c18       0x94 CMakeFiles/bootloader.dir/Drivers/STM32F4xx_HAL_Driver/Src/stm32f4xx_hal_dma.c.obj
                0x08006c18                HAL_DMA_Abort
 .text.HAL_DMA_Abort_IT
                0x08006cac       0x24 CMakeFiles/bootloader.dir/Drivers/STM32F4xx_HAL_Driver/Src/stm32f4xx_hal_dma.c.obj
                0x08006cac                HAL_DMA_Abort_IT
 .text.HAL_DMA_IRQHandler
                0x08006cd0      0x1ac CMakeFiles/bootloader.dir/Drivers/STM32F4xx_HAL_Driver/Src/stm32f4xx_hal_dma.c.obj
                0x08006cd0                HAL_DMA_IRQHandler
 .text.HAL_TIM_Base_MspInit
                0x08006e7c        0x4 CMakeFiles/bootloader.dir/Drivers/STM32F4xx_HAL_Driver/Src/stm32f4xx_hal_tim.c.obj
                0x08006e7c                HAL_TIM_Base_MspInit
 .text.HAL_TIM_Base_Init
                0x08006e80      0x124 CMakeFiles/bootloader.dir/Drivers/STM32F4xx_HAL_Driver/Src/stm32f4xx_hal_tim.c.obj
                0x08006e80                HAL_TIM_Base_Init
 .text.HAL_TIM_Base_Start_IT
                0x08006fa4       0x74 CMakeFiles/bootloader.dir/Drivers/STM32F4xx_HAL_Driver/Src/stm32f4xx_hal_tim.c.obj
                0x08006fa4                HAL_TIM_Base_Start_IT
 .text.HAL_TIM_OC_DelayElapsedCallback
                0x08007018        0x4 CMakeFiles/bootloader.dir/Drivers/STM32F4xx_HAL_Driver/Src/stm32f4xx_hal_tim.c.obj
                0x08007018                HAL_TIM_OC_DelayElapsedCallback
 .text.HAL_TIM_IC_CaptureCallback
                0x0800701c        0x4 CMakeFiles/bootloader.dir/Drivers/STM32F4xx_HAL_Driver/Src/stm32f4xx_hal_tim.c.obj
                0x0800701c                HAL_TIM_IC_CaptureCallback
 .text.HAL_TIM_PWM_PulseFinishedCallback
                0x08007020        0x4 CMakeFiles/bootloader.dir/Drivers/STM32F4xx_HAL_Driver/Src/stm32f4xx_hal_tim.c.obj
                0x08007020                HAL_TIM_PWM_PulseFinishedCallback
 .text.HAL_TIM_TriggerCallback
                0x08007024        0x4 CMakeFiles/bootloader.dir/Drivers/STM32F4xx_HAL_Driver/Src/stm32f4xx_hal_tim.c.obj
                0x08007024                HAL_TIM_TriggerCallback
 .text.HAL_TIM_IRQHandler
                0x08007028      0x138 CMakeFiles/bootloader.dir/Drivers/STM32F4xx_HAL_Driver/Src/stm32f4xx_hal_tim.c.obj
                0x08007028                HAL_TIM_IRQHandler
 .text.SPI_WaitFlagStateUntilTimeout.constprop.0
                0x08007160       0xc0 CMakeFiles/bootloader.dir/Drivers/STM32F4xx_HAL_Driver/Src/stm32f4xx_hal_spi.c.obj
 .text.SPI_EndRxTxTransaction.constprop.0
                0x08007220       0x78 CMakeFiles/bootloader.dir/Drivers/STM32F4xx_HAL_Driver/Src/stm32f4xx_hal_spi.c.obj
 .text.HAL_SPI_Init
                0x08007298       0xc4 CMakeFiles/bootloader.dir/Drivers/STM32F4xx_HAL_Driver/Src/stm32f4xx_hal_spi.c.obj
                0x08007298                HAL_SPI_Init
 .text.HAL_SPI_Transmit_DMA
                0x0800735c       0xbc CMakeFiles/bootloader.dir/Drivers/STM32F4xx_HAL_Driver/Src/stm32f4xx_hal_spi.c.obj
                0x0800735c                HAL_SPI_Transmit_DMA
 .text.HAL_SPI_TransmitReceive_DMA
                0x08007418      0x118 CMakeFiles/bootloader.dir/Drivers/STM32F4xx_HAL_Driver/Src/stm32f4xx_hal_spi.c.obj
                0x08007418                HAL_SPI_TransmitReceive_DMA
 .text.HAL_SPI_Receive_DMA
                0x08007530      0x10c CMakeFiles/bootloader.dir/Drivers/STM32F4xx_HAL_Driver/Src/stm32f4xx_hal_spi.c.obj
                0x08007530                HAL_SPI_Receive_DMA
 .text.HAL_SPI_TxCpltCallback
                0x0800763c        0x4 CMakeFiles/bootloader.dir/Drivers/STM32F4xx_HAL_Driver/Src/stm32f4xx_hal_spi.c.obj
                0x0800763c                HAL_SPI_TxCpltCallback
 .text.HAL_SPI_RxCpltCallback
                0x08007640        0x4 CMakeFiles/bootloader.dir/Drivers/STM32F4xx_HAL_Driver/Src/stm32f4xx_hal_spi.c.obj
                0x08007640                HAL_SPI_RxCpltCallback
 .text.HAL_SPI_TxRxCpltCallback
                0x08007644        0x4 CMakeFiles/bootloader.dir/Drivers/STM32F4xx_HAL_Driver/Src/stm32f4xx_hal_spi.c.obj
                0x08007644                HAL_SPI_TxRxCpltCallback
 .text.HAL_SPI_TxHalfCpltCallback
                0x08007648        0x4 CMakeFiles/bootloader.dir/Drivers/STM32F4xx_HAL_Driver/Src/stm32f4xx_hal_spi.c.obj
                0x08007648                HAL_SPI_TxHalfCpltCallback
 .text.SPI_DMAHalfTransmitCplt
                0x0800764c        0xc CMakeFiles/bootloader.dir/Drivers/STM32F4xx_HAL_Driver/Src/stm32f4xx_hal_spi.c.obj
 .text.HAL_SPI_RxHalfCpltCallback
                0x08007658        0x4 CMakeFiles/bootloader.dir/Drivers/STM32F4xx_HAL_Driver/Src/stm32f4xx_hal_spi.c.obj
                0x08007658                HAL_SPI_RxHalfCpltCallback
 .text.SPI_DMAHalfReceiveCplt
                0x0800765c        0xc CMakeFiles/bootloader.dir/Drivers/STM32F4xx_HAL_Driver/Src/stm32f4xx_hal_spi.c.obj
 .text.HAL_SPI_TxRxHalfCpltCallback
                0x08007668        0x4 CMakeFiles/bootloader.dir/Drivers/STM32F4xx_HAL_Driver/Src/stm32f4xx_hal_spi.c.obj
                0x08007668                HAL_SPI_TxRxHalfCpltCallback
 .text.SPI_DMAHalfTransmitReceiveCplt
                0x0800766c        0xc CMakeFiles/bootloader.dir/Drivers/STM32F4xx_HAL_Driver/Src/stm32f4xx_hal_spi.c.obj
 .text.HAL_SPI_ErrorCallback
                0x08007678        0x4 CMakeFiles/bootloader.dir/Drivers/STM32F4xx_HAL_Driver/Src/stm32f4xx_hal_spi.c.obj
                0x08007678                HAL_SPI_ErrorCallback
 .text.SPI_DMAError
                0x0800767c       0x24 CMakeFiles/bootloader.dir/Drivers/STM32F4xx_HAL_Driver/Src/stm32f4xx_hal_spi.c.obj
 .text.SPI_DMATransmitCplt
                0x080076a0       0x6c CMakeFiles/bootloader.dir/Drivers/STM32F4xx_HAL_Driver/Src/stm32f4xx_hal_spi.c.obj
 .text.SPI_DMAReceiveCplt
                0x0800770c       0xbc CMakeFiles/bootloader.dir/Drivers/STM32F4xx_HAL_Driver/Src/stm32f4xx_hal_spi.c.obj
 .text.SPI_DMATransmitReceiveCplt
                0x080077c8       0x58 CMakeFiles/bootloader.dir/Drivers/STM32F4xx_HAL_Driver/Src/stm32f4xx_hal_spi.c.obj
 .text.HAL_SPI_IRQHandler
                0x08007820      0x150 CMakeFiles/bootloader.dir/Drivers/STM32F4xx_HAL_Driver/Src/stm32f4xx_hal_spi.c.obj
                0x08007820                HAL_SPI_IRQHandler
 .text.SPI_DMAAbortOnError
                0x08007970       0x10 CMakeFiles/bootloader.dir/Drivers/STM32F4xx_HAL_Driver/Src/stm32f4xx_hal_spi.c.obj
 .text.HAL_SPI_GetState
                0x08007980        0x8 CMakeFiles/bootloader.dir/Drivers/STM32F4xx_HAL_Driver/Src/stm32f4xx_hal_spi.c.obj
                0x08007980                HAL_SPI_GetState
 .text.HAL_TIMEx_CommutCallback
                0x08007988        0x4 CMakeFiles/bootloader.dir/Drivers/STM32F4xx_HAL_Driver/Src/stm32f4xx_hal_tim_ex.c.obj
                0x08007988                HAL_TIMEx_CommutCallback
 .text.HAL_TIMEx_BreakCallback
                0x0800798c        0x4 CMakeFiles/bootloader.dir/Drivers/STM32F4xx_HAL_Driver/Src/stm32f4xx_hal_tim_ex.c.obj
                0x0800798c                HAL_TIMEx_BreakCallback
 .text.uart_get_rxflag
                0x08007990        0x4 CMakeFiles/bootloader.dir/Core/Src/usart.c.obj
 .text.uart_set_rxflag
                0x08007994        0x4 CMakeFiles/bootloader.dir/Core/Src/usart.c.obj
 .text.uart_get_rx_size
                0x08007998        0x4 CMakeFiles/bootloader.dir/Core/Src/usart.c.obj
 .text.uart_set_rx_size
                0x0800799c        0x4 CMakeFiles/bootloader.dir/Core/Src/usart.c.obj
 .text.uart_get_rx_buf
                0x080079a0        0x8 CMakeFiles/bootloader.dir/Core/Src/usart.c.obj
 .text.uart_get_state
                0x080079a8        0x8 CMakeFiles/bootloader.dir/Core/Src/usart.c.obj
 .text.uart_rxIT
                0x080079b0        0x8 CMakeFiles/bootloader.dir/Core/Src/usart.c.obj
 .text.uart_read
                0x080079b8        0x8 CMakeFiles/bootloader.dir/Core/Src/usart.c.obj
 .text.uart_write
                0x080079c0        0x8 CMakeFiles/bootloader.dir/Core/Src/usart.c.obj
 .text.MX_USART2_UART_Init
                0x080079c8       0x38 CMakeFiles/bootloader.dir/Core/Src/usart.c.obj
                0x080079c8                MX_USART2_UART_Init
 .text.HAL_UART_MspInit
                0x08007a00       0xf4 CMakeFiles/bootloader.dir/Core/Src/usart.c.obj
                0x08007a00                HAL_UART_MspInit
 .text.spi1_set_datawidth
                0x08007af4       0x84 CMakeFiles/bootloader.dir/Core/Src/spi.c.obj
 .text.spi1_get_state
                0x08007b78        0xc CMakeFiles/bootloader.dir/Core/Src/spi.c.obj
 .text.spi1_writeRead
                0x08007b84       0x14 CMakeFiles/bootloader.dir/Core/Src/spi.c.obj
 .text.spi1_read
                0x08007b98       0x10 CMakeFiles/bootloader.dir/Core/Src/spi.c.obj
 .text.spi1_write
                0x08007ba8       0x10 CMakeFiles/bootloader.dir/Core/Src/spi.c.obj
 .text.MX_SPI1_Init
                0x08007bb8       0x44 CMakeFiles/bootloader.dir/Core/Src/spi.c.obj
                0x08007bb8                MX_SPI1_Init
 .text.HAL_SPI_MspInit
                0x08007bfc      0x188 CMakeFiles/bootloader.dir/Core/Src/spi.c.obj
                0x08007bfc                HAL_SPI_MspInit
 .text.MX_DMA_Init
                0x08007d84       0x68 CMakeFiles/bootloader.dir/Core/Src/dma.c.obj
                0x08007d84                MX_DMA_Init
 .text.MX_GPIO_Init
                0x08007dec      0x104 CMakeFiles/bootloader.dir/Core/Src/gpio.c.obj
                0x08007dec                MX_GPIO_Init
 .text.HAL_InitTick
                0x08007ef0       0xa8 CMakeFiles/bootloader.dir/Core/Src/stm32f4xx_hal_timebase_tim.c.obj
                0x08007ef0                HAL_InitTick
 .text.SystemInit
                0x08007f98       0x14 CMakeFiles/bootloader.dir/Core/Src/system_stm32f4xx.c.obj
                0x08007f98                SystemInit
 .text.HAL_MspInit
                0x08007fac       0x40 CMakeFiles/bootloader.dir/Core/Src/stm32f4xx_hal_msp.c.obj
                0x08007fac                HAL_MspInit
 .text.HAL_Init
                0x08007fec       0x34 CMakeFiles/bootloader.dir/Drivers/STM32F4xx_HAL_Driver/Src/stm32f4xx_hal.c.obj
                0x08007fec                HAL_Init
 .text.HAL_IncTick
                0x08008020       0x18 CMakeFiles/bootloader.dir/Drivers/STM32F4xx_HAL_Driver/Src/stm32f4xx_hal.c.obj
                0x08008020                HAL_IncTick
 .text.HAL_GetTick
                0x08008038        0xc CMakeFiles/bootloader.dir/Drivers/STM32F4xx_HAL_Driver/Src/stm32f4xx_hal.c.obj
                0x08008038                HAL_GetTick
 .text.HAL_RCC_OscConfig
                0x08008044      0x3c4 CMakeFiles/bootloader.dir/Drivers/STM32F4xx_HAL_Driver/Src/stm32f4xx_hal_rcc.c.obj
                0x08008044                HAL_RCC_OscConfig
 .text.HAL_RCC_GetSysClockFreq
                0x08008408       0x68 CMakeFiles/bootloader.dir/Drivers/STM32F4xx_HAL_Driver/Src/stm32f4xx_hal_rcc.c.obj
                0x08008408                HAL_RCC_GetSysClockFreq
 .text.HAL_RCC_ClockConfig
                0x08008470      0x13c CMakeFiles/bootloader.dir/Drivers/STM32F4xx_HAL_Driver/Src/stm32f4xx_hal_rcc.c.obj
                0x08008470                HAL_RCC_ClockConfig
 .text.HAL_RCC_GetPCLK1Freq
                0x080085ac       0x20 CMakeFiles/bootloader.dir/Drivers/STM32F4xx_HAL_Driver/Src/stm32f4xx_hal_rcc.c.obj
                0x080085ac                HAL_RCC_GetPCLK1Freq
 .text.HAL_RCC_GetPCLK2Freq
                0x080085cc       0x20 CMakeFiles/bootloader.dir/Drivers/STM32F4xx_HAL_Driver/Src/stm32f4xx_hal_rcc.c.obj
                0x080085cc                HAL_RCC_GetPCLK2Freq
 .text.HAL_RCC_GetClockConfig
                0x080085ec       0x44 CMakeFiles/bootloader.dir/Drivers/STM32F4xx_HAL_Driver/Src/stm32f4xx_hal_rcc.c.obj
                0x080085ec                HAL_RCC_GetClockConfig
 .text.HAL_NVIC_SetPriorityGrouping
                0x08008630       0x24 CMakeFiles/bootloader.dir/Drivers/STM32F4xx_HAL_Driver/Src/stm32f4xx_hal_cortex.c.obj
                0x08008630                HAL_NVIC_SetPriorityGrouping
 .text.HAL_NVIC_SetPriority
                0x08008654       0x78 CMakeFiles/bootloader.dir/Drivers/STM32F4xx_HAL_Driver/Src/stm32f4xx_hal_cortex.c.obj
                0x08008654                HAL_NVIC_SetPriority
 .text.HAL_NVIC_EnableIRQ
                0x080086cc       0x1c CMakeFiles/bootloader.dir/Drivers/STM32F4xx_HAL_Driver/Src/stm32f4xx_hal_cortex.c.obj
                0x080086cc                HAL_NVIC_EnableIRQ
 .text.FLASH_SetErrorCode
                0x080086e8       0x78 CMakeFiles/bootloader.dir/Drivers/STM32F4xx_HAL_Driver/Src/stm32f4xx_hal_flash.c.obj
 .text.HAL_FLASH_Program
                0x08008760      0x144 CMakeFiles/bootloader.dir/Drivers/STM32F4xx_HAL_Driver/Src/stm32f4xx_hal_flash.c.obj
                0x08008760                HAL_FLASH_Program
 .text.HAL_FLASH_Unlock
                0x080088a4       0x28 CMakeFiles/bootloader.dir/Drivers/STM32F4xx_HAL_Driver/Src/stm32f4xx_hal_flash.c.obj
                0x080088a4                HAL_FLASH_Unlock
 .text.HAL_FLASH_Lock
                0x080088cc       0x14 CMakeFiles/bootloader.dir/Drivers/STM32F4xx_HAL_Driver/Src/stm32f4xx_hal_flash.c.obj
                0x080088cc                HAL_FLASH_Lock
 .text.FLASH_WaitForLastOperation
                0x080088e0       0x64 CMakeFiles/bootloader.dir/Drivers/STM32F4xx_HAL_Driver/Src/stm32f4xx_hal_flash.c.obj
                0x080088e0                FLASH_WaitForLastOperation
 .text.FLASH_FlushCaches
                0x08008944       0x58 CMakeFiles/bootloader.dir/Drivers/STM32F4xx_HAL_Driver/Src/stm32f4xx_hal_flash_ex.c.obj
                0x08008944                FLASH_FlushCaches
 .text.HAL_FLASHEx_Erase
                0x0800899c       0xf0 CMakeFiles/bootloader.dir/Drivers/STM32F4xx_HAL_Driver/Src/stm32f4xx_hal_flash_ex.c.obj
                0x0800899c                HAL_FLASHEx_Erase
 .text._getpid  0x08008a8c        0x4 CMakeFiles/bootloader.dir/Core/Src/syscalls.c.obj
                0x08008a8c                _getpid
 .text._kill    0x08008a90       0x10 CMakeFiles/bootloader.dir/Core/Src/syscalls.c.obj
                0x08008a90                _kill
 .text._exit    0x08008aa0        0xc CMakeFiles/bootloader.dir/Core/Src/syscalls.c.obj
                0x08008aa0                _exit
 .text._write   0x08008aac       0x1c CMakeFiles/bootloader.dir/Core/Src/syscalls.c.obj
                0x08008aac                _write
 .text._close   0x08008ac8        0x8 CMakeFiles/bootloader.dir/Core/Src/syscalls.c.obj
                0x08008ac8                _close
 .text._fstat   0x08008ad0        0xc CMakeFiles/bootloader.dir/Core/Src/syscalls.c.obj
                0x08008ad0                _fstat
 .text._isatty  0x08008adc        0x4 CMakeFiles/bootloader.dir/Core/Src/syscalls.c.obj
                0x08008adc                _isatty
 .text._lseek   0x08008ae0        0x4 CMakeFiles/bootloader.dir/Core/Src/syscalls.c.obj
                0x08008ae0                _lseek
 .text._sbrk    0x08008ae4       0x44 CMakeFiles/bootloader.dir/Core/Src/sysmem.c.obj
                0x08008ae4                _sbrk
 .text.__fixdfdi
                0x08008b28       0x30 F:/Compilation_toolchain/13.3 rel1/bin/../lib/gcc/arm-none-eabi/13.3.1/thumb/v7e-m+fp/hard\libgcc.a(_fixdfdi.o)
                0x08008b28                __fixdfdi
                0x08008b28                __aeabi_d2lz
 .text.__fixunsdfdi
                0x08008b58       0x3c F:/Compilation_toolchain/13.3 rel1/bin/../lib/gcc/arm-none-eabi/13.3.1/thumb/v7e-m+fp/hard\libgcc.a(_fixunsdfdi.o)
                0x08008b58                __fixunsdfdi
                0x08008b58                __aeabi_d2ulz
 .text.__udivmoddi4
                0x08008b94      0x2bc F:/Compilation_toolchain/13.3 rel1/bin/../lib/gcc/arm-none-eabi/13.3.1/thumb/v7e-m+fp/hard\libgcc.a(_udivmoddi4.o)
                0x08008b94                __udivmoddi4
 .text.printf   0x08008e50       0x24 F:/Compilation_toolchain/13.3 rel1/bin/../lib/gcc/arm-none-eabi/13.3.1/thumb/v7e-m+fp/hard\libg_nano.a(libc_a-printf.o)
                0x08008e50                iprintf
                0x08008e50                printf
 .text._puts_r  0x08008e74       0xaa F:/Compilation_toolchain/13.3 rel1/bin/../lib/gcc/arm-none-eabi/13.3.1/thumb/v7e-m+fp/hard\libg_nano.a(libc_a-puts.o)
                0x08008e74                _puts_r
 *fill*         0x08008f1e        0x2 
 .text.puts     0x08008f20       0x10 F:/Compilation_toolchain/13.3 rel1/bin/../lib/gcc/arm-none-eabi/13.3.1/thumb/v7e-m+fp/hard\libg_nano.a(libc_a-puts.o)
                0x08008f20                puts
 .text._vsnprintf_r
                0x08008f30       0x5c F:/Compilation_toolchain/13.3 rel1/bin/../lib/gcc/arm-none-eabi/13.3.1/thumb/v7e-m+fp/hard\libg_nano.a(libc_a-vsnprintf.o)
                0x08008f30                _vsniprintf_r
                0x08008f30                _vsnprintf_r
 .text.vsnprintf
                0x08008f8c       0x1c F:/Compilation_toolchain/13.3 rel1/bin/../lib/gcc/arm-none-eabi/13.3.1/thumb/v7e-m+fp/hard\libg_nano.a(libc_a-vsnprintf.o)
                0x08008f8c                vsniprintf
                0x08008f8c                vsnprintf
 .text._vsscanf_r
                0x08008fa8       0x48 F:/Compilation_toolchain/13.3 rel1/bin/../lib/gcc/arm-none-eabi/13.3.1/thumb/v7e-m+fp/hard\libg_nano.a(libc_a-vsscanf.o)
                0x08008fa8                _vsscanf_r
                0x08008fa8                _vsiscanf_r
 .text.vsscanf  0x08008ff0       0x14 F:/Compilation_toolchain/13.3 rel1/bin/../lib/gcc/arm-none-eabi/13.3.1/thumb/v7e-m+fp/hard\libg_nano.a(libc_a-vsscanf.o)
                0x08008ff0                vsiscanf
                0x08008ff0                vsscanf
 .text._sungetc_r
                0x08009004       0x7a F:/Compilation_toolchain/13.3 rel1/bin/../lib/gcc/arm-none-eabi/13.3.1/thumb/v7e-m+fp/hard\libg_nano.a(libc_a-nano-svfscanf.o)
                0x08009004                _sungetc_r
 .text.__ssrefill_r
                0x0800907e       0x3a F:/Compilation_toolchain/13.3 rel1/bin/../lib/gcc/arm-none-eabi/13.3.1/thumb/v7e-m+fp/hard\libg_nano.a(libc_a-nano-svfscanf.o)
                0x0800907e                __ssrefill_r
 .text.__ssvfscanf_r
                0x080090b8      0x2ec F:/Compilation_toolchain/13.3 rel1/bin/../lib/gcc/arm-none-eabi/13.3.1/thumb/v7e-m+fp/hard\libg_nano.a(libc_a-nano-svfscanf.o)
                0x080090b8                __ssvfiscanf_r
                0x080090b8                __ssvfscanf_r
 .text._scanf_chars
                0x080093a4       0xb4 F:/Compilation_toolchain/13.3 rel1/bin/../lib/gcc/arm-none-eabi/13.3.1/thumb/v7e-m+fp/hard\libg_nano.a(libc_a-nano-vfscanf_i.o)
                0x080093a4                _scanf_chars
 .text._scanf_i
                0x08009458      0x1e8 F:/Compilation_toolchain/13.3 rel1/bin/../lib/gcc/arm-none-eabi/13.3.1/thumb/v7e-m+fp/hard\libg_nano.a(libc_a-nano-vfscanf_i.o)
                0x08009458                _scanf_i
 .text.__sccl   0x08009640       0x72 F:/Compilation_toolchain/13.3 rel1/bin/../lib/gcc/arm-none-eabi/13.3.1/thumb/v7e-m+fp/hard\libg_nano.a(libc_a-sccl.o)
                0x08009640                __sccl
 .text.__submore
                0x080096b2       0x74 F:/Compilation_toolchain/13.3 rel1/bin/../lib/gcc/arm-none-eabi/13.3.1/thumb/v7e-m+fp/hard\libg_nano.a(libc_a-ungetc.o)
                0x080096b2                __submore
 *fill*         0x08009726        0x2 
 .text._strtoul_l.isra.0
                0x08009728       0xdc F:/Compilation_toolchain/13.3 rel1/bin/../lib/gcc/arm-none-eabi/13.3.1/thumb/v7e-m+fp/hard\libg_nano.a(libc_a-strtoul.o)
 .text._strtoul_r
                0x08009804        0x4 F:/Compilation_toolchain/13.3 rel1/bin/../lib/gcc/arm-none-eabi/13.3.1/thumb/v7e-m+fp/hard\libg_nano.a(libc_a-strtoul.o)
                0x08009804                _strtoul_r
 *(.glue_7)
 .glue_7        0x08009808        0x0 linker stubs
 *(.glue_7t)
 .glue_7t       0x08009808        0x0 linker stubs
 *(.eh_frame)
 .eh_frame      0x08009808        0x0 F:/Compilation_toolchain/13.3 rel1/bin/../lib/gcc/arm-none-eabi/13.3.1/thumb/v7e-m+fp/hard/crtbegin.o
 *(.init)
 .init          0x08009808        0x4 F:/Compilation_toolchain/13.3 rel1/bin/../lib/gcc/arm-none-eabi/13.3.1/thumb/v7e-m+fp/hard/crti.o
                0x08009808                _init
 .init          0x0800980c        0x8 F:/Compilation_toolchain/13.3 rel1/bin/../lib/gcc/arm-none-eabi/13.3.1/thumb/v7e-m+fp/hard/crtn.o
 *(.fini)
 .fini          0x08009814        0x4 F:/Compilation_toolchain/13.3 rel1/bin/../lib/gcc/arm-none-eabi/13.3.1/thumb/v7e-m+fp/hard/crti.o
                0x08009814                _fini
 .fini          0x08009818        0x8 F:/Compilation_toolchain/13.3 rel1/bin/../lib/gcc/arm-none-eabi/13.3.1/thumb/v7e-m+fp/hard/crtn.o
                0x08009820                        . = ALIGN (0x4)
                0x08009820                        _etext = .

.vfp11_veneer   0x08009820        0x0
 .vfp11_veneer  0x08009820        0x0 linker stubs

.v4_bx          0x08009820        0x0
 .v4_bx         0x08009820        0x0 linker stubs

.iplt           0x08009820        0x0
 .iplt          0x08009820        0x0 F:/Compilation_toolchain/13.3 rel1/bin/../lib/gcc/arm-none-eabi/13.3.1/thumb/v7e-m+fp/hard/crtbegin.o

.rodata         0x08009820      0x6e0
                0x08009820                        . = ALIGN (0x4)
 *(.rodata)
 .rodata        0x08009820        0xc F:/Compilation_toolchain/13.3 rel1/bin/../lib/gcc/arm-none-eabi/13.3.1/thumb/v7e-m+fp/hard\libg_nano.a(libc_a-nano-vfscanf_i.o)
 *(.rodata*)
 .rodata._printf_float.str1.1
                0x0800982c      0x1f2 F:/Compilation_toolchain/13.3 rel1/bin/../lib/gcc/arm-none-eabi/13.3.1/thumb/v7e-m+fp/hard\libc_nano.a(libc_a-nano-vfprintf_float.o)
                                 0x12 (size before relaxing)
 .rodata._printf_i.str1.1
                0x08009a1e       0x22 F:/Compilation_toolchain/13.3 rel1/bin/../lib/gcc/arm-none-eabi/13.3.1/thumb/v7e-m+fp/hard\libc_nano.a(libc_a-nano-vfprintf_i.o)
 .rodata._scanf_float.str1.1
                0x08009a1e        0x6 F:/Compilation_toolchain/13.3 rel1/bin/../lib/gcc/arm-none-eabi/13.3.1/thumb/v7e-m+fp/hard\libc_nano.a(libc_a-nano-vfscanf_float.o)
 .rodata._dtoa_r.str1.1
                0x08009a1e       0x90 F:/Compilation_toolchain/13.3 rel1/bin/../lib/gcc/arm-none-eabi/13.3.1/thumb/v7e-m+fp/hard\libc_nano.a(libc_a-dtoa.o)
 .rodata._Balloc.str1.1
                0x08009a1e       0x71 F:/Compilation_toolchain/13.3 rel1/bin/../lib/gcc/arm-none-eabi/13.3.1/thumb/v7e-m+fp/hard\libc_nano.a(libc_a-mprec.o)
 .rodata.__multadd.str1.1
                0x08009a1e       0x11 F:/Compilation_toolchain/13.3 rel1/bin/../lib/gcc/arm-none-eabi/13.3.1/thumb/v7e-m+fp/hard\libc_nano.a(libc_a-mprec.o)
 *fill*         0x08009a1e        0x2 
 .rodata.p05.0  0x08009a20        0xc F:/Compilation_toolchain/13.3 rel1/bin/../lib/gcc/arm-none-eabi/13.3.1/thumb/v7e-m+fp/hard\libc_nano.a(libc_a-mprec.o)
 *fill*         0x08009a2c        0x4 
 .rodata.__mprec_bigtens
                0x08009a30       0x28 F:/Compilation_toolchain/13.3 rel1/bin/../lib/gcc/arm-none-eabi/13.3.1/thumb/v7e-m+fp/hard\libc_nano.a(libc_a-mprec.o)
                0x08009a30                __mprec_bigtens
 .rodata.__mprec_tens
                0x08009a58       0xc8 F:/Compilation_toolchain/13.3 rel1/bin/../lib/gcc/arm-none-eabi/13.3.1/thumb/v7e-m+fp/hard\libc_nano.a(libc_a-mprec.o)
                0x08009a58                __mprec_tens
 .rodata._strtod_l.str1.1
                0x08009b20        0xf F:/Compilation_toolchain/13.3 rel1/bin/../lib/gcc/arm-none-eabi/13.3.1/thumb/v7e-m+fp/hard\libc_nano.a(libc_a-strtod.o)
 .rodata.fpinan.0
                0x08009b20       0x14 F:/Compilation_toolchain/13.3 rel1/bin/../lib/gcc/arm-none-eabi/13.3.1/thumb/v7e-m+fp/hard\libc_nano.a(libc_a-strtod.o)
 .rodata.fpi.1  0x08009b34       0x14 F:/Compilation_toolchain/13.3 rel1/bin/../lib/gcc/arm-none-eabi/13.3.1/thumb/v7e-m+fp/hard\libc_nano.a(libc_a-strtod.o)
 .rodata.tinytens
                0x08009b48       0x28 F:/Compilation_toolchain/13.3 rel1/bin/../lib/gcc/arm-none-eabi/13.3.1/thumb/v7e-m+fp/hard\libc_nano.a(libc_a-strtod.o)
 .rodata._ctype_
                0x08009b70      0x101 F:/Compilation_toolchain/13.3 rel1/bin/../lib/gcc/arm-none-eabi/13.3.1/thumb/v7e-m+fp/hard\libc_nano.a(libc_a-ctype_.o)
                0x08009b70                _ctype_
 .rodata._svfprintf_r.str1.1
                0x08009c71       0x11 F:/Compilation_toolchain/13.3 rel1/bin/../lib/gcc/arm-none-eabi/13.3.1/thumb/v7e-m+fp/hard\libc_nano.a(libc_a-nano-svfprintf.o)
 .rodata._setlocale_r.str1.1
                0x08009c71        0x9 F:/Compilation_toolchain/13.3 rel1/bin/../lib/gcc/arm-none-eabi/13.3.1/thumb/v7e-m+fp/hard\libc_nano.a(libc_a-locale.o)
 .rodata.str1.1
                0x08009c71        0x2 F:/Compilation_toolchain/13.3 rel1/bin/../lib/gcc/arm-none-eabi/13.3.1/thumb/v7e-m+fp/hard\libc_nano.a(libc_a-locale.o)
 .rodata.__assert_func.str1.1
                0x08009c71       0x3d F:/Compilation_toolchain/13.3 rel1/bin/../lib/gcc/arm-none-eabi/13.3.1/thumb/v7e-m+fp/hard\libc_nano.a(libc_a-assert.o)
 .rodata.__gethex.str1.1
                0x08009c71       0x74 F:/Compilation_toolchain/13.3 rel1/bin/../lib/gcc/arm-none-eabi/13.3.1/thumb/v7e-m+fp/hard\libc_nano.a(libc_a-gdtoa-gethex.o)
 .rodata._vfprintf_r.str1.1
                0x08009c71       0x11 F:/Compilation_toolchain/13.3 rel1/bin/../lib/gcc/arm-none-eabi/13.3.1/thumb/v7e-m+fp/hard\libc_nano.a(libc_a-nano-vfprintf.o)
 *fill*         0x08009c71        0x3 
 .rodata.boot_main.str1.4
                0x08009c74      0x237 CMakeFiles/bootloader.dir/code/bootloader/boot/src/boot_main.c.obj
                                 0x12 (size before relaxing)
 .rodata.iap_update_app.str1.4
                0x08009eab      0x243 CMakeFiles/bootloader.dir/code/bootloader/boot/src/iap.c.obj
 .rodata.debug_scanf.str1.4
                0x08009eab        0x3 CMakeFiles/bootloader.dir/code/bootloader/bsp/src/debug.c.obj
 *fill*         0x08009eab        0x1 
 .rodata.debug  0x08009eac        0x8 CMakeFiles/bootloader.dir/code/bootloader/bsp/src/debug.c.obj
                0x08009eac                debug
 .rodata.w25qxx
                0x08009eb4        0x8 CMakeFiles/bootloader.dir/code/bootloader/bsp/src/w25qxx.c.obj
                0x08009eb4                w25qxx
 .rodata.flagBitshiftOffset.0
                0x08009ebc        0x8 CMakeFiles/bootloader.dir/Drivers/STM32F4xx_HAL_Driver/Src/stm32f4xx_hal_dma.c.obj
 .rodata.uart3  0x08009ec4        0x8 CMakeFiles/bootloader.dir/Core/Src/usart.c.obj
                0x08009ec4                uart3
 .rodata.uart2  0x08009ecc        0x8 CMakeFiles/bootloader.dir/Core/Src/usart.c.obj
                0x08009ecc                uart2
 .rodata.spi1_api
                0x08009ed4       0x14 CMakeFiles/bootloader.dir/Core/Src/spi.c.obj
                0x08009ed4                spi1_api
 .rodata.APBPrescTable
                0x08009ee8        0x8 CMakeFiles/bootloader.dir/Core/Src/system_stm32f4xx.c.obj
                0x08009ee8                APBPrescTable
 .rodata.AHBPrescTable
                0x08009ef0       0x10 CMakeFiles/bootloader.dir/Core/Src/system_stm32f4xx.c.obj
                0x08009ef0                AHBPrescTable
 .rodata.__ssvfscanf_r.str1.1
                0x08009f00        0x4 F:/Compilation_toolchain/13.3 rel1/bin/../lib/gcc/arm-none-eabi/13.3.1/thumb/v7e-m+fp/hard\libg_nano.a(libc_a-nano-svfscanf.o)
 .rodata._scanf_i.str1.1
                0x08009f00       0x12 F:/Compilation_toolchain/13.3 rel1/bin/../lib/gcc/arm-none-eabi/13.3.1/thumb/v7e-m+fp/hard\libg_nano.a(libc_a-nano-vfscanf_i.o)
 .rodata.str1.1
                0x08009f00        0x9 F:/Compilation_toolchain/13.3 rel1/bin/../lib/gcc/arm-none-eabi/13.3.1/thumb/v7e-m+fp/hard\libg_nano.a(libc_a-nano-vfscanf_i.o)
                0x08009f14                        . = ALIGN (0x4)

.ARM.extab
 *(.ARM.extab* .gnu.linkonce.armextab.*)

.ARM            0x08009f00        0x8
                0x08009f00                        __exidx_start = .
 *(.ARM.exidx*)
 .ARM.exidx     0x08009f00        0x8 F:/Compilation_toolchain/13.3 rel1/bin/../lib/gcc/arm-none-eabi/13.3.1/thumb/v7e-m+fp/hard\libc_nano.a(libc_a-memchr.o)
 .ARM.exidx     0x08009f08        0x0 F:/Compilation_toolchain/13.3 rel1/bin/../lib/gcc/arm-none-eabi/13.3.1/thumb/v7e-m+fp/hard\libc_nano.a(libc_a-strlen.o)
                                  0x8 (size before relaxing)
 .ARM.exidx.text.__udivmoddi4
                0x08009f08        0x0 F:/Compilation_toolchain/13.3 rel1/bin/../lib/gcc/arm-none-eabi/13.3.1/thumb/v7e-m+fp/hard\libgcc.a(_udivmoddi4.o)
                                  0x8 (size before relaxing)
                0x08009f08                        __exidx_end = .

.rel.dyn        0x08009f08        0x0
 .rel.iplt      0x08009f08        0x0 F:/Compilation_toolchain/13.3 rel1/bin/../lib/gcc/arm-none-eabi/13.3.1/thumb/v7e-m+fp/hard/crtbegin.o

.preinit_array  0x08009f08        0x0
                0x08009f08                        PROVIDE (__preinit_array_start = .)
 *(.preinit_array*)
                0x08009f08                        PROVIDE (__preinit_array_end = .)

.init_array     0x08009f08        0x4
                0x08009f08                        PROVIDE (__init_array_start = .)
 *(SORT_BY_NAME(.init_array.*))
 *(.init_array*)
 .init_array    0x08009f08        0x4 F:/Compilation_toolchain/13.3 rel1/bin/../lib/gcc/arm-none-eabi/13.3.1/thumb/v7e-m+fp/hard/crtbegin.o
                0x08009f0c                        PROVIDE (__init_array_end = .)

.fini_array     0x08009f0c        0x4
                [!provide]                        PROVIDE (__fini_array_start = .)
 *(SORT_BY_NAME(.fini_array.*))
 *(.fini_array*)
 .fini_array    0x08009f0c        0x4 F:/Compilation_toolchain/13.3 rel1/bin/../lib/gcc/arm-none-eabi/13.3.1/thumb/v7e-m+fp/hard/crtbegin.o
                [!provide]                        PROVIDE (__fini_array_end = .)
                0x08009f10                        _sidata = LOADADDR (.data)

.data           0x20000000      0x280 load address 0x08009f10
                0x20000000                        . = ALIGN (0x4)
                0x20000000                        _sdata = .
 *(.data)
 *(.data*)
 .data.__sglue  0x20000000        0xc F:/Compilation_toolchain/13.3 rel1/bin/../lib/gcc/arm-none-eabi/13.3.1/thumb/v7e-m+fp/hard\libc_nano.a(libc_a-findfp.o)
                0x20000000                __sglue
 .data._impure_ptr
                0x2000000c        0x4 F:/Compilation_toolchain/13.3 rel1/bin/../lib/gcc/arm-none-eabi/13.3.1/thumb/v7e-m+fp/hard\libc_nano.a(libc_a-impure.o)
                0x2000000c                _impure_ptr
 .data._impure_data
                0x20000010       0x4c F:/Compilation_toolchain/13.3 rel1/bin/../lib/gcc/arm-none-eabi/13.3.1/thumb/v7e-m+fp/hard\libc_nano.a(libc_a-impure.o)
                0x20000010                _impure_data
 .data.__global_locale
                0x2000005c      0x16c F:/Compilation_toolchain/13.3 rel1/bin/../lib/gcc/arm-none-eabi/13.3.1/thumb/v7e-m+fp/hard\libc_nano.a(libc_a-locale.o)
                0x2000005c                __global_locale
 .data.debug_api
                0x200001c8        0xc CMakeFiles/bootloader.dir/code/bootloader/bsp/src/debug.c.obj
 .data.debug_ctrl
                0x200001d4       0x14 CMakeFiles/bootloader.dir/code/bootloader/bsp/src/debug.c.obj
 .data.w25qxx_api
                0x200001e8       0x1c CMakeFiles/bootloader.dir/code/bootloader/bsp/src/w25qxx.c.obj
 .data.w25qxx_ctrl
                0x20000204       0x1c CMakeFiles/bootloader.dir/code/bootloader/bsp/src/w25qxx.c.obj
 .data.uartx_api
                0x20000220       0x24 CMakeFiles/bootloader.dir/Core/Src/usart.c.obj
 .data.uart3_ctrl
                0x20000244        0x8 CMakeFiles/bootloader.dir/Core/Src/usart.c.obj
 .data.uart2_ctrl
                0x2000024c        0x8 CMakeFiles/bootloader.dir/Core/Src/usart.c.obj
 .data.SystemCoreClock
                0x20000254        0x4 CMakeFiles/bootloader.dir/Core/Src/system_stm32f4xx.c.obj
                0x20000254                SystemCoreClock
 .data.uwTickFreq
                0x20000258        0x1 CMakeFiles/bootloader.dir/Drivers/STM32F4xx_HAL_Driver/Src/stm32f4xx_hal.c.obj
                0x20000258                uwTickFreq
 *fill*         0x20000259        0x3 
 .data.uwTickPrio
                0x2000025c        0x4 CMakeFiles/bootloader.dir/Drivers/STM32F4xx_HAL_Driver/Src/stm32f4xx_hal.c.obj
                0x2000025c                uwTickPrio
 .data.pFlash   0x20000260       0x20 CMakeFiles/bootloader.dir/Drivers/STM32F4xx_HAL_Driver/Src/stm32f4xx_hal_flash.c.obj
                0x20000260                pFlash
                0x20000280                        . = ALIGN (0x4)
                0x20000280                        _edata = .

.tm_clone_table
                0x20000280        0x0 load address 0x0800a190
 .tm_clone_table
                0x20000280        0x0 F:/Compilation_toolchain/13.3 rel1/bin/../lib/gcc/arm-none-eabi/13.3.1/thumb/v7e-m+fp/hard/crtbegin.o
 .tm_clone_table
                0x20000280        0x0 F:/Compilation_toolchain/13.3 rel1/bin/../lib/gcc/arm-none-eabi/13.3.1/thumb/v7e-m+fp/hard/crtend.o

.igot.plt       0x20000280        0x0 load address 0x0800a190
 .igot.plt      0x20000280        0x0 F:/Compilation_toolchain/13.3 rel1/bin/../lib/gcc/arm-none-eabi/13.3.1/thumb/v7e-m+fp/hard/crtbegin.o

.bss            0x20000280      0x468 load address 0x0800a190
                0x20000280                        _sbss = .
                0x20000280                        __bss_start__ = _sbss
 *(.bss)
 *(.bss*)
 .bss.completed.1
                0x20000280        0x1 F:/Compilation_toolchain/13.3 rel1/bin/../lib/gcc/arm-none-eabi/13.3.1/thumb/v7e-m+fp/hard/crtbegin.o
 *fill*         0x20000281        0x3 
 .bss.object.0  0x20000284       0x18 F:/Compilation_toolchain/13.3 rel1/bin/../lib/gcc/arm-none-eabi/13.3.1/thumb/v7e-m+fp/hard/crtbegin.o
 .bss.__sf      0x2000029c      0x138 F:/Compilation_toolchain/13.3 rel1/bin/../lib/gcc/arm-none-eabi/13.3.1/thumb/v7e-m+fp/hard\libc_nano.a(libc_a-findfp.o)
                0x2000029c                __sf
 .bss.__stdio_exit_handler
                0x200003d4        0x4 F:/Compilation_toolchain/13.3 rel1/bin/../lib/gcc/arm-none-eabi/13.3.1/thumb/v7e-m+fp/hard\libc_nano.a(libc_a-findfp.o)
                0x200003d4                __stdio_exit_handler
 .bss.errno     0x200003d8        0x4 F:/Compilation_toolchain/13.3 rel1/bin/../lib/gcc/arm-none-eabi/13.3.1/thumb/v7e-m+fp/hard\libc_nano.a(libc_a-reent.o)
                0x200003d8                errno
 .bss.__lock___malloc_recursive_mutex
                0x200003dc        0x1 F:/Compilation_toolchain/13.3 rel1/bin/../lib/gcc/arm-none-eabi/13.3.1/thumb/v7e-m+fp/hard\libc_nano.a(libc_a-lock.o)
                0x200003dc                __lock___malloc_recursive_mutex
 .bss.__lock___sfp_recursive_mutex
                0x200003dd        0x1 F:/Compilation_toolchain/13.3 rel1/bin/../lib/gcc/arm-none-eabi/13.3.1/thumb/v7e-m+fp/hard\libc_nano.a(libc_a-lock.o)
                0x200003dd                __lock___sfp_recursive_mutex
 *fill*         0x200003de        0x2 
 .bss.__malloc_sbrk_start
                0x200003e0        0x4 F:/Compilation_toolchain/13.3 rel1/bin/../lib/gcc/arm-none-eabi/13.3.1/thumb/v7e-m+fp/hard\libc_nano.a(libc_a-mallocr.o)
                0x200003e0                __malloc_sbrk_start
 .bss.__malloc_free_list
                0x200003e4        0x4 F:/Compilation_toolchain/13.3 rel1/bin/../lib/gcc/arm-none-eabi/13.3.1/thumb/v7e-m+fp/hard\libc_nano.a(libc_a-mallocr.o)
                0x200003e4                __malloc_free_list
 .bss.i.0       0x200003e8        0x4 CMakeFiles/bootloader.dir/code/bootloader/bsp/src/debug.c.obj
 .bss.debug_rx_buf
                0x200003ec       0x80 CMakeFiles/bootloader.dir/code/bootloader/bsp/src/debug.c.obj
 .bss.debug_tx_buf
                0x2000046c       0x80 CMakeFiles/bootloader.dir/code/bootloader/bsp/src/debug.c.obj
 *fill*         0x200004ec        0x4 
 .bss.huart3    0x200004f0       0x48 CMakeFiles/bootloader.dir/Core/Src/usart.c.obj
                0x200004f0                huart3
 .bss.huart2    0x20000538       0x48 CMakeFiles/bootloader.dir/Core/Src/usart.c.obj
                0x20000538                huart2
 .bss.hdma_spi1_tx
                0x20000580       0x60 CMakeFiles/bootloader.dir/Core/Src/spi.c.obj
                0x20000580                hdma_spi1_tx
 .bss.hdma_spi1_rx
                0x200005e0       0x60 CMakeFiles/bootloader.dir/Core/Src/spi.c.obj
                0x200005e0                hdma_spi1_rx
 .bss.hspi1     0x20000640       0x58 CMakeFiles/bootloader.dir/Core/Src/spi.c.obj
                0x20000640                hspi1
 .bss.htim7     0x20000698       0x48 CMakeFiles/bootloader.dir/Core/Src/stm32f4xx_hal_timebase_tim.c.obj
                0x20000698                htim7
 .bss.uwTick    0x200006e0        0x4 CMakeFiles/bootloader.dir/Drivers/STM32F4xx_HAL_Driver/Src/stm32f4xx_hal.c.obj
                0x200006e0                uwTick
 .bss.__sbrk_heap_end
                0x200006e4        0x4 CMakeFiles/bootloader.dir/Core/Src/sysmem.c.obj
 *(COMMON)
                0x200006e8                        . = ALIGN (0x4)
                0x200006e8                        _ebss = .
                0x200006e8                        __bss_end__ = _ebss

._user_heap_stack
                0x200006e8      0x600 load address 0x0800a190
                0x200006e8                        . = ALIGN (0x8)
                [!provide]                        PROVIDE (end = .)
                0x200006e8                        PROVIDE (_end = .)
                0x200008e8                        . = (. + _Min_Heap_Size)
 *fill*         0x200006e8      0x200 
                0x20000ce8                        . = (. + _Min_Stack_Size)
 *fill*         0x200008e8      0x400 
                0x20000ce8                        . = ALIGN (0x8)

/DISCARD/
 libc.a(*)
 libm.a(*)
 libgcc.a(*)
OUTPUT(bootloader.elf elf32-littlearm)
LOAD linker stubs
LOAD F:/Compilation_toolchain/13.3 rel1/bin/../lib/gcc/arm-none-eabi/13.3.1/thumb/v7e-m+fp/hard\libc.a
LOAD F:/Compilation_toolchain/13.3 rel1/bin/../lib/gcc/arm-none-eabi/13.3.1/thumb/v7e-m+fp/hard\libm.a
LOAD F:/Compilation_toolchain/13.3 rel1/bin/../lib/gcc/arm-none-eabi/13.3.1/thumb/v7e-m+fp/hard\libgcc.a

.ARM.attributes
                0x00000000       0x30
 .ARM.attributes
                0x00000000       0x22 F:/Compilation_toolchain/13.3 rel1/bin/../lib/gcc/arm-none-eabi/13.3.1/thumb/v7e-m+fp/hard/crti.o
 .ARM.attributes
                0x00000022       0x34 F:/Compilation_toolchain/13.3 rel1/bin/../lib/gcc/arm-none-eabi/13.3.1/thumb/v7e-m+fp/hard/crtbegin.o
 .ARM.attributes
                0x00000056       0x34 F:/Compilation_toolchain/13.3 rel1/bin/../lib/gcc/arm-none-eabi/13.3.1/thumb/v7e-m+fp/hard\libc_nano.a(libc_a-nano-vfprintf_float.o)
 .ARM.attributes
                0x0000008a       0x34 F:/Compilation_toolchain/13.3 rel1/bin/../lib/gcc/arm-none-eabi/13.3.1/thumb/v7e-m+fp/hard\libc_nano.a(libc_a-nano-vfprintf_i.o)
 .ARM.attributes
                0x000000be       0x34 F:/Compilation_toolchain/13.3 rel1/bin/../lib/gcc/arm-none-eabi/13.3.1/thumb/v7e-m+fp/hard\libc_nano.a(libc_a-nano-vfscanf_float.o)
 .ARM.attributes
                0x000000f2       0x34 F:/Compilation_toolchain/13.3 rel1/bin/../lib/gcc/arm-none-eabi/13.3.1/thumb/v7e-m+fp/hard\libc_nano.a(libc_a-findfp.o)
 .ARM.attributes
                0x00000126       0x34 F:/Compilation_toolchain/13.3 rel1/bin/../lib/gcc/arm-none-eabi/13.3.1/thumb/v7e-m+fp/hard\libc_nano.a(libc_a-fwalk.o)
 .ARM.attributes
                0x0000015a       0x34 F:/Compilation_toolchain/13.3 rel1/bin/../lib/gcc/arm-none-eabi/13.3.1/thumb/v7e-m+fp/hard\libc_nano.a(libc_a-sprintf.o)
 .ARM.attributes
                0x0000018e       0x34 F:/Compilation_toolchain/13.3 rel1/bin/../lib/gcc/arm-none-eabi/13.3.1/thumb/v7e-m+fp/hard\libc_nano.a(libc_a-stdio.o)
 .ARM.attributes
                0x000001c2       0x34 F:/Compilation_toolchain/13.3 rel1/bin/../lib/gcc/arm-none-eabi/13.3.1/thumb/v7e-m+fp/hard\libc_nano.a(libc_a-memset.o)
 .ARM.attributes
                0x000001f6       0x34 F:/Compilation_toolchain/13.3 rel1/bin/../lib/gcc/arm-none-eabi/13.3.1/thumb/v7e-m+fp/hard\libc_nano.a(libc_a-localeconv.o)
 .ARM.attributes
                0x0000022a       0x34 F:/Compilation_toolchain/13.3 rel1/bin/../lib/gcc/arm-none-eabi/13.3.1/thumb/v7e-m+fp/hard\libc_nano.a(libc_a-closer.o)
 .ARM.attributes
                0x0000025e       0x34 F:/Compilation_toolchain/13.3 rel1/bin/../lib/gcc/arm-none-eabi/13.3.1/thumb/v7e-m+fp/hard\libc_nano.a(libc_a-reent.o)
 .ARM.attributes
                0x00000292       0x34 F:/Compilation_toolchain/13.3 rel1/bin/../lib/gcc/arm-none-eabi/13.3.1/thumb/v7e-m+fp/hard\libc_nano.a(libc_a-impure.o)
 .ARM.attributes
                0x000002c6       0x34 F:/Compilation_toolchain/13.3 rel1/bin/../lib/gcc/arm-none-eabi/13.3.1/thumb/v7e-m+fp/hard\libc_nano.a(libc_a-lseekr.o)
 .ARM.attributes
                0x000002fa       0x34 F:/Compilation_toolchain/13.3 rel1/bin/../lib/gcc/arm-none-eabi/13.3.1/thumb/v7e-m+fp/hard\libc_nano.a(libc_a-readr.o)
 .ARM.attributes
                0x0000032e       0x34 F:/Compilation_toolchain/13.3 rel1/bin/../lib/gcc/arm-none-eabi/13.3.1/thumb/v7e-m+fp/hard\libc_nano.a(libc_a-writer.o)
 .ARM.attributes
                0x00000362       0x34 F:/Compilation_toolchain/13.3 rel1/bin/../lib/gcc/arm-none-eabi/13.3.1/thumb/v7e-m+fp/hard\libc_nano.a(libc_a-init.o)
 .ARM.attributes
                0x00000396       0x34 F:/Compilation_toolchain/13.3 rel1/bin/../lib/gcc/arm-none-eabi/13.3.1/thumb/v7e-m+fp/hard\libc_nano.a(libc_a-lock.o)
 .ARM.attributes
                0x000003ca       0x1c F:/Compilation_toolchain/13.3 rel1/bin/../lib/gcc/arm-none-eabi/13.3.1/thumb/v7e-m+fp/hard\libc_nano.a(libc_a-memchr.o)
 .ARM.attributes
                0x000003e6       0x17 F:/Compilation_toolchain/13.3 rel1/bin/../lib/gcc/arm-none-eabi/13.3.1/thumb/v7e-m+fp/hard\libc_nano.a(libc_a-strlen.o)
 .ARM.attributes
                0x000003fd       0x34 F:/Compilation_toolchain/13.3 rel1/bin/../lib/gcc/arm-none-eabi/13.3.1/thumb/v7e-m+fp/hard\libc_nano.a(libm_a-sf_nan.o)
 .ARM.attributes
                0x00000431       0x34 F:/Compilation_toolchain/13.3 rel1/bin/../lib/gcc/arm-none-eabi/13.3.1/thumb/v7e-m+fp/hard\libc_nano.a(libc_a-dtoa.o)
 .ARM.attributes
                0x00000465       0x34 F:/Compilation_toolchain/13.3 rel1/bin/../lib/gcc/arm-none-eabi/13.3.1/thumb/v7e-m+fp/hard\libc_nano.a(libc_a-freer.o)
 .ARM.attributes
                0x00000499       0x34 F:/Compilation_toolchain/13.3 rel1/bin/../lib/gcc/arm-none-eabi/13.3.1/thumb/v7e-m+fp/hard\libc_nano.a(libc_a-malloc.o)
 .ARM.attributes
                0x000004cd       0x34 F:/Compilation_toolchain/13.3 rel1/bin/../lib/gcc/arm-none-eabi/13.3.1/thumb/v7e-m+fp/hard\libc_nano.a(libc_a-mallocr.o)
 .ARM.attributes
                0x00000501       0x34 F:/Compilation_toolchain/13.3 rel1/bin/../lib/gcc/arm-none-eabi/13.3.1/thumb/v7e-m+fp/hard\libc_nano.a(libc_a-mlock.o)
 .ARM.attributes
                0x00000535       0x34 F:/Compilation_toolchain/13.3 rel1/bin/../lib/gcc/arm-none-eabi/13.3.1/thumb/v7e-m+fp/hard\libc_nano.a(libc_a-mprec.o)
 .ARM.attributes
                0x00000569       0x34 F:/Compilation_toolchain/13.3 rel1/bin/../lib/gcc/arm-none-eabi/13.3.1/thumb/v7e-m+fp/hard\libc_nano.a(libc_a-strtod.o)
 .ARM.attributes
                0x0000059d       0x34 F:/Compilation_toolchain/13.3 rel1/bin/../lib/gcc/arm-none-eabi/13.3.1/thumb/v7e-m+fp/hard\libc_nano.a(libc_a-strtol.o)
 .ARM.attributes
                0x000005d1       0x34 F:/Compilation_toolchain/13.3 rel1/bin/../lib/gcc/arm-none-eabi/13.3.1/thumb/v7e-m+fp/hard\libc_nano.a(libc_a-ctype_.o)
 .ARM.attributes
                0x00000605       0x34 F:/Compilation_toolchain/13.3 rel1/bin/../lib/gcc/arm-none-eabi/13.3.1/thumb/v7e-m+fp/hard\libc_nano.a(libc_a-nano-svfprintf.o)
 .ARM.attributes
                0x00000639       0x34 F:/Compilation_toolchain/13.3 rel1/bin/../lib/gcc/arm-none-eabi/13.3.1/thumb/v7e-m+fp/hard\libc_nano.a(libc_a-fflush.o)
 .ARM.attributes
                0x0000066d       0x34 F:/Compilation_toolchain/13.3 rel1/bin/../lib/gcc/arm-none-eabi/13.3.1/thumb/v7e-m+fp/hard\libc_nano.a(libc_a-memmove.o)
 .ARM.attributes
                0x000006a1       0x34 F:/Compilation_toolchain/13.3 rel1/bin/../lib/gcc/arm-none-eabi/13.3.1/thumb/v7e-m+fp/hard\libc_nano.a(libc_a-strncmp.o)
 .ARM.attributes
                0x000006d5       0x34 F:/Compilation_toolchain/13.3 rel1/bin/../lib/gcc/arm-none-eabi/13.3.1/thumb/v7e-m+fp/hard\libc_nano.a(libc_a-locale.o)
 .ARM.attributes
                0x00000709       0x34 F:/Compilation_toolchain/13.3 rel1/bin/../lib/gcc/arm-none-eabi/13.3.1/thumb/v7e-m+fp/hard\libc_nano.a(libc_a-sbrkr.o)
 .ARM.attributes
                0x0000073d       0x34 F:/Compilation_toolchain/13.3 rel1/bin/../lib/gcc/arm-none-eabi/13.3.1/thumb/v7e-m+fp/hard\libc_nano.a(libc_a-errno.o)
 .ARM.attributes
                0x00000771       0x34 F:/Compilation_toolchain/13.3 rel1/bin/../lib/gcc/arm-none-eabi/13.3.1/thumb/v7e-m+fp/hard\libc_nano.a(libc_a-memcpy-stub.o)
 .ARM.attributes
                0x000007a5       0x34 F:/Compilation_toolchain/13.3 rel1/bin/../lib/gcc/arm-none-eabi/13.3.1/thumb/v7e-m+fp/hard\libc_nano.a(libm_a-s_nan.o)
 .ARM.attributes
                0x000007d9       0x34 F:/Compilation_toolchain/13.3 rel1/bin/../lib/gcc/arm-none-eabi/13.3.1/thumb/v7e-m+fp/hard\libc_nano.a(libc_a-assert.o)
 .ARM.attributes
                0x0000080d       0x34 F:/Compilation_toolchain/13.3 rel1/bin/../lib/gcc/arm-none-eabi/13.3.1/thumb/v7e-m+fp/hard\libc_nano.a(libc_a-callocr.o)
 .ARM.attributes
                0x00000841       0x34 F:/Compilation_toolchain/13.3 rel1/bin/../lib/gcc/arm-none-eabi/13.3.1/thumb/v7e-m+fp/hard\libc_nano.a(libc_a-gdtoa-gethex.o)
 .ARM.attributes
                0x00000875       0x34 F:/Compilation_toolchain/13.3 rel1/bin/../lib/gcc/arm-none-eabi/13.3.1/thumb/v7e-m+fp/hard\libc_nano.a(libc_a-gdtoa-hexnan.o)
 .ARM.attributes
                0x000008a9       0x34 F:/Compilation_toolchain/13.3 rel1/bin/../lib/gcc/arm-none-eabi/13.3.1/thumb/v7e-m+fp/hard\libc_nano.a(libc_a-mbtowc_r.o)
 .ARM.attributes
                0x000008dd       0x34 F:/Compilation_toolchain/13.3 rel1/bin/../lib/gcc/arm-none-eabi/13.3.1/thumb/v7e-m+fp/hard\libc_nano.a(libc_a-reallocr.o)
 .ARM.attributes
                0x00000911       0x34 F:/Compilation_toolchain/13.3 rel1/bin/../lib/gcc/arm-none-eabi/13.3.1/thumb/v7e-m+fp/hard\libc_nano.a(libc_a-wctomb_r.o)
 .ARM.attributes
                0x00000945       0x34 F:/Compilation_toolchain/13.3 rel1/bin/../lib/gcc/arm-none-eabi/13.3.1/thumb/v7e-m+fp/hard\libc_nano.a(libc_a-fprintf.o)
 .ARM.attributes
                0x00000979       0x34 F:/Compilation_toolchain/13.3 rel1/bin/../lib/gcc/arm-none-eabi/13.3.1/thumb/v7e-m+fp/hard\libc_nano.a(libc_a-abort.o)
 .ARM.attributes
                0x000009ad       0x34 F:/Compilation_toolchain/13.3 rel1/bin/../lib/gcc/arm-none-eabi/13.3.1/thumb/v7e-m+fp/hard\libc_nano.a(libc_a-msizer.o)
 .ARM.attributes
                0x000009e1       0x34 F:/Compilation_toolchain/13.3 rel1/bin/../lib/gcc/arm-none-eabi/13.3.1/thumb/v7e-m+fp/hard\libc_nano.a(libc_a-nano-vfprintf.o)
 .ARM.attributes
                0x00000a15       0x34 F:/Compilation_toolchain/13.3 rel1/bin/../lib/gcc/arm-none-eabi/13.3.1/thumb/v7e-m+fp/hard\libc_nano.a(libc_a-wbuf.o)
 .ARM.attributes
                0x00000a49       0x34 F:/Compilation_toolchain/13.3 rel1/bin/../lib/gcc/arm-none-eabi/13.3.1/thumb/v7e-m+fp/hard\libc_nano.a(libc_a-wsetup.o)
 .ARM.attributes
                0x00000a7d       0x34 F:/Compilation_toolchain/13.3 rel1/bin/../lib/gcc/arm-none-eabi/13.3.1/thumb/v7e-m+fp/hard\libc_nano.a(libc_a-signal.o)
 .ARM.attributes
                0x00000ab1       0x34 F:/Compilation_toolchain/13.3 rel1/bin/../lib/gcc/arm-none-eabi/13.3.1/thumb/v7e-m+fp/hard\libc_nano.a(libc_a-signalr.o)
 .ARM.attributes
                0x00000ae5       0x34 F:/Compilation_toolchain/13.3 rel1/bin/../lib/gcc/arm-none-eabi/13.3.1/thumb/v7e-m+fp/hard\libc_nano.a(libc_a-makebuf.o)
 .ARM.attributes
                0x00000b19       0x34 F:/Compilation_toolchain/13.3 rel1/bin/../lib/gcc/arm-none-eabi/13.3.1/thumb/v7e-m+fp/hard\libc_nano.a(libc_a-fstatr.o)
 .ARM.attributes
                0x00000b4d       0x34 F:/Compilation_toolchain/13.3 rel1/bin/../lib/gcc/arm-none-eabi/13.3.1/thumb/v7e-m+fp/hard\libc_nano.a(libc_a-isattyr.o)
 .ARM.attributes
                0x00000b81       0x34 CMakeFiles/bootloader.dir/code/bootloader/boot/src/boot_it.c.obj
 .ARM.attributes
                0x00000bb5       0x34 CMakeFiles/bootloader.dir/code/bootloader/boot/src/boot_main.c.obj
 .ARM.attributes
                0x00000be9       0x34 CMakeFiles/bootloader.dir/code/bootloader/boot/src/callback.c.obj
 .ARM.attributes
                0x00000c1d       0x34 CMakeFiles/bootloader.dir/code/bootloader/boot/src/iap.c.obj
 .ARM.attributes
                0x00000c51       0x34 CMakeFiles/bootloader.dir/code/bootloader/bsp/src/debug.c.obj
 .ARM.attributes
                0x00000c85       0x34 CMakeFiles/bootloader.dir/code/bootloader/bsp/src/w25qxx.c.obj
 .ARM.attributes
                0x00000cb9       0x21 CMakeFiles/bootloader.dir/startup_stm32f407xx_boot.s.obj
 .ARM.attributes
                0x00000cda       0x34 CMakeFiles/bootloader.dir/Drivers/STM32F4xx_HAL_Driver/Src/stm32f4xx_hal_gpio.c.obj
 .ARM.attributes
                0x00000d0e       0x34 CMakeFiles/bootloader.dir/Drivers/STM32F4xx_HAL_Driver/Src/stm32f4xx_hal_uart.c.obj
 .ARM.attributes
                0x00000d42       0x34 CMakeFiles/bootloader.dir/Drivers/STM32F4xx_HAL_Driver/Src/stm32f4xx_hal_dma.c.obj
 .ARM.attributes
                0x00000d76       0x34 CMakeFiles/bootloader.dir/Drivers/STM32F4xx_HAL_Driver/Src/stm32f4xx_hal_tim.c.obj
 .ARM.attributes
                0x00000daa       0x34 CMakeFiles/bootloader.dir/Drivers/STM32F4xx_HAL_Driver/Src/stm32f4xx_hal_spi.c.obj
 .ARM.attributes
                0x00000dde       0x34 CMakeFiles/bootloader.dir/Drivers/STM32F4xx_HAL_Driver/Src/stm32f4xx_hal_tim_ex.c.obj
 .ARM.attributes
                0x00000e12       0x34 CMakeFiles/bootloader.dir/Core/Src/usart.c.obj
 .ARM.attributes
                0x00000e46       0x34 CMakeFiles/bootloader.dir/Core/Src/spi.c.obj
 .ARM.attributes